[   0] idx=   10 n=  1560 targets_identical=True max|Δ|=2.619e-10 scale-rel=1.060e-06 elem-rel=1.864e-06 MAPE tf=12.2667 torch=12.2667
[   1] idx=   23 n=  1680 targets_identical=True max|Δ|=1.164e-10 scale-rel=1.104e-06 elem-rel=3.584e-06 MAPE tf=14.9114 torch=14.9114
[   2] idx=   55 n=  2200 targets_identical=True max|Δ|=1.819e-10 scale-rel=9.788e-07 elem-rel=2.117e-06 MAPE tf=12.5467 torch=12.5467
[   3] idx=   57 n=  2200 targets_identical=True max|Δ|=4.657e-10 scale-rel=2.882e-06 elem-rel=4.982e-06 MAPE tf=13.3969 torch=13.3969
WARNING:tensorflow:5 out of the last 5 calls to <function RouteNetGauss.call at 0x704856bf43a0> triggered tf.function retracing. Tracing is expensive and the excessive number of tracings could be due to (1) creating @tf.function repeatedly in a loop, (2) passing tensors with different shapes, (3) passing Python objects instead of tensors. For (1), please define your @tf.function outside of the loop. For (2), @tf.function has reduce_retracing=True option that can avoid unnecessary retracing. For (3), please refer to https://www.tensorflow.org/guide/function#controlling_retracing and https://www.tensorflow.org/api_docs/python/tf/function for  more details.
[   4] idx=   59 n=  1160 targets_identical=True max|Δ|=1.382e-10 scale-rel=9.512e-07 elem-rel=1.564e-06 MAPE tf=10.7369 torch=10.7369
WARNING:tensorflow:6 out of the last 6 calls to <function RouteNetGauss.call at 0x704856bf43a0> triggered tf.function retracing. Tracing is expensive and the excessive number of tracings could be due to (1) creating @tf.function repeatedly in a loop, (2) passing tensors with different shapes, (3) passing Python objects instead of tensors. For (1), please define your @tf.function outside of the loop. For (2), @tf.function has reduce_retracing=True option that can avoid unnecessary retracing. For (3), please refer to https://www.tensorflow.org/guide/function#controlling_retracing and https://www.tensorflow.org/api_docs/python/tf/function for  more details.
[   5] idx=   64 n=  1479 targets_identical=True max|Δ|=2.110e-10 scale-rel=1.134e-06 elem-rel=4.731e-06 MAPE tf=15.4108 torch=15.4108
[   6] idx=   71 n=  2080 targets_identical=True max|Δ|=2.110e-10 scale-rel=1.274e-06 elem-rel=3.939e-06 MAPE tf=15.9406 torch=15.9406
[   7] idx=   79 n=  1320 targets_identical=True max|Δ|=1.965e-10 scale-rel=1.065e-06 elem-rel=1.758e-06 MAPE tf=14.1596 torch=14.1596
[   8] idx=  111 n=  1560 targets_identical=True max|Δ|=1.310e-10 scale-rel=7.068e-07 elem-rel=1.741e-06 MAPE tf=12.4440 torch=12.4440
[   9] idx=  143 n=  1680 targets_identical=True max|Δ|=1.164e-10 scale-rel=9.050e-07 elem-rel=4.725e-06 MAPE tf=13.4376 torch=13.4376
[  10] idx=  155 n=  2160 targets_identical=True max|Δ|=2.910e-10 scale-rel=1.368e-06 elem-rel=2.170e-06 MAPE tf=13.2812 torch=13.2812
[  11] idx=  185 n=  1437 targets_identical=True max|Δ|=1.164e-10 scale-rel=5.787e-07 elem-rel=4.389e-06 MAPE tf=13.2159 torch=13.2159
[  12] idx=  188 n=   800 targets_identical=True max|Δ|=5.457e-11 scale-rel=6.936e-07 elem-rel=4.861e-06 MAPE tf=20.7742 torch=20.7742
[  13] idx=  195 n=  1640 targets_identical=True max|Δ|=1.819e-10 scale-rel=1.112e-06 elem-rel=2.135e-06 MAPE tf=13.5518 torch=13.5518
[  14] idx=  196 n=  1680 targets_identical=True max|Δ|=1.310e-10 scale-rel=8.999e-07 elem-rel=2.956e-06 MAPE tf=18.7353 torch=18.7353
[  15] idx=  212 n=  2240 targets_identical=True max|Δ|=2.692e-10 scale-rel=2.695e-06 elem-rel=7.689e-06 MAPE tf=23.3784 torch=23.3784
[  16] idx=  215 n=  1200 targets_identical=True max|Δ|=2.619e-10 scale-rel=1.574e-06 elem-rel=2.863e-06 MAPE tf=11.9588 torch=11.9588
[  17] idx=  221 n=  1320 targets_identical=True max|Δ|=2.037e-10 scale-rel=1.098e-06 elem-rel=1.957e-06 MAPE tf=10.5138 torch=10.5138
[  18] idx=  247 n=  1280 targets_identical=True max|Δ|=1.091e-10 scale-rel=6.173e-07 elem-rel=3.073e-06 MAPE tf=11.7792 torch=11.7792
[  19] idx=  249 n=   760 targets_identical=True max|Δ|=1.164e-10 scale-rel=6.257e-07 elem-rel=2.274e-06 MAPE tf=11.3990 torch=11.3990
[  20] idx=  264 n=  1680 targets_identical=True max|Δ|=1.164e-10 scale-rel=7.714e-07 elem-rel=3.403e-06 MAPE tf=12.1537 torch=12.1537
[  21] idx=  271 n=  1680 targets_identical=True max|Δ|=1.310e-10 scale-rel=7.244e-07 elem-rel=2.564e-06 MAPE tf=12.5145 torch=12.5145
[  22] idx=  280 n=  1600 targets_identical=True max|Δ|=2.619e-10 scale-rel=1.412e-06 elem-rel=2.921e-06 MAPE tf=13.2094 torch=13.2094
[  23] idx=  285 n=   480 targets_identical=True max|Δ|=1.164e-10 scale-rel=1.084e-06 elem-rel=2.754e-06 MAPE tf=12.2620 torch=12.2620
[  24] idx=  289 n=  2200 targets_identical=True max|Δ|=1.455e-10 scale-rel=7.770e-07 elem-rel=5.046e-06 MAPE tf=15.8879 torch=15.8879
[  25] idx=  299 n=  2160 targets_identical=True max|Δ|=3.274e-10 scale-rel=1.447e-06 elem-rel=1.211e-05 MAPE tf=13.3226 torch=13.3226
[  26] idx=  300 n=  2040 targets_identical=True max|Δ|=1.601e-10 scale-rel=7.639e-07 elem-rel=1.757e-06 MAPE tf=12.2796 torch=12.2796
[  27] idx=  312 n=  1160 targets_identical=True max|Δ|=3.201e-10 scale-rel=1.743e-06 elem-rel=2.420e-06 MAPE tf=13.6708 torch=13.6708
[  28] idx=  321 n=   680 targets_identical=True max|Δ|=8.367e-11 scale-rel=1.020e-06 elem-rel=1.209e-05 MAPE tf=32.3485 torch=32.3485
[  29] idx=  343 n=  1640 targets_identical=True max|Δ|=2.656e-10 scale-rel=3.264e-06 elem-rel=7.859e-06 MAPE tf=23.1407 torch=23.1407
[  30] idx=  358 n=  2240 targets_identical=True max|Δ|=1.528e-10 scale-rel=9.047e-07 elem-rel=3.313e-06 MAPE tf=14.0209 torch=14.0209
[  31] idx=  359 n=  1640 targets_identical=True max|Δ|=3.201e-10 scale-rel=1.772e-06 elem-rel=2.723e-06 MAPE tf=10.8374 torch=10.8374
[  32] idx=  364 n=  1680 targets_identical=True max|Δ|=1.965e-10 scale-rel=1.122e-06 elem-rel=2.321e-06 MAPE tf=13.2574 torch=13.2574
[  33] idx=  371 n=  2240 targets_identical=True max|Δ|=1.164e-10 scale-rel=6.745e-07 elem-rel=4.480e-06 MAPE tf=14.7130 torch=14.7130
[  34] idx=  373 n=   800 targets_identical=True max|Δ|=1.528e-10 scale-rel=9.559e-07 elem-rel=2.672e-06 MAPE tf=13.1126 torch=13.1126
[  35] idx=  380 n=   800 targets_identical=True max|Δ|=5.821e-11 scale-rel=5.173e-07 elem-rel=2.029e-06 MAPE tf=11.6793 torch=11.6793
[  36] idx=  403 n=  1160 targets_identical=True max|Δ|=1.455e-10 scale-rel=7.825e-07 elem-rel=1.849e-06 MAPE tf=11.9324 torch=11.9324
[  37] idx=  414 n=  2079 targets_identical=True max|Δ|=1.892e-10 scale-rel=9.034e-07 elem-rel=1.961e-06 MAPE tf=13.6645 torch=13.6645
[  38] idx=  422 n=   640 targets_identical=True max|Δ|=1.164e-10 scale-rel=6.587e-07 elem-rel=2.560e-06 MAPE tf=11.3169 torch=11.3169
[  39] idx=  454 n=  1600 targets_identical=True max|Δ|=2.910e-10 scale-rel=1.630e-06 elem-rel=2.947e-06 MAPE tf=13.0830 torch=13.0830
[  40] idx=  465 n=   800 targets_identical=True max|Δ|=9.823e-11 scale-rel=1.271e-06 elem-rel=6.512e-06 MAPE tf=17.8799 torch=17.8798
[  41] idx=  468 n=  1680 targets_identical=True max|Δ|=1.601e-10 scale-rel=1.133e-06 elem-rel=1.701e-06 MAPE tf=12.6761 torch=12.6761
[  42] idx=  478 n=  1160 targets_identical=True max|Δ|=9.459e-11 scale-rel=7.775e-07 elem-rel=1.906e-06 MAPE tf=13.0338 torch=13.0338
[  43] idx=  489 n=  1200 targets_identical=True max|Δ|=1.310e-10 scale-rel=7.064e-07 elem-rel=2.706e-06 MAPE tf=13.5943 torch=13.5943
[  44] idx=  507 n=   720 targets_identical=True max|Δ|=7.640e-11 scale-rel=9.761e-07 elem-rel=1.191e-05 MAPE tf=19.7839 torch=19.7839
[  45] idx=  536 n=  1119 targets_identical=True max|Δ|=2.183e-10 scale-rel=1.328e-06 elem-rel=2.405e-06 MAPE tf=10.5863 torch=10.5863
[  46] idx=  568 n=   720 targets_identical=True max|Δ|=1.564e-10 scale-rel=1.499e-06 elem-rel=1.198e-05 MAPE tf=29.7305 torch=29.7305
[  47] idx=  577 n=  1640 targets_identical=True max|Δ|=2.183e-10 scale-rel=9.159e-07 elem-rel=3.459e-06 MAPE tf=12.8154 torch=12.8154
[  48] idx=  579 n=  1680 targets_identical=True max|Δ|=2.619e-10 scale-rel=1.555e-06 elem-rel=3.121e-06 MAPE tf=11.3005 torch=11.3005
[  49] idx=  591 n=  1640 targets_identical=True max|Δ|=2.474e-10 scale-rel=1.345e-06 elem-rel=2.571e-06 MAPE tf=12.4443 torch=12.4443
[  50] idx=  594 n=   640 targets_identical=True max|Δ|=1.310e-10 scale-rel=7.974e-07 elem-rel=2.235e-06 MAPE tf=13.5841 torch=13.5841
[  51] idx=  608 n=  1200 targets_identical=True max|Δ|=1.601e-10 scale-rel=1.146e-06 elem-rel=2.466e-06 MAPE tf=14.4284 torch=14.4284
[  52] idx=  634 n=  1240 targets_identical=True max|Δ|=1.819e-10 scale-rel=1.030e-06 elem-rel=2.693e-06 MAPE tf=13.1028 torch=13.1028
[  53] idx=  635 n=  1920 targets_identical=True max|Δ|=2.183e-10 scale-rel=8.849e-07 elem-rel=1.676e-06 MAPE tf=12.8942 torch=12.8942
[  54] idx=  644 n=  2160 targets_identical=True max|Δ|=2.183e-10 scale-rel=1.192e-06 elem-rel=2.584e-06 MAPE tf=13.1163 torch=13.1163
[  55] idx=  672 n=  1680 targets_identical=True max|Δ|=1.601e-10 scale-rel=1.171e-06 elem-rel=3.372e-06 MAPE tf=12.8330 torch=12.8330
[  56] idx=  677 n=  1440 targets_identical=True max|Δ|=2.838e-10 scale-rel=1.696e-06 elem-rel=2.775e-06 MAPE tf=11.6239 torch=11.6239
[  57] idx=  697 n=  1680 targets_identical=True max|Δ|=2.474e-10 scale-rel=1.387e-06 elem-rel=1.836e-06 MAPE tf=12.4968 torch=12.4968
[  58] idx=  701 n=  1680 targets_identical=True max|Δ|=3.201e-10 scale-rel=1.825e-06 elem-rel=3.152e-06 MAPE tf=12.3986 torch=12.3986
[  59] idx=  710 n=  1680 targets_identical=True max|Δ|=3.492e-10 scale-rel=1.516e-06 elem-rel=2.893e-06 MAPE tf=10.6658 torch=10.6658
[  60] idx=  716 n=  1400 targets_identical=True max|Δ|=2.692e-10 scale-rel=1.091e-06 elem-rel=4.053e-06 MAPE tf=13.5570 torch=13.5570
[  61] idx=  727 n=   760 targets_identical=True max|Δ|=5.093e-11 scale-rel=4.371e-07 elem-rel=2.189e-06 MAPE tf=11.5689 torch=11.5689
[  62] idx=  750 n=  1680 targets_identical=True max|Δ|=8.731e-11 scale-rel=8.794e-07 elem-rel=3.897e-06 MAPE tf=16.7796 torch=16.7796
[  63] idx=  751 n=   800 targets_identical=True max|Δ|=1.237e-10 scale-rel=8.100e-07 elem-rel=2.391e-06 MAPE tf=9.5089 torch=9.5089
[  64] idx=  757 n=   720 targets_identical=True max|Δ|=1.091e-10 scale-rel=5.902e-07 elem-rel=3.078e-06 MAPE tf=11.7619 torch=11.7619
[  65] idx=  761 n=   800 targets_identical=True max|Δ|=1.455e-10 scale-rel=7.699e-07 elem-rel=2.682e-06 MAPE tf=14.5573 torch=14.5573
[  66] idx=  785 n=   720 targets_identical=True max|Δ|=2.256e-10 scale-rel=1.283e-06 elem-rel=2.635e-06 MAPE tf=11.7647 torch=11.7647
[  67] idx=  798 n=  1680 targets_identical=True max|Δ|=6.548e-10 scale-rel=2.920e-06 elem-rel=3.724e-06 MAPE tf=12.1008 torch=12.1008
[  68] idx=  827 n=  1920 targets_identical=True max|Δ|=2.037e-10 scale-rel=1.104e-06 elem-rel=2.824e-06 MAPE tf=12.6198 torch=12.6198
[  69] idx=  833 n=  1680 targets_identical=True max|Δ|=1.746e-10 scale-rel=1.157e-06 elem-rel=2.500e-06 MAPE tf=14.9323 torch=14.9323
[  70] idx=  841 n=  1920 targets_identical=True max|Δ|=2.328e-10 scale-rel=1.204e-06 elem-rel=1.434e-06 MAPE tf=12.3513 torch=12.3513
[  71] idx=  877 n=  1360 targets_identical=True max|Δ|=2.037e-10 scale-rel=1.188e-06 elem-rel=2.703e-06 MAPE tf=11.2284 torch=11.2284
[  72] idx=  878 n=  1200 targets_identical=True max|Δ|=1.128e-10 scale-rel=9.237e-07 elem-rel=3.540e-06 MAPE tf=15.6374 torch=15.6374
[  73] idx=  889 n=  1519 targets_identical=True max|Δ|=2.037e-10 scale-rel=1.096e-06 elem-rel=1.975e-06 MAPE tf=13.2601 torch=13.2601
[  74] idx=  899 n=  2200 targets_identical=True max|Δ|=5.675e-10 scale-rel=2.759e-06 elem-rel=5.579e-06 MAPE tf=12.0291 torch=12.0291
[  75] idx=  937 n=  1200 targets_identical=True max|Δ|=9.459e-11 scale-rel=5.543e-07 elem-rel=3.236e-06 MAPE tf=13.7262 torch=13.7262
[  76] idx=  953 n=  2200 targets_identical=True max|Δ|=1.528e-10 scale-rel=1.472e-06 elem-rel=5.305e-06 MAPE tf=22.3935 torch=22.3935
[  77] idx=  959 n=   800 targets_identical=True max|Δ|=1.091e-10 scale-rel=9.241e-07 elem-rel=3.770e-06 MAPE tf=12.4776 torch=12.4776
[  78] idx=  968 n=  1680 targets_identical=True max|Δ|=3.347e-10 scale-rel=1.885e-06 elem-rel=2.588e-06 MAPE tf=12.3613 torch=12.3613
[  79] idx=  970 n=  1200 targets_identical=True max|Δ|=1.237e-10 scale-rel=1.109e-06 elem-rel=2.220e-06 MAPE tf=11.0126 torch=11.0126
[  80] idx= 1021 n=   840 targets_identical=True max|Δ|=1.673e-10 scale-rel=1.424e-06 elem-rel=2.401e-06 MAPE tf=12.2383 torch=12.2383
[  81] idx= 1024 n=  1680 targets_identical=True max|Δ|=2.037e-10 scale-rel=1.199e-06 elem-rel=2.922e-06 MAPE tf=15.2214 torch=15.2214
[  82] idx= 1055 n=  1280 targets_identical=True max|Δ|=1.601e-10 scale-rel=8.810e-07 elem-rel=1.817e-06 MAPE tf=13.0081 torch=13.0081
[  83] idx= 1067 n=  1478 targets_identical=True max|Δ|=1.892e-10 scale-rel=8.137e-07 elem-rel=2.424e-06 MAPE tf=14.1336 torch=14.1336
[  84] idx= 1092 n=  2200 targets_identical=True max|Δ|=3.383e-10 scale-rel=3.331e-06 elem-rel=1.215e-05 MAPE tf=17.4180 torch=17.4180
[  85] idx= 1113 n=  2200 targets_identical=True max|Δ|=2.183e-10 scale-rel=1.662e-06 elem-rel=5.975e-06 MAPE tf=16.0768 torch=16.0768
[  86] idx= 1127 n=   720 targets_identical=True max|Δ|=7.276e-11 scale-rel=7.616e-07 elem-rel=3.583e-06 MAPE tf=11.7937 torch=11.7937
[  87] idx= 1134 n=  1200 targets_identical=True max|Δ|=7.276e-11 scale-rel=7.095e-07 elem-rel=3.743e-06 MAPE tf=17.7822 torch=17.7822
[  88] idx= 1139 n=  1600 targets_identical=True max|Δ|=2.037e-10 scale-rel=1.388e-06 elem-rel=2.519e-06 MAPE tf=12.2674 torch=12.2674
[  89] idx= 1164 n=  1680 targets_identical=True max|Δ|=8.004e-11 scale-rel=6.702e-07 elem-rel=6.349e-06 MAPE tf=19.1378 torch=19.1378
[  90] idx= 1173 n=  2240 targets_identical=True max|Δ|=1.455e-10 scale-rel=8.298e-07 elem-rel=2.755e-06 MAPE tf=14.2490 torch=14.2490
[  91] idx= 1212 n=   800 targets_identical=True max|Δ|=1.455e-10 scale-rel=1.248e-06 elem-rel=2.915e-06 MAPE tf=11.8844 torch=11.8844
[  92] idx= 1230 n=  1040 targets_identical=True max|Δ|=1.455e-10 scale-rel=7.830e-07 elem-rel=2.452e-06 MAPE tf=11.2298 torch=11.2298
[  93] idx= 1237 n=  1200 targets_identical=True max|Δ|=2.401e-10 scale-rel=2.398e-06 elem-rel=5.910e-06 MAPE tf=23.2628 torch=23.2628
[  94] idx= 1251 n=   800 targets_identical=True max|Δ|=6.548e-11 scale-rel=6.537e-07 elem-rel=2.753e-06 MAPE tf=12.9243 torch=12.9243
[  95] idx= 1252 n=   800 targets_identical=True max|Δ|=2.037e-10 scale-rel=2.019e-06 elem-rel=3.248e-06 MAPE tf=19.0460 torch=19.0460
[  96] idx= 1287 n=  1600 targets_identical=True max|Δ|=1.601e-10 scale-rel=1.195e-06 elem-rel=2.038e-06 MAPE tf=12.7159 torch=12.7159
[  97] idx= 1299 n=   680 targets_identical=True max|Δ|=5.821e-11 scale-rel=7.494e-07 elem-rel=3.694e-06 MAPE tf=26.1968 torch=26.1968
[  98] idx= 1307 n=  1760 targets_identical=True max|Δ|=1.746e-10 scale-rel=9.390e-07 elem-rel=1.519e-06 MAPE tf=12.2754 torch=12.2754
[  99] idx= 1326 n=  1680 targets_identical=True max|Δ|=4.147e-10 scale-rel=2.328e-06 elem-rel=3.486e-06 MAPE tf=12.3844 torch=12.3844
[ 100] idx= 1329 n=  1240 targets_identical=True max|Δ|=1.892e-10 scale-rel=1.022e-06 elem-rel=2.539e-06 MAPE tf=12.0548 torch=12.0548
[ 101] idx= 1333 n=   720 targets_identical=True max|Δ|=9.459e-11 scale-rel=7.641e-07 elem-rel=3.380e-06 MAPE tf=10.1710 torch=10.1710
[ 102] idx= 1342 n=  1320 targets_identical=True max|Δ|=1.455e-10 scale-rel=7.906e-07 elem-rel=1.416e-06 MAPE tf=13.2956 torch=13.2956
[ 103] idx= 1354 n=  1680 targets_identical=True max|Δ|=3.347e-10 scale-rel=2.019e-06 elem-rel=2.344e-06 MAPE tf=11.9043 torch=11.9043
[ 104] idx= 1367 n=  1200 targets_identical=True max|Δ|=2.256e-10 scale-rel=1.222e-06 elem-rel=2.644e-06 MAPE tf=11.6038 torch=11.6038
[ 105] idx= 1369 n=  1120 targets_identical=True max|Δ|=2.037e-10 scale-rel=1.657e-06 elem-rel=2.544e-06 MAPE tf=12.8310 torch=12.8310
[ 106] idx= 1400 n=  2160 targets_identical=True max|Δ|=2.947e-10 scale-rel=2.230e-06 elem-rel=5.122e-06 MAPE tf=19.7813 torch=19.7813
[ 107] idx= 1415 n=   800 targets_identical=True max|Δ|=4.366e-11 scale-rel=4.372e-07 elem-rel=3.138e-06 MAPE tf=12.4969 torch=12.4969
[ 108] idx= 1418 n=   760 targets_identical=True max|Δ|=4.729e-11 scale-rel=5.389e-07 elem-rel=4.700e-06 MAPE tf=17.1290 torch=17.1290
[ 109] idx= 1432 n=  1040 targets_identical=True max|Δ|=2.037e-10 scale-rel=8.893e-07 elem-rel=2.843e-06 MAPE tf=12.8088 torch=12.8088
[ 110] idx= 1444 n=  1000 targets_identical=True max|Δ|=1.965e-10 scale-rel=1.329e-06 elem-rel=2.275e-06 MAPE tf=11.8004 torch=11.8004
[ 111] idx= 1453 n=  1920 targets_identical=True max|Δ|=3.711e-10 scale-rel=2.073e-06 elem-rel=3.557e-06 MAPE tf=11.2156 torch=11.2156
[ 112] idx= 1480 n=   720 targets_identical=True max|Δ|=3.638e-11 scale-rel=4.730e-07 elem-rel=2.741e-06 MAPE tf=20.6544 torch=20.6544
[ 113] idx= 1486 n=  1680 targets_identical=True max|Δ|=1.455e-10 scale-rel=1.274e-06 elem-rel=5.194e-06 MAPE tf=20.7159 torch=20.7159
[ 114] idx= 1544 n=  2000 targets_identical=True max|Δ|=2.037e-10 scale-rel=1.102e-06 elem-rel=3.169e-06 MAPE tf=12.4299 torch=12.4299
[ 115] idx= 1546 n=  1560 targets_identical=True max|Δ|=2.110e-10 scale-rel=2.559e-06 elem-rel=5.312e-06 MAPE tf=18.2966 torch=18.2966
[ 116] idx= 1562 n=  1200 targets_identical=True max|Δ|=1.673e-10 scale-rel=1.021e-06 elem-rel=2.478e-06 MAPE tf=12.4409 torch=12.4409
[ 117] idx= 1582 n=  1680 targets_identical=True max|Δ|=1.128e-10 scale-rel=1.172e-06 elem-rel=3.226e-06 MAPE tf=18.0924 torch=18.0924
[ 118] idx= 1604 n=  1640 targets_identical=True max|Δ|=6.912e-11 scale-rel=8.109e-07 elem-rel=3.314e-06 MAPE tf=18.3009 torch=18.3009
[ 119] idx= 1632 n=  2200 targets_identical=True max|Δ|=3.638e-10 scale-rel=1.563e-06 elem-rel=2.076e-06 MAPE tf=14.3052 torch=14.3052
[ 120] idx= 1638 n=  1680 targets_identical=True max|Δ|=6.548e-11 scale-rel=5.492e-07 elem-rel=2.907e-06 MAPE tf=14.6978 torch=14.6978
[ 121] idx= 1639 n=  1680 targets_identical=True max|Δ|=6.112e-10 scale-rel=3.297e-06 elem-rel=4.873e-06 MAPE tf=12.0637 torch=12.0637
[ 122] idx= 1641 n=   720 targets_identical=True max|Δ|=4.366e-11 scale-rel=5.523e-07 elem-rel=2.530e-06 MAPE tf=11.4350 torch=11.4350
[ 123] idx= 1642 n=  1679 targets_identical=True max|Δ|=2.328e-10 scale-rel=2.022e-06 elem-rel=4.373e-06 MAPE tf=32.1568 torch=32.1568
[ 124] idx= 1647 n=   800 targets_identical=True max|Δ|=1.164e-10 scale-rel=9.199e-07 elem-rel=2.017e-06 MAPE tf=13.8734 torch=13.8734
[ 125] idx= 1681 n=  2114 targets_identical=True max|Δ|=2.037e-10 scale-rel=1.100e-06 elem-rel=1.572e-06 MAPE tf=13.6784 torch=13.6784
[ 126] idx= 1705 n=   800 targets_identical=True max|Δ|=1.746e-10 scale-rel=9.783e-07 elem-rel=2.450e-06 MAPE tf=10.6846 torch=10.6846
[ 127] idx= 1706 n=   720 targets_identical=True max|Δ|=2.328e-10 scale-rel=1.779e-06 elem-rel=2.857e-06 MAPE tf=12.3389 torch=12.3389
[ 128] idx= 1726 n=  1640 targets_identical=True max|Δ|=1.746e-10 scale-rel=1.688e-06 elem-rel=4.303e-06 MAPE tf=21.0008 torch=21.0008
[ 129] idx= 1729 n=  2200 targets_identical=True max|Δ|=2.456e-10 scale-rel=2.577e-06 elem-rel=8.423e-06 MAPE tf=15.3318 torch=15.3318
[ 130] idx= 1757 n=  1397 targets_identical=True max|Δ|=1.310e-10 scale-rel=5.707e-07 elem-rel=2.280e-06 MAPE tf=12.8466 torch=12.8466
[ 131] idx= 1773 n=  1680 targets_identical=True max|Δ|=1.091e-10 scale-rel=6.470e-07 elem-rel=2.586e-06 MAPE tf=13.1479 torch=13.1479
[ 132] idx= 1787 n=  2238 targets_identical=True max|Δ|=1.237e-10 scale-rel=5.576e-07 elem-rel=2.940e-06 MAPE tf=15.2169 torch=15.2169
[ 133] idx= 1801 n=  1680 targets_identical=True max|Δ|=1.310e-10 scale-rel=7.226e-07 elem-rel=1.862e-06 MAPE tf=11.3536 torch=11.3536
[ 134] idx= 1805 n=  1200 targets_identical=True max|Δ|=1.746e-10 scale-rel=1.121e-06 elem-rel=2.195e-06 MAPE tf=12.0003 torch=12.0003
[ 135] idx= 1806 n=  1595 targets_identical=True max|Δ|=1.164e-10 scale-rel=6.870e-07 elem-rel=1.484e-06 MAPE tf=10.8828 torch=10.8828
[ 136] idx= 1830 n=  1120 targets_identical=True max|Δ|=3.420e-10 scale-rel=2.200e-06 elem-rel=3.236e-06 MAPE tf=13.9009 torch=13.9010
[ 137] idx= 1858 n=  1400 targets_identical=True max|Δ|=1.892e-10 scale-rel=1.048e-06 elem-rel=2.680e-06 MAPE tf=11.4103 torch=11.4103
[ 138] idx= 1861 n=   800 targets_identical=True max|Δ|=1.601e-10 scale-rel=1.120e-06 elem-rel=3.244e-06 MAPE tf=12.6104 torch=12.6104
[ 139] idx= 1883 n=  2160 targets_identical=True max|Δ|=1.382e-10 scale-rel=9.235e-07 elem-rel=5.405e-06 MAPE tf=15.6227 torch=15.6227
[ 140] idx= 1888 n=  1919 targets_identical=True max|Δ|=1.601e-10 scale-rel=7.262e-07 elem-rel=2.793e-06 MAPE tf=13.1198 torch=13.1198
[ 141] idx= 1899 n=   960 targets_identical=True max|Δ|=1.091e-10 scale-rel=8.511e-07 elem-rel=2.531e-06 MAPE tf=11.8996 torch=11.8996
[ 142] idx= 1903 n=   720 targets_identical=True max|Δ|=8.004e-11 scale-rel=7.484e-07 elem-rel=2.640e-06 MAPE tf=17.2533 torch=17.2533
[ 143] idx= 1904 n=  1680 targets_identical=True max|Δ|=1.492e-10 scale-rel=1.442e-06 elem-rel=4.007e-06 MAPE tf=34.2992 torch=34.2992
[ 144] idx= 1909 n=  1600 targets_identical=True max|Δ|=1.892e-10 scale-rel=1.019e-06 elem-rel=2.068e-06 MAPE tf=12.1381 torch=12.1381
[ 145] idx= 1918 n=  1680 targets_identical=True max|Δ|=1.055e-10 scale-rel=7.116e-07 elem-rel=4.462e-06 MAPE tf=20.6249 torch=20.6249
[ 146] idx= 1929 n=   720 targets_identical=True max|Δ|=7.276e-11 scale-rel=9.278e-07 elem-rel=3.023e-06 MAPE tf=14.9026 torch=14.9026
[ 147] idx= 1950 n=  1640 targets_identical=True max|Δ|=3.056e-10 scale-rel=1.765e-06 elem-rel=3.816e-06 MAPE tf=13.3851 torch=13.3851
[ 148] idx= 1965 n=   760 targets_identical=True max|Δ|=8.731e-11 scale-rel=6.048e-07 elem-rel=2.564e-06 MAPE tf=11.5045 torch=11.5045
[ 149] idx= 1967 n=  2040 targets_identical=True max|Δ|=2.619e-10 scale-rel=1.160e-06 elem-rel=2.718e-06 MAPE tf=12.9649 torch=12.9649
[ 150] idx= 1971 n=  2120 targets_identical=True max|Δ|=1.455e-10 scale-rel=6.020e-07 elem-rel=1.691e-06 MAPE tf=12.7149 torch=12.7149
[ 151] idx= 1984 n=   800 targets_identical=True max|Δ|=5.093e-11 scale-rel=5.075e-07 elem-rel=2.700e-06 MAPE tf=15.7131 torch=15.7131
[ 152] idx= 1994 n=  2160 targets_identical=True max|Δ|=1.310e-10 scale-rel=6.381e-07 elem-rel=1.901e-06 MAPE tf=12.9816 torch=12.9816
[ 153] idx= 2010 n=   800 targets_identical=True max|Δ|=6.912e-11 scale-rel=6.848e-07 elem-rel=3.187e-06 MAPE tf=18.0274 torch=18.0274
[ 154] idx= 2032 n=  2080 targets_identical=True max|Δ|=2.183e-10 scale-rel=8.903e-07 elem-rel=1.872e-06 MAPE tf=12.6191 torch=12.6191
[ 155] idx= 2034 n=  2119 targets_identical=True max|Δ|=1.892e-10 scale-rel=1.033e-06 elem-rel=2.038e-06 MAPE tf=12.3885 torch=12.3885
[ 156] idx= 2047 n=   800 targets_identical=True max|Δ|=1.455e-10 scale-rel=1.184e-06 elem-rel=2.779e-06 MAPE tf=12.4698 torch=12.4698
[ 157] idx= 2076 n=  2240 targets_identical=True max|Δ|=2.619e-10 scale-rel=1.195e-06 elem-rel=3.024e-06 MAPE tf=16.3879 torch=16.3879
[ 158] idx= 2082 n=  2160 targets_identical=True max|Δ|=2.474e-10 scale-rel=1.207e-06 elem-rel=1.770e-06 MAPE tf=12.5481 torch=12.5481
[ 159] idx= 2110 n=   720 targets_identical=True max|Δ|=9.459e-11 scale-rel=1.196e-06 elem-rel=1.252e-05 MAPE tf=35.1852 torch=35.1852
[ 160] idx= 2127 n=  1680 targets_identical=True max|Δ|=2.328e-10 scale-rel=9.494e-07 elem-rel=3.655e-06 MAPE tf=11.9974 torch=11.9974
[ 161] idx= 2136 n=  1440 targets_identical=True max|Δ|=3.783e-10 scale-rel=1.583e-06 elem-rel=4.405e-06 MAPE tf=11.2962 torch=11.2962
[ 162] idx= 2149 n=  2200 targets_identical=True max|Δ|=3.056e-10 scale-rel=1.312e-06 elem-rel=2.504e-06 MAPE tf=12.0193 torch=12.0193
[ 163] idx= 2153 n=   760 targets_identical=True max|Δ|=1.091e-10 scale-rel=9.330e-07 elem-rel=2.232e-06 MAPE tf=11.8439 torch=11.8439
[ 164] idx= 2167 n=   800 targets_identical=True max|Δ|=4.729e-11 scale-rel=4.673e-07 elem-rel=4.250e-06 MAPE tf=15.2216 torch=15.2216
[ 165] idx= 2170 n=  1600 targets_identical=True max|Δ|=9.459e-11 scale-rel=9.233e-07 elem-rel=4.936e-06 MAPE tf=20.2184 torch=20.2184
[ 166] idx= 2172 n=   720 targets_identical=True max|Δ|=1.455e-10 scale-rel=1.178e-06 elem-rel=1.983e-06 MAPE tf=11.7267 torch=11.7267
[ 167] idx= 2173 n=   800 targets_identical=True max|Δ|=2.619e-10 scale-rel=1.564e-06 elem-rel=2.954e-06 MAPE tf=11.4366 torch=11.4366
[ 168] idx= 2177 n=  2120 targets_identical=True max|Δ|=2.474e-10 scale-rel=1.169e-06 elem-rel=2.511e-06 MAPE tf=15.6922 torch=15.6922
[ 169] idx= 2200 n=  1200 targets_identical=True max|Δ|=1.091e-10 scale-rel=6.851e-07 elem-rel=1.971e-06 MAPE tf=11.8298 torch=11.8298
[ 170] idx= 2203 n=  1680 targets_identical=True max|Δ|=1.601e-10 scale-rel=6.743e-07 elem-rel=1.740e-06 MAPE tf=11.7937 torch=11.7937
[ 171] idx= 2214 n=  1560 targets_identical=True max|Δ|=1.455e-10 scale-rel=6.624e-07 elem-rel=2.192e-06 MAPE tf=13.3364 torch=13.3364

===== L0 forward parity =====
  n_scenarios                  172
  n_predictions                247452
  all_targets_identical        True
  max_abs_diff                 6.548361852765083e-10
  worst_scale_rel_diff         3.3309806342516643e-06
  worst_elem_rel_diff          1.2522198951802503e-05
  mape_tf                      14.41977322101593
  mape_torch                   14.41977322101593
  tf_seconds_per_scenario      7.050130300743636
  torch_seconds_per_scenario   1.3396696517633837
  passed                       True
  report -> pytorch_version_results/parity/l0_paper_mawi_pcaps_jitter.json
