[   0] idx=   10 n=  1560 targets_identical=True max|Δ|=1.164e-09 scale-rel=1.280e-06 elem-rel=1.812e-06 MAPE tf=25.6372 torch=25.6372
[   1] idx=   23 n=  1680 targets_identical=True max|Δ|=2.619e-10 scale-rel=8.484e-07 elem-rel=1.724e-06 MAPE tf=10.2572 torch=10.2572
[   2] idx=   55 n=  2200 targets_identical=True max|Δ|=1.339e-09 scale-rel=1.670e-06 elem-rel=2.537e-06 MAPE tf=22.5276 torch=22.5276
[   3] idx=   57 n=  2200 targets_identical=True max|Δ|=5.239e-10 scale-rel=1.239e-06 elem-rel=2.210e-06 MAPE tf=15.9403 torch=15.9403
WARNING:tensorflow:5 out of the last 5 calls to <function RouteNetGauss.call at 0x773057fec430> triggered tf.function retracing. Tracing is expensive and the excessive number of tracings could be due to (1) creating @tf.function repeatedly in a loop, (2) passing tensors with different shapes, (3) passing Python objects instead of tensors. For (1), please define your @tf.function outside of the loop. For (2), @tf.function has reduce_retracing=True option that can avoid unnecessary retracing. For (3), please refer to https://www.tensorflow.org/guide/function#controlling_retracing and https://www.tensorflow.org/api_docs/python/tf/function for  more details.
[   4] idx=   59 n=  1160 targets_identical=True max|Δ|=5.821e-10 scale-rel=9.558e-07 elem-rel=1.886e-06 MAPE tf=17.6715 torch=17.6715
WARNING:tensorflow:6 out of the last 6 calls to <function RouteNetGauss.call at 0x773057fec430> triggered tf.function retracing. Tracing is expensive and the excessive number of tracings could be due to (1) creating @tf.function repeatedly in a loop, (2) passing tensors with different shapes, (3) passing Python objects instead of tensors. For (1), please define your @tf.function outside of the loop. For (2), @tf.function has reduce_retracing=True option that can avoid unnecessary retracing. For (3), please refer to https://www.tensorflow.org/guide/function#controlling_retracing and https://www.tensorflow.org/api_docs/python/tf/function for  more details.
[   5] idx=   64 n=  1480 targets_identical=True max|Δ|=1.688e-09 scale-rel=1.862e-06 elem-rel=3.611e-06 MAPE tf=28.2290 torch=28.2291
[   6] idx=   71 n=  2080 targets_identical=True max|Δ|=2.619e-10 scale-rel=5.463e-07 elem-rel=1.100e-06 MAPE tf=11.5349 torch=11.5349
[   7] idx=   79 n=  1320 targets_identical=True max|Δ|=1.048e-09 scale-rel=1.127e-06 elem-rel=2.226e-06 MAPE tf=28.5332 torch=28.5332
[   8] idx=  111 n=  1560 targets_identical=True max|Δ|=2.095e-09 scale-rel=2.355e-06 elem-rel=3.337e-06 MAPE tf=26.2563 torch=26.2563
[   9] idx=  143 n=  1680 targets_identical=True max|Δ|=2.328e-10 scale-rel=7.513e-07 elem-rel=1.199e-06 MAPE tf=9.8404 torch=9.8404
[  10] idx=  155 n=  2160 targets_identical=True max|Δ|=7.567e-10 scale-rel=9.816e-07 elem-rel=1.943e-06 MAPE tf=19.0351 torch=19.0351
[  11] idx=  185 n=  1441 targets_identical=True max|Δ|=1.164e-09 scale-rel=1.245e-06 elem-rel=1.765e-06 MAPE tf=28.2257 torch=28.2258
[  12] idx=  188 n=   800 targets_identical=True max|Δ|=2.328e-10 scale-rel=1.032e-06 elem-rel=1.517e-06 MAPE tf=11.9507 torch=11.9507
[  13] idx=  195 n=  1640 targets_identical=True max|Δ|=4.657e-10 scale-rel=7.181e-07 elem-rel=1.675e-06 MAPE tf=18.6571 torch=18.6571
[  14] idx=  196 n=  1680 targets_identical=True max|Δ|=2.037e-10 scale-rel=5.272e-07 elem-rel=9.925e-07 MAPE tf=10.2859 torch=10.2859
[  15] idx=  212 n=  2240 targets_identical=True max|Δ|=1.164e-10 scale-rel=5.227e-07 elem-rel=9.469e-07 MAPE tf=8.8538 torch=8.8538
[  16] idx=  215 n=  1200 targets_identical=True max|Δ|=5.530e-10 scale-rel=8.800e-07 elem-rel=1.798e-06 MAPE tf=22.3228 torch=22.3228
[  17] idx=  221 n=  1320 targets_identical=True max|Δ|=1.222e-09 scale-rel=1.484e-06 elem-rel=2.793e-06 MAPE tf=25.0626 torch=25.0626
[  18] idx=  247 n=  1280 targets_identical=True max|Δ|=1.339e-09 scale-rel=1.655e-06 elem-rel=3.228e-06 MAPE tf=25.6942 torch=25.6942
[  19] idx=  249 n=   760 targets_identical=True max|Δ|=1.019e-09 scale-rel=1.283e-06 elem-rel=3.147e-06 MAPE tf=25.5493 torch=25.5493
[  20] idx=  264 n=  1680 targets_identical=True max|Δ|=2.910e-10 scale-rel=6.870e-07 elem-rel=1.178e-06 MAPE tf=12.2793 torch=12.2793
[  21] idx=  271 n=  1680 targets_identical=True max|Δ|=4.366e-10 scale-rel=6.664e-07 elem-rel=1.832e-06 MAPE tf=15.7132 torch=15.7132
[  22] idx=  280 n=  1600 targets_identical=True max|Δ|=1.281e-09 scale-rel=1.509e-06 elem-rel=2.706e-06 MAPE tf=23.2271 torch=23.2271
[  23] idx=  285 n=   480 targets_identical=True max|Δ|=1.019e-09 scale-rel=1.381e-06 elem-rel=2.699e-06 MAPE tf=24.8151 torch=24.8151
[  24] idx=  289 n=  2200 targets_identical=True max|Δ|=2.910e-10 scale-rel=7.410e-07 elem-rel=1.022e-06 MAPE tf=9.9830 torch=9.9830
[  25] idx=  299 n=  2160 targets_identical=True max|Δ|=9.313e-10 scale-rel=1.115e-06 elem-rel=1.962e-06 MAPE tf=22.7611 torch=22.7611
[  26] idx=  300 n=  2040 targets_identical=True max|Δ|=9.895e-10 scale-rel=1.379e-06 elem-rel=2.333e-06 MAPE tf=27.3332 torch=27.3332
[  27] idx=  312 n=  1160 targets_identical=True max|Δ|=3.783e-10 scale-rel=6.369e-07 elem-rel=1.316e-06 MAPE tf=17.6528 torch=17.6528
[  28] idx=  321 n=   680 targets_identical=True max|Δ|=5.093e-11 scale-rel=2.766e-07 elem-rel=5.675e-07 MAPE tf=10.8087 torch=10.8087
[  29] idx=  343 n=  1640 targets_identical=True max|Δ|=8.731e-11 scale-rel=4.311e-07 elem-rel=6.473e-07 MAPE tf=8.9689 torch=8.9689
[  30] idx=  358 n=  2240 targets_identical=True max|Δ|=3.492e-10 scale-rel=5.769e-07 elem-rel=1.536e-06 MAPE tf=10.5498 torch=10.5498
[  31] idx=  359 n=  1640 targets_identical=True max|Δ|=7.276e-10 scale-rel=1.262e-06 elem-rel=2.190e-06 MAPE tf=19.4100 torch=19.4100
[  32] idx=  364 n=  1680 targets_identical=True max|Δ|=3.492e-10 scale-rel=6.461e-07 elem-rel=1.267e-06 MAPE tf=14.5550 torch=14.5550
[  33] idx=  371 n=  2240 targets_identical=True max|Δ|=2.619e-10 scale-rel=7.309e-07 elem-rel=9.608e-07 MAPE tf=9.6039 torch=9.6039
[  34] idx=  373 n=   800 targets_identical=True max|Δ|=4.948e-10 scale-rel=9.953e-07 elem-rel=1.982e-06 MAPE tf=19.9198 torch=19.9198
[  35] idx=  380 n=   800 targets_identical=True max|Δ|=2.183e-10 scale-rel=6.233e-07 elem-rel=1.341e-06 MAPE tf=12.8807 torch=12.8807
[  36] idx=  403 n=  1160 targets_identical=True max|Δ|=1.455e-09 scale-rel=1.951e-06 elem-rel=2.415e-06 MAPE tf=22.7594 torch=22.7594
[  37] idx=  414 n=  2080 targets_identical=True max|Δ|=1.048e-09 scale-rel=1.061e-06 elem-rel=2.238e-06 MAPE tf=30.0218 torch=30.0218
[  38] idx=  422 n=   640 targets_identical=True max|Δ|=9.313e-10 scale-rel=1.078e-06 elem-rel=2.200e-06 MAPE tf=30.0925 torch=30.0925
[  39] idx=  454 n=  1600 targets_identical=True max|Δ|=3.201e-10 scale-rel=5.944e-07 elem-rel=1.461e-06 MAPE tf=14.9731 torch=14.9731
[  40] idx=  465 n=   800 targets_identical=True max|Δ|=1.237e-10 scale-rel=7.907e-07 elem-rel=1.457e-06 MAPE tf=8.1327 torch=8.1327
[  41] idx=  468 n=  1680 targets_identical=True max|Δ|=6.694e-10 scale-rel=9.177e-07 elem-rel=1.944e-06 MAPE tf=16.8815 torch=16.8815
[  42] idx=  478 n=  1160 targets_identical=True max|Δ|=3.783e-10 scale-rel=8.039e-07 elem-rel=1.189e-06 MAPE tf=13.5819 torch=13.5819
[  43] idx=  489 n=  1200 targets_identical=True max|Δ|=1.455e-09 scale-rel=1.472e-06 elem-rel=2.585e-06 MAPE tf=28.6515 torch=28.6515
[  44] idx=  507 n=   720 targets_identical=True max|Δ|=5.821e-11 scale-rel=2.668e-07 elem-rel=5.039e-07 MAPE tf=8.8563 torch=8.8563
[  45] idx=  536 n=  1120 targets_identical=True max|Δ|=1.543e-09 scale-rel=2.353e-06 elem-rel=4.255e-06 MAPE tf=26.5391 torch=26.5391
[  46] idx=  568 n=   720 targets_identical=True max|Δ|=7.276e-11 scale-rel=2.751e-07 elem-rel=8.069e-07 MAPE tf=9.9212 torch=9.9212
[  47] idx=  577 n=  1640 targets_identical=True max|Δ|=1.193e-09 scale-rel=1.867e-06 elem-rel=2.524e-06 MAPE tf=21.5265 torch=21.5265
[  48] idx=  579 n=  1680 targets_identical=True max|Δ|=4.948e-10 scale-rel=7.119e-07 elem-rel=1.909e-06 MAPE tf=17.6214 torch=17.6214
[  49] idx=  591 n=  1640 targets_identical=True max|Δ|=5.821e-10 scale-rel=9.859e-07 elem-rel=2.111e-06 MAPE tf=17.7156 torch=17.7156
[  50] idx=  594 n=   640 targets_identical=True max|Δ|=1.222e-09 scale-rel=1.475e-06 elem-rel=2.227e-06 MAPE tf=25.5755 torch=25.5755
[  51] idx=  608 n=  1200 targets_identical=True max|Δ|=4.657e-10 scale-rel=1.007e-06 elem-rel=1.542e-06 MAPE tf=12.3220 torch=12.3220
[  52] idx=  634 n=  1240 targets_identical=True max|Δ|=8.731e-10 scale-rel=1.164e-06 elem-rel=3.103e-06 MAPE tf=22.3277 torch=22.3277
[  53] idx=  635 n=  1920 targets_identical=True max|Δ|=1.048e-09 scale-rel=1.306e-06 elem-rel=2.286e-06 MAPE tf=26.8290 torch=26.8290
[  54] idx=  644 n=  2160 targets_identical=True max|Δ|=1.222e-09 scale-rel=1.461e-06 elem-rel=2.024e-06 MAPE tf=23.4493 torch=23.4493
[  55] idx=  672 n=  1680 targets_identical=True max|Δ|=6.985e-10 scale-rel=1.013e-06 elem-rel=1.537e-06 MAPE tf=17.5157 torch=17.5157
[  56] idx=  677 n=  1440 targets_identical=True max|Δ|=5.821e-10 scale-rel=1.082e-06 elem-rel=2.103e-06 MAPE tf=18.3813 torch=18.3813
[  57] idx=  697 n=  1680 targets_identical=True max|Δ|=5.530e-10 scale-rel=8.446e-07 elem-rel=2.069e-06 MAPE tf=25.5710 torch=25.5710
[  58] idx=  701 n=  1680 targets_identical=True max|Δ|=6.403e-10 scale-rel=1.120e-06 elem-rel=2.062e-06 MAPE tf=15.2895 torch=15.2895
[  59] idx=  710 n=  1680 targets_identical=True max|Δ|=8.149e-10 scale-rel=1.007e-06 elem-rel=2.617e-06 MAPE tf=22.9838 torch=22.9838
[  60] idx=  716 n=  1400 targets_identical=True max|Δ|=7.567e-10 scale-rel=9.605e-07 elem-rel=2.065e-06 MAPE tf=24.2588 torch=24.2588
[  61] idx=  727 n=   760 targets_identical=True max|Δ|=4.075e-10 scale-rel=8.464e-07 elem-rel=1.461e-06 MAPE tf=15.7593 torch=15.7593
[  62] idx=  750 n=  1680 targets_identical=True max|Δ|=1.164e-10 scale-rel=4.312e-07 elem-rel=6.565e-07 MAPE tf=9.8196 torch=9.8196
[  63] idx=  751 n=   800 targets_identical=True max|Δ|=5.239e-10 scale-rel=9.360e-07 elem-rel=1.867e-06 MAPE tf=22.4575 torch=22.4575
[  64] idx=  757 n=   720 targets_identical=True max|Δ|=4.948e-10 scale-rel=7.314e-07 elem-rel=1.700e-06 MAPE tf=24.9231 torch=24.9231
[  65] idx=  761 n=   800 targets_identical=True max|Δ|=4.657e-10 scale-rel=7.969e-07 elem-rel=2.469e-06 MAPE tf=13.0907 torch=13.0907
[  66] idx=  785 n=   720 targets_identical=True max|Δ|=6.694e-10 scale-rel=1.154e-06 elem-rel=1.783e-06 MAPE tf=27.9100 torch=27.9100
[  67] idx=  798 n=  1680 targets_identical=True max|Δ|=4.075e-10 scale-rel=8.572e-07 elem-rel=1.383e-06 MAPE tf=16.4160 torch=16.4160
[  68] idx=  827 n=  1920 targets_identical=True max|Δ|=1.688e-09 scale-rel=2.208e-06 elem-rel=3.226e-06 MAPE tf=24.1614 torch=24.1614
[  69] idx=  833 n=  1680 targets_identical=True max|Δ|=3.201e-10 scale-rel=6.059e-07 elem-rel=1.367e-06 MAPE tf=14.9459 torch=14.9459
[  70] idx=  841 n=  1920 targets_identical=True max|Δ|=7.858e-10 scale-rel=1.144e-06 elem-rel=1.840e-06 MAPE tf=22.4833 torch=22.4833
[  71] idx=  877 n=  1360 targets_identical=True max|Δ|=1.455e-09 scale-rel=2.011e-06 elem-rel=2.728e-06 MAPE tf=19.8067 torch=19.8067
[  72] idx=  878 n=  1200 targets_identical=True max|Δ|=1.746e-10 scale-rel=4.022e-07 elem-rel=1.107e-06 MAPE tf=9.6797 torch=9.6797
[  73] idx=  889 n=  1520 targets_identical=True max|Δ|=9.895e-10 scale-rel=1.269e-06 elem-rel=1.864e-06 MAPE tf=29.8850 torch=29.8850
[  74] idx=  899 n=  2200 targets_identical=True max|Δ|=1.019e-09 scale-rel=1.225e-06 elem-rel=2.103e-06 MAPE tf=23.7195 torch=23.7195
[  75] idx=  937 n=  1200 targets_identical=True max|Δ|=4.366e-10 scale-rel=9.037e-07 elem-rel=1.805e-06 MAPE tf=16.4491 torch=16.4491
[  76] idx=  953 n=  2200 targets_identical=True max|Δ|=1.746e-10 scale-rel=6.038e-07 elem-rel=8.230e-07 MAPE tf=10.1139 torch=10.1139
[  77] idx=  959 n=   800 targets_identical=True max|Δ|=4.366e-10 scale-rel=7.945e-07 elem-rel=1.740e-06 MAPE tf=18.8520 torch=18.8520
[  78] idx=  968 n=  1680 targets_identical=True max|Δ|=4.657e-10 scale-rel=5.253e-07 elem-rel=1.525e-06 MAPE tf=18.0217 torch=18.0217
[  79] idx=  970 n=  1200 targets_identical=True max|Δ|=4.075e-10 scale-rel=1.005e-06 elem-rel=1.442e-06 MAPE tf=13.9348 torch=13.9348
[  80] idx= 1021 n=   840 targets_identical=True max|Δ|=1.048e-09 scale-rel=1.553e-06 elem-rel=2.269e-06 MAPE tf=21.2856 torch=21.2856
[  81] idx= 1024 n=  1680 targets_identical=True max|Δ|=5.821e-10 scale-rel=1.129e-06 elem-rel=1.563e-06 MAPE tf=15.8935 torch=15.8935
[  82] idx= 1055 n=  1280 targets_identical=True max|Δ|=9.313e-10 scale-rel=1.239e-06 elem-rel=1.964e-06 MAPE tf=30.4683 torch=30.4683
[  83] idx= 1067 n=  1480 targets_identical=True max|Δ|=9.313e-10 scale-rel=1.147e-06 elem-rel=1.654e-06 MAPE tf=28.4453 torch=28.4453
[  84] idx= 1092 n=  2200 targets_identical=True max|Δ|=1.455e-10 scale-rel=4.461e-07 elem-rel=6.978e-07 MAPE tf=9.6757 torch=9.6757
[  85] idx= 1113 n=  2200 targets_identical=True max|Δ|=2.619e-10 scale-rel=6.547e-07 elem-rel=1.191e-06 MAPE tf=10.3811 torch=10.3811
[  86] idx= 1127 n=   720 targets_identical=True max|Δ|=2.910e-10 scale-rel=8.982e-07 elem-rel=1.206e-06 MAPE tf=12.3879 torch=12.3879
[  87] idx= 1134 n=  1200 targets_identical=True max|Δ|=1.892e-10 scale-rel=6.867e-07 elem-rel=8.221e-07 MAPE tf=9.5502 torch=9.5502
[  88] idx= 1139 n=  1600 targets_identical=True max|Δ|=5.239e-10 scale-rel=9.439e-07 elem-rel=1.630e-06 MAPE tf=17.8370 torch=17.8370
[  89] idx= 1164 n=  1680 targets_identical=True max|Δ|=1.019e-10 scale-rel=4.365e-07 elem-rel=5.912e-07 MAPE tf=9.1591 torch=9.1591
[  90] idx= 1173 n=  2240 targets_identical=True max|Δ|=4.657e-10 scale-rel=9.756e-07 elem-rel=1.449e-06 MAPE tf=11.8025 torch=11.8025
[  91] idx= 1212 n=   800 targets_identical=True max|Δ|=5.384e-10 scale-rel=1.514e-06 elem-rel=2.380e-06 MAPE tf=15.2436 torch=15.2436
[  92] idx= 1230 n=  1040 targets_identical=True max|Δ|=6.112e-10 scale-rel=6.705e-07 elem-rel=1.584e-06 MAPE tf=23.3100 torch=23.3100
[  93] idx= 1237 n=  1200 targets_identical=True max|Δ|=8.731e-11 scale-rel=4.032e-07 elem-rel=5.369e-07 MAPE tf=9.7514 torch=9.7514
[  94] idx= 1251 n=   800 targets_identical=True max|Δ|=2.328e-10 scale-rel=7.133e-07 elem-rel=1.204e-06 MAPE tf=13.4241 torch=13.4241
[  95] idx= 1252 n=   800 targets_identical=True max|Δ|=1.310e-10 scale-rel=5.547e-07 elem-rel=8.651e-07 MAPE tf=8.5758 torch=8.5758
[  96] idx= 1287 n=  1600 targets_identical=True max|Δ|=3.638e-10 scale-rel=7.162e-07 elem-rel=1.792e-06 MAPE tf=14.2041 torch=14.2041
[  97] idx= 1299 n=   680 targets_identical=True max|Δ|=5.821e-11 scale-rel=2.987e-07 elem-rel=4.509e-07 MAPE tf=10.3795 torch=10.3795
[  98] idx= 1307 n=  1760 targets_identical=True max|Δ|=7.858e-10 scale-rel=9.151e-07 elem-rel=2.137e-06 MAPE tf=20.5865 torch=20.5865
[  99] idx= 1326 n=  1680 targets_identical=True max|Δ|=4.366e-10 scale-rel=8.009e-07 elem-rel=1.540e-06 MAPE tf=21.7714 torch=21.7714
[ 100] idx= 1329 n=  1240 targets_identical=True max|Δ|=8.149e-10 scale-rel=1.059e-06 elem-rel=1.716e-06 MAPE tf=20.0606 torch=20.0606
[ 101] idx= 1333 n=   720 targets_identical=True max|Δ|=7.858e-10 scale-rel=1.150e-06 elem-rel=2.011e-06 MAPE tf=27.1011 torch=27.1011
[ 102] idx= 1342 n=  1320 targets_identical=True max|Δ|=1.106e-09 scale-rel=1.464e-06 elem-rel=2.401e-06 MAPE tf=34.2299 torch=34.2299
[ 103] idx= 1354 n=  1680 targets_identical=True max|Δ|=6.694e-10 scale-rel=1.119e-06 elem-rel=1.937e-06 MAPE tf=17.5052 torch=17.5052
[ 104] idx= 1367 n=  1200 targets_identical=True max|Δ|=6.403e-10 scale-rel=7.126e-07 elem-rel=1.436e-06 MAPE tf=23.1465 torch=23.1465
[ 105] idx= 1369 n=  1120 targets_identical=True max|Δ|=3.201e-10 scale-rel=5.939e-07 elem-rel=1.816e-06 MAPE tf=15.1695 torch=15.1695
[ 106] idx= 1400 n=  2160 targets_identical=True max|Δ|=1.746e-10 scale-rel=4.481e-07 elem-rel=1.065e-06 MAPE tf=9.4806 torch=9.4806
[ 107] idx= 1415 n=   800 targets_identical=True max|Δ|=1.601e-10 scale-rel=4.762e-07 elem-rel=8.510e-07 MAPE tf=11.0263 torch=11.0263
[ 108] idx= 1418 n=   760 targets_identical=True max|Δ|=2.037e-10 scale-rel=6.216e-07 elem-rel=9.237e-07 MAPE tf=10.8094 torch=10.8094
[ 109] idx= 1432 n=  1040 targets_identical=True max|Δ|=9.313e-10 scale-rel=1.261e-06 elem-rel=2.533e-06 MAPE tf=26.9780 torch=26.9780
[ 110] idx= 1444 n=  1000 targets_identical=True max|Δ|=5.821e-10 scale-rel=9.351e-07 elem-rel=1.741e-06 MAPE tf=22.6420 torch=22.6420
[ 111] idx= 1453 n=  1920 targets_identical=True max|Δ|=9.022e-10 scale-rel=1.173e-06 elem-rel=2.546e-06 MAPE tf=21.9670 torch=21.9670
[ 112] idx= 1480 n=   720 targets_identical=True max|Δ|=5.821e-11 scale-rel=2.452e-07 elem-rel=6.006e-07 MAPE tf=9.6168 torch=9.6168
[ 113] idx= 1486 n=  1680 targets_identical=True max|Δ|=1.746e-10 scale-rel=7.068e-07 elem-rel=1.153e-06 MAPE tf=9.5996 torch=9.5996
[ 114] idx= 1544 n=  2000 targets_identical=True max|Δ|=9.022e-10 scale-rel=1.337e-06 elem-rel=2.254e-06 MAPE tf=25.1344 torch=25.1344
[ 115] idx= 1546 n=  1560 targets_identical=True max|Δ|=1.310e-10 scale-rel=5.124e-07 elem-rel=7.874e-07 MAPE tf=9.2417 torch=9.2417
[ 116] idx= 1562 n=  1200 targets_identical=True max|Δ|=3.783e-10 scale-rel=8.134e-07 elem-rel=1.273e-06 MAPE tf=13.2433 torch=13.2433
[ 117] idx= 1582 n=  1680 targets_identical=True max|Δ|=4.657e-10 scale-rel=1.348e-06 elem-rel=1.442e-06 MAPE tf=10.7917 torch=10.7917
[ 118] idx= 1604 n=  1640 targets_identical=True max|Δ|=1.455e-10 scale-rel=5.728e-07 elem-rel=7.812e-07 MAPE tf=10.2028 torch=10.2028
[ 119] idx= 1632 n=  2200 targets_identical=True max|Δ|=6.985e-10 scale-rel=9.491e-07 elem-rel=2.019e-06 MAPE tf=18.2602 torch=18.2602
[ 120] idx= 1638 n=  1680 targets_identical=True max|Δ|=2.619e-10 scale-rel=7.942e-07 elem-rel=1.439e-06 MAPE tf=12.0439 torch=12.0439
[ 121] idx= 1639 n=  1680 targets_identical=True max|Δ|=4.948e-10 scale-rel=5.898e-07 elem-rel=1.743e-06 MAPE tf=18.9857 torch=18.9857
[ 122] idx= 1641 n=   720 targets_identical=True max|Δ|=2.474e-10 scale-rel=7.699e-07 elem-rel=1.256e-06 MAPE tf=11.9053 torch=11.9053
[ 123] idx= 1642 n=  1680 targets_identical=True max|Δ|=2.037e-10 scale-rel=4.293e-07 elem-rel=8.008e-07 MAPE tf=11.6292 torch=11.6292
[ 124] idx= 1647 n=   800 targets_identical=True max|Δ|=5.821e-10 scale-rel=1.161e-06 elem-rel=2.100e-06 MAPE tf=25.3837 torch=25.3837
[ 125] idx= 1681 n=  2120 targets_identical=True max|Δ|=1.048e-09 scale-rel=1.440e-06 elem-rel=2.296e-06 MAPE tf=26.9505 torch=26.9505
[ 126] idx= 1705 n=   800 targets_identical=True max|Δ|=1.572e-09 scale-rel=2.081e-06 elem-rel=4.007e-06 MAPE tf=23.3941 torch=23.3941
[ 127] idx= 1706 n=   720 targets_identical=True max|Δ|=5.821e-10 scale-rel=9.896e-07 elem-rel=1.736e-06 MAPE tf=20.7173 torch=20.7173
[ 128] idx= 1726 n=  1640 targets_identical=True max|Δ|=1.019e-10 scale-rel=4.177e-07 elem-rel=5.389e-07 MAPE tf=9.1579 torch=9.1579
[ 129] idx= 1729 n=  2200 targets_identical=True max|Δ|=1.455e-10 scale-rel=5.306e-07 elem-rel=6.982e-07 MAPE tf=8.9766 torch=8.9766
[ 130] idx= 1757 n=  1400 targets_identical=True max|Δ|=1.572e-09 scale-rel=1.659e-06 elem-rel=2.744e-06 MAPE tf=25.4125 torch=25.4125
[ 131] idx= 1773 n=  1680 targets_identical=True max|Δ|=6.694e-10 scale-rel=1.103e-06 elem-rel=3.613e-06 MAPE tf=16.9395 torch=16.9395
[ 132] idx= 1787 n=  2240 targets_identical=True max|Δ|=5.821e-10 scale-rel=7.410e-07 elem-rel=1.423e-06 MAPE tf=12.8917 torch=12.8917
[ 133] idx= 1801 n=  1680 targets_identical=True max|Δ|=9.895e-10 scale-rel=1.623e-06 elem-rel=3.061e-06 MAPE tf=27.0395 torch=27.0395
[ 134] idx= 1805 n=  1200 targets_identical=True max|Δ|=1.513e-09 scale-rel=1.759e-06 elem-rel=2.843e-06 MAPE tf=26.9440 torch=26.9440
[ 135] idx= 1806 n=  1600 targets_identical=True max|Δ|=8.149e-10 scale-rel=1.279e-06 elem-rel=1.679e-06 MAPE tf=25.2720 torch=25.2720
[ 136] idx= 1830 n=  1120 targets_identical=True max|Δ|=5.530e-10 scale-rel=1.213e-06 elem-rel=1.453e-06 MAPE tf=13.9944 torch=13.9944
[ 137] idx= 1858 n=  1400 targets_identical=True max|Δ|=1.048e-09 scale-rel=1.944e-06 elem-rel=2.778e-06 MAPE tf=17.8814 torch=17.8814
[ 138] idx= 1861 n=   800 targets_identical=True max|Δ|=4.075e-10 scale-rel=8.668e-07 elem-rel=1.731e-06 MAPE tf=18.0462 torch=18.0462
[ 139] idx= 1883 n=  2160 targets_identical=True max|Δ|=3.201e-10 scale-rel=8.557e-07 elem-rel=1.227e-06 MAPE tf=10.1927 torch=10.1927
[ 140] idx= 1888 n=  1920 targets_identical=True max|Δ|=1.048e-09 scale-rel=1.174e-06 elem-rel=2.266e-06 MAPE tf=26.2256 torch=26.2256
[ 141] idx= 1899 n=   960 targets_identical=True max|Δ|=7.567e-10 scale-rel=8.688e-07 elem-rel=2.085e-06 MAPE tf=20.7858 torch=20.7858
[ 142] idx= 1903 n=   720 targets_identical=True max|Δ|=2.765e-10 scale-rel=6.468e-07 elem-rel=1.164e-06 MAPE tf=11.3157 torch=11.3157
[ 143] idx= 1904 n=  1680 targets_identical=True max|Δ|=1.164e-10 scale-rel=3.705e-07 elem-rel=6.655e-07 MAPE tf=9.8897 torch=9.8897
[ 144] idx= 1909 n=  1600 targets_identical=True max|Δ|=9.895e-10 scale-rel=1.329e-06 elem-rel=2.123e-06 MAPE tf=24.5795 torch=24.5795
[ 145] idx= 1918 n=  1680 targets_identical=True max|Δ|=3.201e-10 scale-rel=9.016e-07 elem-rel=1.153e-06 MAPE tf=10.4865 torch=10.4865
[ 146] idx= 1929 n=   722 targets_identical=True max|Δ|=1.164e-10 scale-rel=5.039e-07 elem-rel=6.294e-07 MAPE tf=11.0620 torch=11.0620
[ 147] idx= 1950 n=  1640 targets_identical=True max|Δ|=6.112e-10 scale-rel=8.033e-07 elem-rel=2.054e-06 MAPE tf=20.8592 torch=20.8592
[ 148] idx= 1965 n=   760 targets_identical=True max|Δ|=6.403e-10 scale-rel=1.035e-06 elem-rel=1.608e-06 MAPE tf=18.4331 torch=18.4331
[ 149] idx= 1967 n=  2040 targets_identical=True max|Δ|=1.222e-09 scale-rel=1.516e-06 elem-rel=2.252e-06 MAPE tf=27.9995 torch=27.9995
[ 150] idx= 1971 n=  2120 targets_identical=True max|Δ|=1.804e-09 scale-rel=2.169e-06 elem-rel=2.981e-06 MAPE tf=29.3745 torch=29.3745
[ 151] idx= 1984 n=   800 targets_identical=True max|Δ|=1.164e-10 scale-rel=4.876e-07 elem-rel=7.625e-07 MAPE tf=8.6945 torch=8.6945
[ 152] idx= 1994 n=  2160 targets_identical=True max|Δ|=1.397e-09 scale-rel=1.892e-06 elem-rel=2.562e-06 MAPE tf=26.1217 torch=26.1217
[ 153] idx= 2010 n=   800 targets_identical=True max|Δ|=2.619e-10 scale-rel=8.898e-07 elem-rel=1.100e-06 MAPE tf=9.5226 torch=9.5226
[ 154] idx= 2032 n=  2080 targets_identical=True max|Δ|=9.895e-10 scale-rel=1.085e-06 elem-rel=1.922e-06 MAPE tf=26.6612 torch=26.6612
[ 155] idx= 2034 n=  2120 targets_identical=True max|Δ|=7.858e-10 scale-rel=1.086e-06 elem-rel=2.190e-06 MAPE tf=24.4430 torch=24.4430
[ 156] idx= 2047 n=   800 targets_identical=True max|Δ|=4.366e-10 scale-rel=1.147e-06 elem-rel=1.685e-06 MAPE tf=16.7348 torch=16.7348
[ 157] idx= 2076 n=  2240 targets_identical=True max|Δ|=4.075e-10 scale-rel=8.776e-07 elem-rel=2.270e-06 MAPE tf=12.5071 torch=12.5071
[ 158] idx= 2082 n=  2160 targets_identical=True max|Δ|=1.397e-09 scale-rel=1.886e-06 elem-rel=3.154e-06 MAPE tf=21.6281 torch=21.6281
[ 159] idx= 2110 n=   720 targets_identical=True max|Δ|=1.164e-10 scale-rel=4.056e-07 elem-rel=5.576e-07 MAPE tf=10.7805 torch=10.7805
[ 160] idx= 2127 n=  1680 targets_identical=True max|Δ|=8.731e-10 scale-rel=9.988e-07 elem-rel=1.649e-06 MAPE tf=25.0219 torch=25.0219
[ 161] idx= 2136 n=  1440 targets_identical=True max|Δ|=8.149e-10 scale-rel=1.334e-06 elem-rel=2.720e-06 MAPE tf=17.4527 torch=17.4527
[ 162] idx= 2149 n=  2200 targets_identical=True max|Δ|=8.731e-10 scale-rel=1.246e-06 elem-rel=2.096e-06 MAPE tf=20.1886 torch=20.1886
[ 163] idx= 2153 n=   760 targets_identical=True max|Δ|=4.657e-10 scale-rel=7.477e-07 elem-rel=1.419e-06 MAPE tf=17.9508 torch=17.9508
[ 164] idx= 2167 n=   800 targets_identical=True max|Δ|=2.183e-10 scale-rel=7.824e-07 elem-rel=1.275e-06 MAPE tf=9.8680 torch=9.8680
[ 165] idx= 2170 n=  1600 targets_identical=True max|Δ|=2.183e-10 scale-rel=6.408e-07 elem-rel=1.384e-06 MAPE tf=11.1104 torch=11.1104
[ 166] idx= 2172 n=   720 targets_identical=True max|Δ|=5.821e-10 scale-rel=1.109e-06 elem-rel=1.928e-06 MAPE tf=18.1977 torch=18.1977
[ 167] idx= 2173 n=   800 targets_identical=True max|Δ|=4.075e-10 scale-rel=7.030e-07 elem-rel=1.337e-06 MAPE tf=18.5477 torch=18.5477
[ 168] idx= 2177 n=  2120 targets_identical=True max|Δ|=1.863e-09 scale-rel=1.914e-06 elem-rel=3.825e-06 MAPE tf=28.0635 torch=28.0635
[ 169] idx= 2200 n=  1200 targets_identical=True max|Δ|=9.895e-10 scale-rel=1.383e-06 elem-rel=2.429e-06 MAPE tf=20.5597 torch=20.5597
[ 170] idx= 2203 n=  1680 targets_identical=True max|Δ|=1.513e-09 scale-rel=1.818e-06 elem-rel=3.066e-06 MAPE tf=29.7179 torch=29.7179
[ 171] idx= 2214 n=  1560 targets_identical=True max|Δ|=9.313e-10 scale-rel=1.128e-06 elem-rel=2.434e-06 MAPE tf=28.7169 torch=28.7169

===== L0 forward parity =====
  n_scenarios                  172
  n_predictions                247483
  all_targets_identical        True
  max_abs_diff                 2.0954757928848267e-09
  worst_scale_rel_diff         2.3554988171142952e-06
  worst_elem_rel_diff          4.255479188233991e-06
  mape_tf                      18.397431075572968
  mape_torch                   18.397429585456848
  tf_seconds_per_scenario      7.084346582723218
  torch_seconds_per_scenario   1.3591658667076465
  passed                       True
  report -> pytorch_version_results/parity/l0_paper_mawi_pcaps_delay.json
