[   0] idx=    0 n=  2800 targets_identical=True max|Δ|=3.820e-11 scale-rel=8.463e-07 elem-rel=2.232e-06 MAPE tf=10.0150 torch=10.0151
[   1] idx=    2 n=  1350 targets_identical=True max|Δ|=3.274e-11 scale-rel=8.574e-07 elem-rel=1.339e-06 MAPE tf=8.4263 torch=8.4263
[   2] idx=    3 n=  2800 targets_identical=True max|Δ|=5.093e-11 scale-rel=1.289e-06 elem-rel=2.936e-06 MAPE tf=9.1030 torch=9.1030
[   3] idx=    5 n=  2600 targets_identical=True max|Δ|=7.822e-11 scale-rel=1.778e-06 elem-rel=4.018e-06 MAPE tf=8.1123 torch=8.1123
WARNING:tensorflow:5 out of the last 5 calls to <function RouteNetGauss.call at 0x7c6a5650c430> triggered tf.function retracing. Tracing is expensive and the excessive number of tracings could be due to (1) creating @tf.function repeatedly in a loop, (2) passing tensors with different shapes, (3) passing Python objects instead of tensors. For (1), please define your @tf.function outside of the loop. For (2), @tf.function has reduce_retracing=True option that can avoid unnecessary retracing. For (3), please refer to https://www.tensorflow.org/guide/function#controlling_retracing and https://www.tensorflow.org/api_docs/python/tf/function for  more details.
[   4] idx=    8 n=  2250 targets_identical=True max|Δ|=4.366e-11 scale-rel=9.585e-07 elem-rel=1.109e-06 MAPE tf=9.5492 torch=9.5492
WARNING:tensorflow:6 out of the last 6 calls to <function RouteNetGauss.call at 0x7c6a5650c430> triggered tf.function retracing. Tracing is expensive and the excessive number of tracings could be due to (1) creating @tf.function repeatedly in a loop, (2) passing tensors with different shapes, (3) passing Python objects instead of tensors. For (1), please define your @tf.function outside of the loop. For (2), @tf.function has reduce_retracing=True option that can avoid unnecessary retracing. For (3), please refer to https://www.tensorflow.org/guide/function#controlling_retracing and https://www.tensorflow.org/api_docs/python/tf/function for  more details.
[   5] idx=    9 n=  2052 targets_identical=True max|Δ|=6.185e-11 scale-rel=1.550e-06 elem-rel=1.806e-06 MAPE tf=12.7293 torch=12.7293
[   6] idx=   11 n=  1000 targets_identical=True max|Δ|=2.365e-11 scale-rel=6.485e-07 elem-rel=1.284e-06 MAPE tf=10.1709 torch=10.1709
[   7] idx=   13 n=  2100 targets_identical=True max|Δ|=3.274e-11 scale-rel=9.439e-07 elem-rel=1.388e-06 MAPE tf=7.0723 torch=7.0723
[   8] idx=   14 n=  2100 targets_identical=True max|Δ|=3.638e-11 scale-rel=9.302e-07 elem-rel=1.943e-06 MAPE tf=9.8956 torch=9.8956
[   9] idx=   15 n=  1500 targets_identical=True max|Δ|=3.274e-11 scale-rel=7.040e-07 elem-rel=1.585e-06 MAPE tf=15.6971 torch=15.6971
[  10] idx=   17 n=  2100 targets_identical=True max|Δ|=2.910e-11 scale-rel=6.413e-07 elem-rel=1.021e-06 MAPE tf=6.7694 torch=6.7694
[  11] idx=   18 n=  2600 targets_identical=True max|Δ|=3.274e-11 scale-rel=7.745e-07 elem-rel=1.610e-06 MAPE tf=9.5025 torch=9.5025
[  12] idx=   19 n=  1300 targets_identical=True max|Δ|=3.092e-11 scale-rel=8.453e-07 elem-rel=1.312e-06 MAPE tf=12.5439 torch=12.5439
[  13] idx=   21 n=  2794 targets_identical=True max|Δ|=3.638e-11 scale-rel=9.855e-07 elem-rel=1.312e-06 MAPE tf=12.1160 torch=12.1160
[  14] idx=   22 n=   850 targets_identical=True max|Δ|=2.183e-11 scale-rel=7.290e-07 elem-rel=9.498e-07 MAPE tf=10.3931 torch=10.3931
[  15] idx=   24 n=  1500 targets_identical=True max|Δ|=5.093e-11 scale-rel=1.137e-06 elem-rel=1.322e-06 MAPE tf=12.7898 torch=12.7898
[  16] idx= 1050 n=  2100 targets_identical=True max|Δ|=2.547e-11 scale-rel=6.418e-07 elem-rel=9.579e-07 MAPE tf=9.6091 torch=9.6091
[  17] idx= 1052 n=  2800 targets_identical=True max|Δ|=5.457e-11 scale-rel=1.432e-06 elem-rel=2.478e-06 MAPE tf=11.2156 torch=11.2156
[  18] idx= 1053 n=  2100 targets_identical=True max|Δ|=6.185e-11 scale-rel=1.468e-06 elem-rel=2.150e-06 MAPE tf=8.1577 torch=8.1577
[  19] idx= 1054 n=  1500 targets_identical=True max|Δ|=3.638e-11 scale-rel=8.274e-07 elem-rel=9.732e-07 MAPE tf=7.7960 torch=7.7960
[  20] idx= 1056 n=  1000 targets_identical=True max|Δ|=2.365e-11 scale-rel=7.192e-07 elem-rel=1.966e-06 MAPE tf=15.0186 torch=15.0186
[  21] idx= 1057 n=  1992 targets_identical=True max|Δ|=3.274e-11 scale-rel=7.572e-07 elem-rel=9.577e-07 MAPE tf=11.9875 torch=11.9875
[  22] idx= 1058 n=  2750 targets_identical=True max|Δ|=2.910e-11 scale-rel=7.114e-07 elem-rel=1.122e-06 MAPE tf=9.5382 torch=9.5382
[  23] idx= 1060 n=   900 targets_identical=True max|Δ|=2.183e-11 scale-rel=6.044e-07 elem-rel=1.910e-06 MAPE tf=9.8267 torch=9.8267
[  24] idx= 1062 n=  1850 targets_identical=True max|Δ|=3.274e-11 scale-rel=7.491e-07 elem-rel=1.222e-06 MAPE tf=8.0077 torch=8.0077
[  25] idx= 1065 n=  1000 targets_identical=True max|Δ|=2.183e-11 scale-rel=6.580e-07 elem-rel=1.032e-06 MAPE tf=10.6389 torch=10.6389
[  26] idx= 1066 n=  2100 targets_identical=True max|Δ|=3.456e-11 scale-rel=7.938e-07 elem-rel=1.335e-06 MAPE tf=8.0605 torch=8.0605
[  27] idx= 1067 n=  2300 targets_identical=True max|Δ|=3.274e-11 scale-rel=7.928e-07 elem-rel=1.166e-06 MAPE tf=8.0242 torch=8.0242
[  28] idx= 1068 n=  1750 targets_identical=True max|Δ|=2.910e-11 scale-rel=6.953e-07 elem-rel=1.157e-06 MAPE tf=11.0917 torch=11.0917
[  29] idx= 1069 n=  1000 targets_identical=True max|Δ|=1.819e-11 scale-rel=4.906e-07 elem-rel=1.334e-06 MAPE tf=12.9109 torch=12.9109
[  30] idx= 1070 n=  2100 targets_identical=True max|Δ|=5.093e-11 scale-rel=1.195e-06 elem-rel=1.743e-06 MAPE tf=10.1467 torch=10.1467
[  31] idx= 1073 n=  2750 targets_identical=True max|Δ|=4.547e-11 scale-rel=1.164e-06 elem-rel=2.355e-06 MAPE tf=11.6395 torch=11.6395
[  32] idx= 1074 n=  2100 targets_identical=True max|Δ|=4.729e-11 scale-rel=1.075e-06 elem-rel=1.400e-06 MAPE tf=6.6449 torch=6.6449
[  33] idx= 1201 n=  2100 targets_identical=True max|Δ|=4.002e-11 scale-rel=7.919e-07 elem-rel=1.152e-06 MAPE tf=8.4373 torch=8.4373
[  34] idx= 1203 n=  1700 targets_identical=True max|Δ|=2.728e-11 scale-rel=8.680e-07 elem-rel=1.673e-06 MAPE tf=13.9157 torch=13.9157
[  35] idx= 1204 n=  1300 targets_identical=True max|Δ|=4.366e-11 scale-rel=1.014e-06 elem-rel=1.221e-06 MAPE tf=13.3870 torch=13.3870
[  36] idx= 1205 n=  2800 targets_identical=True max|Δ|=4.366e-11 scale-rel=9.741e-07 elem-rel=1.285e-06 MAPE tf=7.4304 torch=7.4304
[  37] idx= 1206 n=  2595 targets_identical=True max|Δ|=4.002e-11 scale-rel=9.355e-07 elem-rel=1.199e-06 MAPE tf=9.2714 torch=9.2714
[  38] idx= 1208 n=  1000 targets_identical=True max|Δ|=1.819e-11 scale-rel=5.666e-07 elem-rel=2.579e-06 MAPE tf=10.2557 torch=10.2557
[  39] idx= 1210 n=  2800 targets_identical=True max|Δ|=4.366e-11 scale-rel=1.207e-06 elem-rel=1.773e-06 MAPE tf=10.2715 torch=10.2715
[  40] idx= 1211 n=  1650 targets_identical=True max|Δ|=4.002e-11 scale-rel=1.131e-06 elem-rel=1.950e-06 MAPE tf=8.9391 torch=8.9391
[  41] idx= 1212 n=  2100 targets_identical=True max|Δ|=4.002e-11 scale-rel=7.619e-07 elem-rel=1.240e-06 MAPE tf=8.1787 torch=8.1787
[  42] idx= 1214 n=  2800 targets_identical=True max|Δ|=4.729e-11 scale-rel=1.242e-06 elem-rel=1.713e-06 MAPE tf=11.2564 torch=11.2564
[  43] idx= 1215 n=  2000 targets_identical=True max|Δ|=4.184e-11 scale-rel=9.861e-07 elem-rel=2.686e-06 MAPE tf=7.5270 torch=7.5270
[  44] idx= 1216 n=  2100 targets_identical=True max|Δ|=6.730e-11 scale-rel=2.155e-06 elem-rel=4.660e-06 MAPE tf=13.1551 torch=13.1551
[  45] idx= 1217 n=   700 targets_identical=True max|Δ|=4.002e-11 scale-rel=1.129e-06 elem-rel=1.637e-06 MAPE tf=19.8710 torch=19.8710
[  46] idx= 1218 n=  2100 targets_identical=True max|Δ|=2.365e-11 scale-rel=6.718e-07 elem-rel=1.130e-06 MAPE tf=6.2102 torch=6.2102
[  47] idx= 1219 n=   900 targets_identical=True max|Δ|=2.910e-11 scale-rel=8.302e-07 elem-rel=1.793e-06 MAPE tf=16.5562 torch=16.5562
[  48] idx= 1220 n=   750 targets_identical=True max|Δ|=4.729e-11 scale-rel=8.227e-07 elem-rel=1.313e-06 MAPE tf=15.7300 torch=15.7300
[  49] idx= 1221 n=  2100 targets_identical=True max|Δ|=2.910e-11 scale-rel=8.651e-07 elem-rel=2.695e-06 MAPE tf=10.0390 torch=10.0390
[  50] idx= 1222 n=  1000 targets_identical=True max|Δ|=2.728e-11 scale-rel=8.926e-07 elem-rel=1.254e-06 MAPE tf=13.9395 torch=13.9395
[  51] idx= 1223 n=  1000 targets_identical=True max|Δ|=2.365e-11 scale-rel=7.029e-07 elem-rel=1.474e-06 MAPE tf=12.9833 torch=12.9833
[  52] idx= 1225 n=  2800 targets_identical=True max|Δ|=3.274e-11 scale-rel=7.839e-07 elem-rel=1.253e-06 MAPE tf=8.7601 torch=8.7601
[  53] idx= 1226 n=  2800 targets_identical=True max|Δ|=4.366e-11 scale-rel=7.695e-07 elem-rel=1.105e-06 MAPE tf=6.5564 torch=6.5564
[  54] idx= 1228 n=  2100 targets_identical=True max|Δ|=3.274e-11 scale-rel=8.059e-07 elem-rel=1.523e-06 MAPE tf=8.2394 torch=8.2394
[  55] idx= 1229 n=  2750 targets_identical=True max|Δ|=4.002e-11 scale-rel=1.010e-06 elem-rel=1.496e-06 MAPE tf=7.9981 torch=7.9981
[  56] idx= 1231 n=  2800 targets_identical=True max|Δ|=5.821e-11 scale-rel=1.043e-06 elem-rel=1.426e-06 MAPE tf=7.1125 torch=7.1125
[  57] idx= 1233 n=  1500 targets_identical=True max|Δ|=2.910e-11 scale-rel=6.802e-07 elem-rel=1.249e-06 MAPE tf=8.0351 torch=8.0351
[  58] idx= 1234 n=  1800 targets_identical=True max|Δ|=2.365e-11 scale-rel=6.758e-07 elem-rel=9.500e-07 MAPE tf=7.5341 torch=7.5341
[  59] idx= 1235 n=   950 targets_identical=True max|Δ|=2.910e-11 scale-rel=7.076e-07 elem-rel=1.379e-06 MAPE tf=16.6813 torch=16.6813
[  60] idx= 1236 n=  2650 targets_identical=True max|Δ|=6.185e-11 scale-rel=1.374e-06 elem-rel=1.532e-06 MAPE tf=8.4644 torch=8.4644
[  61] idx= 1237 n=  2032 targets_identical=True max|Δ|=4.911e-11 scale-rel=1.241e-06 elem-rel=2.435e-06 MAPE tf=14.2505 torch=14.2505
[  62] idx= 1238 n=   950 targets_identical=True max|Δ|=2.547e-11 scale-rel=7.051e-07 elem-rel=1.138e-06 MAPE tf=13.1299 torch=13.1299
[  63] idx= 1239 n=  2050 targets_identical=True max|Δ|=3.274e-11 scale-rel=6.003e-07 elem-rel=9.219e-07 MAPE tf=7.7146 torch=7.7146
[  64] idx= 1240 n=   800 targets_identical=True max|Δ|=2.910e-11 scale-rel=7.874e-07 elem-rel=1.201e-06 MAPE tf=13.9008 torch=13.9008
[  65] idx= 1242 n=  2750 targets_identical=True max|Δ|=3.456e-11 scale-rel=7.359e-07 elem-rel=1.626e-06 MAPE tf=12.4197 torch=12.4197
[  66] idx= 1243 n=  2100 targets_identical=True max|Δ|=3.638e-11 scale-rel=7.227e-07 elem-rel=1.940e-06 MAPE tf=7.2516 torch=7.2516
[  67] idx= 1244 n=  1000 targets_identical=True max|Δ|=7.640e-11 scale-rel=2.045e-06 elem-rel=3.885e-06 MAPE tf=12.6816 torch=12.6816
[  68] idx= 1245 n=  2100 targets_identical=True max|Δ|=3.638e-11 scale-rel=8.861e-07 elem-rel=1.384e-06 MAPE tf=9.2891 torch=9.2891
[  69] idx= 1246 n=  2100 targets_identical=True max|Δ|=2.547e-11 scale-rel=8.427e-07 elem-rel=1.281e-06 MAPE tf=7.6460 torch=7.6460
[  70] idx= 1247 n=  2550 targets_identical=True max|Δ|=3.274e-11 scale-rel=7.852e-07 elem-rel=1.121e-06 MAPE tf=7.7950 torch=7.7950
[  71] idx= 1248 n=  2050 targets_identical=True max|Δ|=3.274e-11 scale-rel=8.276e-07 elem-rel=1.578e-06 MAPE tf=10.1381 torch=10.1381
[  72] idx= 1249 n=  2100 targets_identical=True max|Δ|=4.366e-11 scale-rel=1.076e-06 elem-rel=1.422e-06 MAPE tf=8.1741 torch=8.1741
[  73] idx=  125 n=  1750 targets_identical=True max|Δ|=5.275e-11 scale-rel=1.398e-06 elem-rel=2.228e-06 MAPE tf=11.5837 torch=11.5837
[  74] idx=  126 n=  2800 targets_identical=True max|Δ|=3.456e-11 scale-rel=7.544e-07 elem-rel=1.947e-06 MAPE tf=7.7615 torch=7.7615
[  75] idx=  131 n=  1500 targets_identical=True max|Δ|=3.092e-11 scale-rel=8.017e-07 elem-rel=2.036e-06 MAPE tf=11.2635 torch=11.2635
[  76] idx=  135 n=  1650 targets_identical=True max|Δ|=2.910e-11 scale-rel=7.062e-07 elem-rel=1.101e-06 MAPE tf=8.3123 torch=8.3123
[  77] idx=  139 n=  2100 targets_identical=True max|Δ|=3.456e-11 scale-rel=8.573e-07 elem-rel=1.662e-06 MAPE tf=10.4286 torch=10.4286
[  78] idx=  144 n=   700 targets_identical=True max|Δ|=2.910e-11 scale-rel=7.448e-07 elem-rel=1.297e-06 MAPE tf=13.7191 torch=13.7191
[  79] idx=  148 n=  2800 targets_identical=True max|Δ|=5.093e-11 scale-rel=1.329e-06 elem-rel=2.385e-06 MAPE tf=10.9008 torch=10.9008
[  80] idx=  149 n=  2050 targets_identical=True max|Δ|=3.092e-11 scale-rel=6.333e-07 elem-rel=1.112e-06 MAPE tf=11.8449 torch=11.8449
[  81] idx= 1276 n=  2100 targets_identical=True max|Δ|=4.366e-11 scale-rel=7.706e-07 elem-rel=1.116e-06 MAPE tf=7.3640 torch=7.3640
[  82] idx= 1278 n=  1000 targets_identical=True max|Δ|=1.819e-11 scale-rel=4.755e-07 elem-rel=8.634e-07 MAPE tf=10.7654 torch=10.7654
[  83] idx= 1281 n=  2800 targets_identical=True max|Δ|=4.366e-11 scale-rel=1.005e-06 elem-rel=1.313e-06 MAPE tf=7.1018 torch=7.1018
[  84] idx= 1282 n=  2600 targets_identical=True max|Δ|=5.093e-11 scale-rel=1.269e-06 elem-rel=1.666e-06 MAPE tf=8.8565 torch=8.8565
[  85] idx= 1283 n=  1000 targets_identical=True max|Δ|=2.728e-11 scale-rel=8.045e-07 elem-rel=1.427e-06 MAPE tf=13.1107 torch=13.1107
[  86] idx= 1284 n=  1000 targets_identical=True max|Δ|=2.910e-11 scale-rel=6.673e-07 elem-rel=1.328e-06 MAPE tf=10.4024 torch=10.4024
[  87] idx= 1285 n=  2300 targets_identical=True max|Δ|=4.002e-11 scale-rel=8.346e-07 elem-rel=1.531e-06 MAPE tf=8.1833 torch=8.1833
[  88] idx= 1287 n=  2350 targets_identical=True max|Δ|=3.274e-11 scale-rel=6.522e-07 elem-rel=1.136e-06 MAPE tf=7.8662 torch=7.8662
[  89] idx= 1289 n=  2650 targets_identical=True max|Δ|=3.274e-11 scale-rel=6.846e-07 elem-rel=1.056e-06 MAPE tf=7.4859 torch=7.4859
[  90] idx= 1294 n=  1650 targets_identical=True max|Δ|=2.547e-11 scale-rel=6.280e-07 elem-rel=9.553e-07 MAPE tf=8.6474 torch=8.6474
[  91] idx= 1296 n=  2100 targets_identical=True max|Δ|=6.912e-11 scale-rel=1.578e-06 elem-rel=3.183e-06 MAPE tf=12.0430 torch=12.0430
[  92] idx=  225 n=  1000 targets_identical=True max|Δ|=1.637e-11 scale-rel=5.287e-07 elem-rel=1.829e-06 MAPE tf=12.0320 torch=12.0320
[  93] idx=  227 n=  1000 targets_identical=True max|Δ|=2.910e-11 scale-rel=7.483e-07 elem-rel=1.501e-06 MAPE tf=9.3069 torch=9.3069
[  94] idx=  230 n=  1800 targets_identical=True max|Δ|=4.911e-11 scale-rel=1.248e-06 elem-rel=2.123e-06 MAPE tf=13.2232 torch=13.2232
[  95] idx=  233 n=  1500 targets_identical=True max|Δ|=2.910e-11 scale-rel=6.717e-07 elem-rel=1.144e-06 MAPE tf=12.3978 torch=12.3978
[  96] idx=  235 n=  1500 targets_identical=True max|Δ|=4.002e-11 scale-rel=7.271e-07 elem-rel=2.266e-06 MAPE tf=9.0848 torch=9.0848
[  97] idx=  236 n=   700 targets_identical=True max|Δ|=2.547e-11 scale-rel=6.692e-07 elem-rel=1.338e-06 MAPE tf=21.7592 torch=21.7592
[  98] idx=  237 n=  1648 targets_identical=True max|Δ|=2.183e-11 scale-rel=5.675e-07 elem-rel=1.159e-06 MAPE tf=15.3906 torch=15.3906
[  99] idx=  238 n=  2600 targets_identical=True max|Δ|=4.366e-11 scale-rel=8.882e-07 elem-rel=1.385e-06 MAPE tf=8.4471 torch=8.4471
[ 100] idx=  240 n=  2550 targets_identical=True max|Δ|=4.002e-11 scale-rel=9.354e-07 elem-rel=1.189e-06 MAPE tf=7.2107 torch=7.2107
[ 101] idx=  244 n=   700 targets_identical=True max|Δ|=3.820e-11 scale-rel=1.321e-06 elem-rel=2.247e-06 MAPE tf=13.2449 torch=13.2449
[ 102] idx=  247 n=  1800 targets_identical=True max|Δ|=3.092e-11 scale-rel=8.069e-07 elem-rel=1.138e-06 MAPE tf=8.1408 torch=8.1408
[ 103] idx= 2625 n=   750 targets_identical=True max|Δ|=3.092e-11 scale-rel=1.043e-06 elem-rel=1.418e-06 MAPE tf=11.2180 torch=11.2180
[ 104] idx= 2626 n=   800 targets_identical=True max|Δ|=4.184e-11 scale-rel=1.014e-06 elem-rel=1.525e-06 MAPE tf=12.9643 torch=12.9643
[ 105] idx= 2627 n=  2100 targets_identical=True max|Δ|=8.549e-11 scale-rel=2.076e-06 elem-rel=3.180e-06 MAPE tf=10.6221 torch=10.6221
[ 106] idx= 2628 n=  1500 targets_identical=True max|Δ|=2.547e-11 scale-rel=6.624e-07 elem-rel=2.098e-06 MAPE tf=8.8451 torch=8.8451
[ 107] idx= 2630 n=  2000 targets_identical=True max|Δ|=3.274e-11 scale-rel=9.239e-07 elem-rel=1.767e-06 MAPE tf=12.2105 torch=12.2105
[ 108] idx= 2631 n=   900 targets_identical=True max|Δ|=4.366e-11 scale-rel=8.946e-07 elem-rel=1.379e-06 MAPE tf=12.4493 torch=12.4493
[ 109] idx= 2632 n=  2050 targets_identical=True max|Δ|=3.274e-11 scale-rel=7.624e-07 elem-rel=1.421e-06 MAPE tf=9.8600 torch=9.8600
[ 110] idx= 2633 n=   850 targets_identical=True max|Δ|=2.547e-11 scale-rel=5.048e-07 elem-rel=1.171e-06 MAPE tf=13.0485 torch=13.0485
[ 111] idx= 2634 n=  1800 targets_identical=True max|Δ|=3.820e-11 scale-rel=9.163e-07 elem-rel=1.900e-06 MAPE tf=9.1152 torch=9.1152
[ 112] idx= 2635 n=  1000 targets_identical=True max|Δ|=1.819e-11 scale-rel=4.565e-07 elem-rel=9.458e-07 MAPE tf=14.1038 torch=14.1038
[ 113] idx= 2636 n=   950 targets_identical=True max|Δ|=2.547e-11 scale-rel=7.603e-07 elem-rel=1.446e-06 MAPE tf=9.3402 torch=9.3402
[ 114] idx= 2637 n=  1500 targets_identical=True max|Δ|=5.457e-11 scale-rel=1.599e-06 elem-rel=4.703e-06 MAPE tf=14.9565 torch=14.9565
[ 115] idx= 2638 n=   900 targets_identical=True max|Δ|=3.092e-11 scale-rel=8.548e-07 elem-rel=1.201e-06 MAPE tf=10.1457 torch=10.1457
[ 116] idx= 2640 n=  2800 targets_identical=True max|Δ|=7.458e-11 scale-rel=1.765e-06 elem-rel=4.112e-06 MAPE tf=7.7842 torch=7.7842
[ 117] idx= 2642 n=  2100 targets_identical=True max|Δ|=4.547e-11 scale-rel=9.842e-07 elem-rel=2.383e-06 MAPE tf=7.6749 torch=7.6750
[ 118] idx= 2643 n=  2750 targets_identical=True max|Δ|=3.638e-11 scale-rel=7.667e-07 elem-rel=1.322e-06 MAPE tf=8.6740 torch=8.6740
[ 119] idx= 2647 n=  1406 targets_identical=True max|Δ|=2.910e-11 scale-rel=6.895e-07 elem-rel=9.201e-07 MAPE tf=16.7453 torch=16.7453
[ 120] idx= 2648 n=  2350 targets_identical=True max|Δ|=3.638e-11 scale-rel=9.524e-07 elem-rel=1.423e-06 MAPE tf=6.9471 torch=6.9471
[ 121] idx= 2876 n=  2000 targets_identical=True max|Δ|=5.093e-11 scale-rel=1.133e-06 elem-rel=1.363e-06 MAPE tf=10.6559 torch=10.6559
[ 122] idx= 2878 n=  2100 targets_identical=True max|Δ|=4.366e-11 scale-rel=8.493e-07 elem-rel=1.299e-06 MAPE tf=8.2387 torch=8.2387
[ 123] idx= 2880 n=  2550 targets_identical=True max|Δ|=3.274e-11 scale-rel=8.735e-07 elem-rel=1.313e-06 MAPE tf=7.7988 torch=7.7988
[ 124] idx= 2885 n=  2100 targets_identical=True max|Δ|=2.547e-11 scale-rel=7.265e-07 elem-rel=1.250e-06 MAPE tf=7.4154 torch=7.4154
[ 125] idx=  352 n=  2050 targets_identical=True max|Δ|=2.910e-11 scale-rel=7.260e-07 elem-rel=1.854e-06 MAPE tf=10.0444 torch=10.0444
[ 126] idx=  353 n=  2100 targets_identical=True max|Δ|=3.274e-11 scale-rel=7.721e-07 elem-rel=1.224e-06 MAPE tf=9.9452 torch=9.9452
[ 127] idx=  356 n=  2550 targets_identical=True max|Δ|=4.729e-11 scale-rel=9.391e-07 elem-rel=1.440e-06 MAPE tf=7.4136 torch=7.4136
[ 128] idx=  357 n=  1500 targets_identical=True max|Δ|=2.910e-11 scale-rel=6.984e-07 elem-rel=1.869e-06 MAPE tf=9.8649 torch=9.8649
[ 129] idx=  359 n=  1000 targets_identical=True max|Δ|=2.910e-11 scale-rel=7.445e-07 elem-rel=2.090e-06 MAPE tf=12.2443 torch=12.2443
[ 130] idx=  360 n=   650 targets_identical=True max|Δ|=2.183e-11 scale-rel=6.866e-07 elem-rel=1.374e-06 MAPE tf=17.6610 torch=17.6610
[ 131] idx=  363 n=  2100 targets_identical=True max|Δ|=3.456e-11 scale-rel=8.884e-07 elem-rel=1.955e-06 MAPE tf=10.7647 torch=10.7647
[ 132] idx=  366 n=  2100 targets_identical=True max|Δ|=3.638e-11 scale-rel=7.907e-07 elem-rel=1.310e-06 MAPE tf=7.3025 torch=7.3025
[ 133] idx=  367 n=  1400 targets_identical=True max|Δ|=3.274e-11 scale-rel=7.801e-07 elem-rel=1.038e-06 MAPE tf=9.1724 torch=9.1724
[ 134] idx=  369 n=  1500 targets_identical=True max|Δ|=3.274e-11 scale-rel=7.701e-07 elem-rel=9.641e-07 MAPE tf=6.9073 torch=6.9073
[ 135] idx=  370 n=   850 targets_identical=True max|Δ|=3.092e-11 scale-rel=8.430e-07 elem-rel=1.150e-06 MAPE tf=12.8131 torch=12.8131
[ 136] idx=  372 n=  1500 targets_identical=True max|Δ|=2.910e-11 scale-rel=9.067e-07 elem-rel=2.142e-06 MAPE tf=10.0271 torch=10.0271
[ 137] idx=  373 n=  2100 targets_identical=True max|Δ|=3.638e-11 scale-rel=8.530e-07 elem-rel=1.327e-06 MAPE tf=9.9550 torch=9.9550
[ 138] idx=  590 n=  2100 targets_identical=True max|Δ|=2.547e-11 scale-rel=6.874e-07 elem-rel=1.492e-06 MAPE tf=9.1675 torch=9.1675
[ 139] idx=  592 n=  2100 targets_identical=True max|Δ|=3.638e-11 scale-rel=9.135e-07 elem-rel=1.115e-06 MAPE tf=8.0488 torch=8.0488
[ 140] idx=  593 n=  1000 targets_identical=True max|Δ|=2.547e-11 scale-rel=7.328e-07 elem-rel=1.002e-06 MAPE tf=9.2381 torch=9.2381
[ 141] idx=  594 n=  2350 targets_identical=True max|Δ|=5.093e-11 scale-rel=9.999e-07 elem-rel=1.646e-06 MAPE tf=11.8748 torch=11.8748
[ 142] idx=  596 n=  2150 targets_identical=True max|Δ|=4.366e-11 scale-rel=7.417e-07 elem-rel=1.125e-06 MAPE tf=10.8329 torch=10.8329
[ 143] idx=  597 n=  1700 targets_identical=True max|Δ|=2.910e-11 scale-rel=8.375e-07 elem-rel=1.850e-06 MAPE tf=8.8112 torch=8.8112
[ 144] idx=  598 n=  2100 targets_identical=True max|Δ|=2.910e-11 scale-rel=8.000e-07 elem-rel=1.476e-06 MAPE tf=7.3080 torch=7.3080
[ 145] idx=  600 n=  2750 targets_identical=True max|Δ|=4.002e-11 scale-rel=1.092e-06 elem-rel=1.521e-06 MAPE tf=8.9324 torch=8.9324
[ 146] idx=  602 n=  1000 targets_identical=True max|Δ|=2.547e-11 scale-rel=5.873e-07 elem-rel=1.602e-06 MAPE tf=13.9229 torch=13.9229
[ 147] idx=  603 n=  2100 targets_identical=True max|Δ|=4.547e-11 scale-rel=1.195e-06 elem-rel=2.401e-06 MAPE tf=9.6410 torch=9.6410
[ 148] idx=  604 n=  2750 targets_identical=True max|Δ|=4.366e-11 scale-rel=1.178e-06 elem-rel=1.948e-06 MAPE tf=9.2172 torch=9.2172
[ 149] idx=  606 n=  2800 targets_identical=True max|Δ|=4.729e-11 scale-rel=1.213e-06 elem-rel=3.713e-06 MAPE tf=8.0535 torch=8.0535
[ 150] idx=  607 n=  2800 targets_identical=True max|Δ|=4.911e-11 scale-rel=1.247e-06 elem-rel=2.204e-06 MAPE tf=10.8351 torch=10.8351
[ 151] idx=  608 n=  2800 targets_identical=True max|Δ|=5.093e-11 scale-rel=1.110e-06 elem-rel=2.979e-06 MAPE tf=10.4177 torch=10.4177
[ 152] idx=  609 n=  2500 targets_identical=True max|Δ|=3.638e-11 scale-rel=7.980e-07 elem-rel=1.341e-06 MAPE tf=8.4850 torch=8.4850
[ 153] idx=  610 n=  1500 targets_identical=True max|Δ|=2.910e-11 scale-rel=6.762e-07 elem-rel=1.197e-06 MAPE tf=9.7311 torch=9.7311
[ 154] idx=  611 n=  1500 targets_identical=True max|Δ|=3.274e-11 scale-rel=8.569e-07 elem-rel=1.146e-06 MAPE tf=9.0852 torch=9.0852
[ 155] idx=  613 n=  1000 targets_identical=True max|Δ|=2.728e-11 scale-rel=7.635e-07 elem-rel=1.244e-06 MAPE tf=14.1929 torch=14.1929
[ 156] idx=  614 n=  2750 targets_identical=True max|Δ|=4.366e-11 scale-rel=1.077e-06 elem-rel=1.875e-06 MAPE tf=11.2364 torch=11.2364
[ 157] idx=  615 n=   900 targets_identical=True max|Δ|=2.001e-11 scale-rel=5.241e-07 elem-rel=1.247e-06 MAPE tf=10.7866 torch=10.7866
[ 158] idx=  616 n=  1500 targets_identical=True max|Δ|=2.910e-11 scale-rel=6.706e-07 elem-rel=8.459e-07 MAPE tf=14.0805 torch=14.0805
[ 159] idx=  618 n=  1500 targets_identical=True max|Δ|=4.002e-11 scale-rel=1.010e-06 elem-rel=1.241e-06 MAPE tf=9.8253 torch=9.8253
[ 160] idx=  619 n=  2100 targets_identical=True max|Δ|=4.002e-11 scale-rel=9.460e-07 elem-rel=3.007e-06 MAPE tf=12.5731 torch=12.5731
[ 161] idx=  622 n=  2800 targets_identical=True max|Δ|=5.093e-11 scale-rel=1.080e-06 elem-rel=1.331e-06 MAPE tf=7.2072 torch=7.2072
[ 162] idx=  623 n=  2800 targets_identical=True max|Δ|=4.002e-11 scale-rel=7.964e-07 elem-rel=1.491e-06 MAPE tf=5.6098 torch=5.6098
[ 163] idx=  624 n=  1500 targets_identical=True max|Δ|=2.547e-11 scale-rel=5.715e-07 elem-rel=1.300e-06 MAPE tf=10.4502 torch=10.4502
[ 164] idx=  700 n=  2800 targets_identical=True max|Δ|=5.457e-11 scale-rel=1.422e-06 elem-rel=2.948e-06 MAPE tf=12.6514 torch=12.6514
[ 165] idx=  701 n=  2650 targets_identical=True max|Δ|=4.002e-11 scale-rel=1.023e-06 elem-rel=1.584e-06 MAPE tf=10.0105 torch=10.0105
[ 166] idx=  703 n=  2500 targets_identical=True max|Δ|=4.729e-11 scale-rel=1.094e-06 elem-rel=1.481e-06 MAPE tf=9.1844 torch=9.1844
[ 167] idx=  704 n=  1950 targets_identical=True max|Δ|=4.366e-11 scale-rel=1.220e-06 elem-rel=2.302e-06 MAPE tf=8.5770 torch=8.5770
[ 168] idx=  705 n=   850 targets_identical=True max|Δ|=3.638e-11 scale-rel=8.441e-07 elem-rel=1.234e-06 MAPE tf=13.1050 torch=13.1050
[ 169] idx=  707 n=  1400 targets_identical=True max|Δ|=2.547e-11 scale-rel=6.751e-07 elem-rel=1.818e-06 MAPE tf=9.0482 torch=9.0482
[ 170] idx=  708 n=  1350 targets_identical=True max|Δ|=4.002e-11 scale-rel=9.548e-07 elem-rel=1.816e-06 MAPE tf=9.5181 torch=9.5180
[ 171] idx=  709 n=  1000 targets_identical=True max|Δ|=2.001e-11 scale-rel=5.691e-07 elem-rel=1.465e-06 MAPE tf=13.2649 torch=13.2649
[ 172] idx=  711 n=  1500 targets_identical=True max|Δ|=4.002e-11 scale-rel=9.892e-07 elem-rel=1.662e-06 MAPE tf=9.0939 torch=9.0939
[ 173] idx=  712 n=  2100 targets_identical=True max|Δ|=4.002e-11 scale-rel=8.429e-07 elem-rel=1.170e-06 MAPE tf=7.8853 torch=7.8853
[ 174] idx=  716 n=  2800 targets_identical=True max|Δ|=4.002e-11 scale-rel=9.402e-07 elem-rel=1.708e-06 MAPE tf=10.3019 torch=10.3019
[ 175] idx=  717 n=  2100 targets_identical=True max|Δ|=4.002e-11 scale-rel=9.496e-07 elem-rel=1.716e-06 MAPE tf=14.0174 torch=14.0174
[ 176] idx=  720 n=  2600 targets_identical=True max|Δ|=4.366e-11 scale-rel=9.421e-07 elem-rel=2.052e-06 MAPE tf=8.8284 torch=8.8284
[ 177] idx=  724 n=  2800 targets_identical=True max|Δ|=5.093e-11 scale-rel=1.249e-06 elem-rel=2.099e-06 MAPE tf=13.8641 torch=13.8641

===== L0 forward parity =====
  n_scenarios                  178
  n_predictions                333619
  all_targets_identical        True
  max_abs_diff                 8.549250196665525e-11
  worst_scale_rel_diff         2.155402668248693e-06
  worst_elem_rel_diff          4.703487447803048e-06
  mape_tf                      9.871674329042435
  mape_torch                   9.871675074100494
  tf_seconds_per_scenario      8.354489816708512
  torch_seconds_per_scenario   1.8306259024009277
  passed                       True
  report -> pytorch_version_results/parity/l0_paper_trex_synthetic_jitter.json
