[   0] idx=    0 n=  4688 targets_identical=True max|Δ|=3.538e-10 scale-rel=7.117e-06 elem-rel=2.027e-04 MAPE tf=14.0401 torch=14.0401
[   1] idx=    2 n=  4497 targets_identical=True max|Δ|=8.217e-10 scale-rel=1.540e-05 elem-rel=7.665e-04 MAPE tf=12.0338 torch=12.0339
[   2] idx=    6 n=  3514 targets_identical=True max|Δ|=2.228e-10 scale-rel=4.211e-06 elem-rel=7.124e-04 MAPE tf=10.6521 torch=10.6521
[   3] idx=    7 n=  3595 targets_identical=True max|Δ|=4.302e-10 scale-rel=9.013e-06 elem-rel=3.242e-04 MAPE tf=12.9260 torch=12.9260
[   4] idx=   17 n=  4749 targets_identical=True max|Δ|=5.339e-10 scale-rel=1.149e-05 elem-rel=4.118e-03 MAPE tf=11.1733 torch=11.1733
[   5] idx=   18 n=  3575 targets_identical=True max|Δ|=2.565e-10 scale-rel=5.145e-06 elem-rel=2.341e-05 MAPE tf=12.9070 torch=12.9070
WARNING:tensorflow:5 out of the last 7 calls to <function RouteNetGauss.call at 0x7c5f8dd103a0> triggered tf.function retracing. Tracing is expensive and the excessive number of tracings could be due to (1) creating @tf.function repeatedly in a loop, (2) passing tensors with different shapes, (3) passing Python objects instead of tensors. For (1), please define your @tf.function outside of the loop. For (2), @tf.function has reduce_retracing=True option that can avoid unnecessary retracing. For (3), please refer to https://www.tensorflow.org/guide/function#controlling_retracing and https://www.tensorflow.org/api_docs/python/tf/function for  more details.
[   6] idx=   22 n=  4682 targets_identical=True max|Δ|=4.652e-10 scale-rel=9.363e-06 elem-rel=1.212e-03 MAPE tf=9.2085 torch=9.2085
WARNING:tensorflow:6 out of the last 8 calls to <function RouteNetGauss.call at 0x7c5f8dd103a0> triggered tf.function retracing. Tracing is expensive and the excessive number of tracings could be due to (1) creating @tf.function repeatedly in a loop, (2) passing tensors with different shapes, (3) passing Python objects instead of tensors. For (1), please define your @tf.function outside of the loop. For (2), @tf.function has reduce_retracing=True option that can avoid unnecessary retracing. For (3), please refer to https://www.tensorflow.org/guide/function#controlling_retracing and https://www.tensorflow.org/api_docs/python/tf/function for  more details.
[   7] idx= 1055 n=  4783 targets_identical=True max|Δ|=5.075e-10 scale-rel=1.113e-05 elem-rel=6.084e-04 MAPE tf=11.0400 torch=11.0399
[   8] idx= 1058 n=  1737 targets_identical=True max|Δ|=2.574e-10 scale-rel=5.201e-06 elem-rel=7.597e-04 MAPE tf=15.7224 torch=15.7224
[   9] idx= 1061 n=  3544 targets_identical=True max|Δ|=6.003e-10 scale-rel=1.246e-05 elem-rel=1.135e-04 MAPE tf=9.6536 torch=9.6536
[  10] idx= 1062 n=  1498 targets_identical=True max|Δ|=4.466e-10 scale-rel=9.469e-06 elem-rel=4.025e-05 MAPE tf=13.2415 torch=13.2415
[  11] idx= 1065 n=  4735 targets_identical=True max|Δ|=5.866e-10 scale-rel=1.166e-05 elem-rel=2.167e-03 MAPE tf=11.6361 torch=11.6361
[  12] idx= 1066 n=  3565 targets_identical=True max|Δ|=5.116e-10 scale-rel=1.031e-05 elem-rel=1.103e-04 MAPE tf=11.7188 torch=11.7188
[  13] idx= 1073 n=  1532 targets_identical=True max|Δ|=1.564e-10 scale-rel=2.578e-06 elem-rel=8.365e-06 MAPE tf=11.5516 torch=11.5516
[  14] idx= 1206 n=  4799 targets_identical=True max|Δ|=3.042e-10 scale-rel=6.006e-06 elem-rel=9.763e-04 MAPE tf=11.0213 torch=11.0212
[  15] idx= 1212 n=  3576 targets_identical=True max|Δ|=4.366e-10 scale-rel=1.040e-05 elem-rel=6.044e-05 MAPE tf=9.5440 torch=9.5440
[  16] idx= 1213 n=  4832 targets_identical=True max|Δ|=2.929e-10 scale-rel=5.182e-06 elem-rel=1.135e-04 MAPE tf=8.1932 torch=8.1932
[  17] idx= 1214 n=  1527 targets_identical=True max|Δ|=1.246e-10 scale-rel=1.905e-06 elem-rel=1.300e-05 MAPE tf=16.1501 torch=16.1501
[  18] idx= 1218 n=  2613 targets_identical=True max|Δ|=2.703e-10 scale-rel=4.546e-06 elem-rel=8.903e-05 MAPE tf=10.1841 torch=10.1841
[  19] idx= 1223 n=  3556 targets_identical=True max|Δ|=2.547e-10 scale-rel=4.922e-06 elem-rel=2.753e-04 MAPE tf=11.9818 torch=11.9818
[  20] idx= 1240 n=  3599 targets_identical=True max|Δ|=2.597e-10 scale-rel=5.060e-06 elem-rel=7.165e-05 MAPE tf=11.1269 torch=11.1269
[  21] idx= 1241 n=  2586 targets_identical=True max|Δ|=3.547e-10 scale-rel=7.124e-06 elem-rel=3.375e-04 MAPE tf=12.6877 torch=12.6877
[  22] idx= 1248 n=  3546 targets_identical=True max|Δ|=2.874e-10 scale-rel=6.284e-06 elem-rel=9.814e-05 MAPE tf=11.0230 torch=11.0230
[  23] idx=  143 n=  1724 targets_identical=True max|Δ|=1.673e-10 scale-rel=2.604e-06 elem-rel=5.956e-05 MAPE tf=10.5291 torch=10.5291
[  24] idx= 1284 n=  1486 targets_identical=True max|Δ|=2.474e-10 scale-rel=5.333e-06 elem-rel=3.040e-05 MAPE tf=13.5244 torch=13.5244
[  25] idx= 1285 n=  3536 targets_identical=True max|Δ|=2.074e-10 scale-rel=4.409e-06 elem-rel=4.337e-04 MAPE tf=11.3372 torch=11.3372
[  26] idx= 1287 n=  4800 targets_identical=True max|Δ|=2.979e-10 scale-rel=6.417e-06 elem-rel=6.573e-05 MAPE tf=11.5903 torch=11.5903
[  27] idx= 1290 n=  2529 targets_identical=True max|Δ|=4.075e-10 scale-rel=5.871e-06 elem-rel=4.033e-05 MAPE tf=11.5163 torch=11.5163
[  28] idx=  213 n=  1730 targets_identical=True max|Δ|=4.538e-10 scale-rel=9.209e-06 elem-rel=1.734e-04 MAPE tf=13.4774 torch=13.4774
[  29] idx=  215 n=  4803 targets_identical=True max|Δ|=1.819e-10 scale-rel=3.844e-06 elem-rel=7.250e-05 MAPE tf=8.9710 torch=8.9710
[  30] idx=  226 n=  4608 targets_identical=True max|Δ|=7.885e-10 scale-rel=1.533e-05 elem-rel=1.007e-03 MAPE tf=13.1280 torch=13.1280
[  31] idx=  228 n=  3542 targets_identical=True max|Δ|=1.000e-10 scale-rel=1.911e-06 elem-rel=8.672e-05 MAPE tf=10.7853 torch=10.7853
[  32] idx=  245 n=  4707 targets_identical=True max|Δ|=4.602e-10 scale-rel=1.023e-05 elem-rel=1.423e-03 MAPE tf=12.2972 torch=12.2972
[  33] idx=  246 n=  1687 targets_identical=True max|Δ|=1.480e-09 scale-rel=2.501e-05 elem-rel=2.148e-04 MAPE tf=15.9660 torch=15.9661
[  34] idx= 2629 n=  3570 targets_identical=True max|Δ|=4.729e-10 scale-rel=8.775e-06 elem-rel=9.004e-05 MAPE tf=23.7730 torch=23.7731
[  35] idx= 2635 n=  3437 targets_identical=True max|Δ|=3.079e-10 scale-rel=6.478e-06 elem-rel=1.540e-04 MAPE tf=11.7152 torch=11.7152
[  36] idx= 2638 n=  1619 targets_identical=True max|Δ|=2.974e-10 scale-rel=5.121e-06 elem-rel=3.064e-05 MAPE tf=12.2601 torch=12.2601
[  37] idx= 2640 n=  4691 targets_identical=True max|Δ|=5.639e-10 scale-rel=1.022e-05 elem-rel=2.924e-04 MAPE tf=11.4300 torch=11.4300
[  38] idx= 2889 n=  4754 targets_identical=True max|Δ|=2.074e-10 scale-rel=4.561e-06 elem-rel=1.777e-04 MAPE tf=9.3445 torch=9.3445
[  39] idx=  308 n=  3559 targets_identical=True max|Δ|=5.803e-10 scale-rel=1.012e-05 elem-rel=2.222e-04 MAPE tf=12.4842 torch=12.4842
[  40] idx=  324 n=  3596 targets_identical=True max|Δ|=5.357e-10 scale-rel=1.120e-05 elem-rel=9.281e-05 MAPE tf=8.7973 torch=8.7973
[  41] idx=  539 n=  1708 targets_identical=True max|Δ|=1.555e-10 scale-rel=3.605e-06 elem-rel=2.007e-05 MAPE tf=10.1974 torch=10.1974
[  42] idx=  540 n=  3425 targets_identical=True max|Δ|=5.357e-10 scale-rel=1.093e-05 elem-rel=2.294e-03 MAPE tf=15.5306 torch=15.5306
[  43] idx=  554 n=  1710 targets_identical=True max|Δ|=1.091e-10 scale-rel=2.033e-06 elem-rel=3.929e-06 MAPE tf=9.3147 torch=9.3147
[  44] idx=  567 n=  1712 targets_identical=True max|Δ|=5.148e-10 scale-rel=9.403e-06 elem-rel=5.256e-05 MAPE tf=14.0877 torch=14.0877
[  45] idx=  570 n=  4769 targets_identical=True max|Δ|=2.328e-10 scale-rel=4.553e-06 elem-rel=1.395e-04 MAPE tf=9.6993 torch=9.6993
[  46] idx=  574 n=  3595 targets_identical=True max|Δ|=4.179e-10 scale-rel=8.347e-06 elem-rel=6.058e-05 MAPE tf=9.1660 torch=9.1660
[  47] idx=  657 n=  3562 targets_identical=True max|Δ|=3.693e-10 scale-rel=7.024e-06 elem-rel=3.176e-04 MAPE tf=11.7993 torch=11.7993
[  48] idx=  662 n=  3619 targets_identical=True max|Δ|=4.457e-10 scale-rel=9.513e-06 elem-rel=8.191e-05 MAPE tf=10.9476 torch=10.9477
[  49] idx=  665 n=  4766 targets_identical=True max|Δ|=5.411e-10 scale-rel=1.000e-05 elem-rel=1.009e-04 MAPE tf=12.0440 torch=12.0440
[  50] idx=  669 n=  3670 targets_identical=True max|Δ|=3.593e-10 scale-rel=7.277e-06 elem-rel=4.340e-05 MAPE tf=9.5380 torch=9.5380

===== L0 forward parity =====
  n_scenarios                  51
  n_predictions                174242
  all_targets_identical        True
  max_abs_diff                 1.4797478797845542e-09
  worst_scale_rel_diff         2.5006147792942334e-05
  worst_elem_rel_diff          0.004118387257788984
  mape_tf                      11.612259596586227
  mape_torch                   11.612264811992645
  tf_seconds_per_scenario      6.398163893643548
  torch_seconds_per_scenario   2.2563044043148266
  passed                       True
  report -> pytorch_version_results/parity/l0_paper_trex_multiburst_jitter.json
