[   0] idx=    0 n=  2800 targets_identical=True max|Δ|=1.921e-09 scale-rel=8.616e-06 elem-rel=1.169e-05 MAPE tf=1.7614 torch=1.7615
[   1] idx=    2 n=  1350 targets_identical=True max|Δ|=2.532e-09 scale-rel=1.247e-05 elem-rel=1.919e-05 MAPE tf=2.5306 torch=2.5306
[   2] idx=    3 n=  2800 targets_identical=True max|Δ|=1.804e-09 scale-rel=8.029e-06 elem-rel=9.253e-06 MAPE tf=2.1227 torch=2.1227
[   3] idx=    5 n=  2600 targets_identical=True max|Δ|=3.871e-09 scale-rel=1.730e-05 elem-rel=2.038e-05 MAPE tf=2.1251 torch=2.1251
WARNING:tensorflow:5 out of the last 5 calls to <function RouteNetGauss.call at 0x7242efdfc4c0> triggered tf.function retracing. Tracing is expensive and the excessive number of tracings could be due to (1) creating @tf.function repeatedly in a loop, (2) passing tensors with different shapes, (3) passing Python objects instead of tensors. For (1), please define your @tf.function outside of the loop. For (2), @tf.function has reduce_retracing=True option that can avoid unnecessary retracing. For (3), please refer to https://www.tensorflow.org/guide/function#controlling_retracing and https://www.tensorflow.org/api_docs/python/tf/function for  more details.
[   4] idx=    8 n=  2250 targets_identical=True max|Δ|=2.590e-09 scale-rel=1.061e-05 elem-rel=1.665e-05 MAPE tf=3.2479 torch=3.2479
WARNING:tensorflow:6 out of the last 6 calls to <function RouteNetGauss.call at 0x7242efdfc4c0> triggered tf.function retracing. Tracing is expensive and the excessive number of tracings could be due to (1) creating @tf.function repeatedly in a loop, (2) passing tensors with different shapes, (3) passing Python objects instead of tensors. For (1), please define your @tf.function outside of the loop. For (2), @tf.function has reduce_retracing=True option that can avoid unnecessary retracing. For (3), please refer to https://www.tensorflow.org/guide/function#controlling_retracing and https://www.tensorflow.org/api_docs/python/tf/function for  more details.
[   5] idx=    9 n=  2100 targets_identical=True max|Δ|=9.924e-09 scale-rel=4.256e-05 elem-rel=5.589e-05 MAPE tf=5.4387 torch=5.4387
[   6] idx=   11 n=  1000 targets_identical=True max|Δ|=1.950e-09 scale-rel=1.279e-05 elem-rel=2.014e-05 MAPE tf=2.4209 torch=2.4210
[   7] idx=   13 n=  2100 targets_identical=True max|Δ|=9.604e-10 scale-rel=5.484e-06 elem-rel=6.918e-06 MAPE tf=2.4092 torch=2.4092
[   8] idx=   14 n=  2100 targets_identical=True max|Δ|=9.895e-10 scale-rel=5.769e-06 elem-rel=7.627e-06 MAPE tf=2.6223 torch=2.6223
[   9] idx=   15 n=  1500 targets_identical=True max|Δ|=1.572e-09 scale-rel=7.752e-06 elem-rel=9.218e-06 MAPE tf=2.3416 torch=2.3416
[  10] idx=   17 n=  2100 targets_identical=True max|Δ|=1.077e-09 scale-rel=4.914e-06 elem-rel=5.854e-06 MAPE tf=2.5107 torch=2.5107
[  11] idx=   18 n=  2600 targets_identical=True max|Δ|=1.950e-09 scale-rel=8.293e-06 elem-rel=1.532e-05 MAPE tf=2.2363 torch=2.2363
[  12] idx=   19 n=  1300 targets_identical=True max|Δ|=4.686e-09 scale-rel=1.937e-05 elem-rel=2.883e-05 MAPE tf=3.8488 torch=3.8488
[  13] idx=   21 n=  2800 targets_identical=True max|Δ|=1.074e-08 scale-rel=3.812e-05 elem-rel=4.340e-05 MAPE tf=3.4609 torch=3.4608
[  14] idx=   22 n=   850 targets_identical=True max|Δ|=2.023e-09 scale-rel=1.296e-05 elem-rel=1.949e-05 MAPE tf=3.2754 torch=3.2753
[  15] idx=   24 n=  1500 targets_identical=True max|Δ|=1.732e-09 scale-rel=8.211e-06 elem-rel=1.259e-05 MAPE tf=2.8063 torch=2.8063
[  16] idx= 1050 n=  2100 targets_identical=True max|Δ|=1.470e-09 scale-rel=6.067e-06 elem-rel=1.297e-05 MAPE tf=2.7195 torch=2.7195
[  17] idx= 1052 n=  2800 targets_identical=True max|Δ|=1.543e-09 scale-rel=7.195e-06 elem-rel=9.119e-06 MAPE tf=1.9508 torch=1.9508
[  18] idx= 1053 n=  2100 targets_identical=True max|Δ|=3.143e-09 scale-rel=1.304e-05 elem-rel=1.632e-05 MAPE tf=2.1693 torch=2.1693
[  19] idx= 1054 n=  1500 targets_identical=True max|Δ|=7.276e-10 scale-rel=3.825e-06 elem-rel=4.924e-06 MAPE tf=2.1055 torch=2.1055
[  20] idx= 1056 n=  1000 targets_identical=True max|Δ|=7.858e-10 scale-rel=5.060e-06 elem-rel=6.053e-06 MAPE tf=2.6184 torch=2.6185
[  21] idx= 1057 n=  2000 targets_identical=True max|Δ|=1.157e-08 scale-rel=5.506e-05 elem-rel=2.361e-04 MAPE tf=4.5252 torch=4.5253
[  22] idx= 1058 n=  2750 targets_identical=True max|Δ|=2.049e-08 scale-rel=1.077e-04 elem-rel=1.225e-04 MAPE tf=2.0800 torch=2.0800
[  23] idx= 1060 n=   900 targets_identical=True max|Δ|=9.022e-10 scale-rel=4.911e-06 elem-rel=6.254e-06 MAPE tf=2.0399 torch=2.0399
[  24] idx= 1062 n=  1850 targets_identical=True max|Δ|=4.278e-09 scale-rel=2.365e-05 elem-rel=3.489e-05 MAPE tf=2.4893 torch=2.4893
[  25] idx= 1065 n=  1000 targets_identical=True max|Δ|=8.440e-10 scale-rel=5.458e-06 elem-rel=6.115e-06 MAPE tf=2.2926 torch=2.2926
[  26] idx= 1066 n=  2100 targets_identical=True max|Δ|=1.455e-09 scale-rel=6.810e-06 elem-rel=8.914e-06 MAPE tf=2.2605 torch=2.2605
[  27] idx= 1067 n=  2300 targets_identical=True max|Δ|=1.598e-08 scale-rel=6.720e-05 elem-rel=7.379e-05 MAPE tf=3.5308 torch=3.5307
[  28] idx= 1068 n=  1750 targets_identical=True max|Δ|=5.326e-09 scale-rel=2.425e-05 elem-rel=3.169e-05 MAPE tf=2.8396 torch=2.8396
[  29] idx= 1069 n=  1000 targets_identical=True max|Δ|=5.530e-10 scale-rel=3.591e-06 elem-rel=4.228e-06 MAPE tf=2.3765 torch=2.3765
[  30] idx= 1070 n=  2100 targets_identical=True max|Δ|=1.572e-09 scale-rel=7.465e-06 elem-rel=9.967e-06 MAPE tf=2.5638 torch=2.5638
[  31] idx= 1073 n=  2750 targets_identical=True max|Δ|=2.532e-09 scale-rel=1.138e-05 elem-rel=2.607e-05 MAPE tf=2.5657 torch=2.5657
[  32] idx= 1074 n=  2100 targets_identical=True max|Δ|=4.307e-09 scale-rel=2.133e-05 elem-rel=2.616e-05 MAPE tf=2.7713 torch=2.7712
[  33] idx= 1201 n=  2100 targets_identical=True max|Δ|=2.081e-09 scale-rel=9.651e-06 elem-rel=1.524e-05 MAPE tf=2.5203 torch=2.5203
[  34] idx= 1203 n=  1700 targets_identical=True max|Δ|=3.303e-09 scale-rel=1.657e-05 elem-rel=3.815e-05 MAPE tf=3.9811 torch=3.9811
[  35] idx= 1204 n=  1300 targets_identical=True max|Δ|=4.919e-09 scale-rel=2.425e-05 elem-rel=4.045e-05 MAPE tf=2.6334 torch=2.6335
[  36] idx= 1205 n=  2800 targets_identical=True max|Δ|=1.746e-09 scale-rel=7.349e-06 elem-rel=7.960e-06 MAPE tf=5.9880 torch=5.9880
[  37] idx= 1206 n=  2600 targets_identical=True max|Δ|=1.409e-08 scale-rel=4.318e-05 elem-rel=4.590e-05 MAPE tf=4.8993 torch=4.8992
[  38] idx= 1208 n=  1000 targets_identical=True max|Δ|=4.366e-10 scale-rel=2.929e-06 elem-rel=3.314e-06 MAPE tf=2.5243 torch=2.5243
[  39] idx= 1210 n=  2800 targets_identical=True max|Δ|=1.746e-09 scale-rel=7.702e-06 elem-rel=1.106e-05 MAPE tf=1.8019 torch=1.8019
[  40] idx= 1211 n=  1650 targets_identical=True max|Δ|=2.969e-09 scale-rel=1.433e-05 elem-rel=2.123e-05 MAPE tf=2.6283 torch=2.6283
[  41] idx= 1212 n=  2100 targets_identical=True max|Δ|=6.839e-10 scale-rel=3.412e-06 elem-rel=5.595e-06 MAPE tf=2.2427 torch=2.2426
[  42] idx= 1214 n=  2800 targets_identical=True max|Δ|=1.572e-09 scale-rel=7.794e-06 elem-rel=1.130e-05 MAPE tf=2.1096 torch=2.1096
[  43] idx= 1215 n=  2000 targets_identical=True max|Δ|=2.881e-09 scale-rel=1.240e-05 elem-rel=1.973e-05 MAPE tf=2.6635 torch=2.6635
[  44] idx= 1216 n=  2100 targets_identical=True max|Δ|=2.387e-09 scale-rel=1.206e-05 elem-rel=1.405e-05 MAPE tf=2.4628 torch=2.4628
[  45] idx= 1217 n=   700 targets_identical=True max|Δ|=1.106e-09 scale-rel=6.578e-06 elem-rel=7.919e-06 MAPE tf=2.5355 torch=2.5355
[  46] idx= 1218 n=  2100 targets_identical=True max|Δ|=1.397e-09 scale-rel=7.468e-06 elem-rel=8.109e-06 MAPE tf=2.2431 torch=2.2431
[  47] idx= 1219 n=   900 targets_identical=True max|Δ|=4.671e-09 scale-rel=2.662e-05 elem-rel=5.149e-05 MAPE tf=3.2228 torch=3.2228
[  48] idx= 1220 n=   750 targets_identical=True max|Δ|=1.834e-09 scale-rel=8.715e-06 elem-rel=1.929e-05 MAPE tf=4.5307 torch=4.5307
[  49] idx= 1221 n=  2100 targets_identical=True max|Δ|=1.397e-09 scale-rel=8.161e-06 elem-rel=9.417e-06 MAPE tf=2.4103 torch=2.4103
[  50] idx= 1222 n=  1000 targets_identical=True max|Δ|=1.164e-09 scale-rel=7.556e-06 elem-rel=9.233e-06 MAPE tf=2.9271 torch=2.9271
[  51] idx= 1223 n=  1000 targets_identical=True max|Δ|=1.222e-09 scale-rel=8.113e-06 elem-rel=9.586e-06 MAPE tf=2.3587 torch=2.3587
[  52] idx= 1225 n=  2800 targets_identical=True max|Δ|=9.459e-09 scale-rel=4.073e-05 elem-rel=6.197e-05 MAPE tf=2.4105 torch=2.4104
[  53] idx= 1226 n=  2800 targets_identical=True max|Δ|=1.048e-09 scale-rel=4.762e-06 elem-rel=7.673e-06 MAPE tf=2.1851 torch=2.1851
[  54] idx= 1228 n=  2100 targets_identical=True max|Δ|=1.397e-09 scale-rel=6.741e-06 elem-rel=1.061e-05 MAPE tf=2.1569 torch=2.1569
[  55] idx= 1229 n=  2750 targets_identical=True max|Δ|=3.289e-09 scale-rel=1.532e-05 elem-rel=1.874e-05 MAPE tf=2.2288 torch=2.2288
[  56] idx= 1231 n=  2800 targets_identical=True max|Δ|=1.455e-09 scale-rel=5.941e-06 elem-rel=6.861e-06 MAPE tf=2.0593 torch=2.0593
[  57] idx= 1233 n=  1500 targets_identical=True max|Δ|=1.572e-09 scale-rel=7.943e-06 elem-rel=9.064e-06 MAPE tf=2.6387 torch=2.6387
[  58] idx= 1234 n=  1800 targets_identical=True max|Δ|=2.212e-09 scale-rel=1.230e-05 elem-rel=1.922e-05 MAPE tf=2.5588 torch=2.5589
[  59] idx= 1235 n=   950 targets_identical=True max|Δ|=2.841e-09 scale-rel=1.806e-05 elem-rel=1.455e-03 MAPE tf=5.7454 torch=5.7454
[  60] idx= 1236 n=  2650 targets_identical=True max|Δ|=7.742e-09 scale-rel=3.391e-05 elem-rel=5.057e-05 MAPE tf=2.4603 torch=2.4603
[  61] idx= 1237 n=  2050 targets_identical=True max|Δ|=1.563e-08 scale-rel=4.249e-05 elem-rel=4.721e-05 MAPE tf=5.0509 torch=5.0508
[  62] idx= 1238 n=   950 targets_identical=True max|Δ|=1.164e-09 scale-rel=5.770e-06 elem-rel=1.048e-05 MAPE tf=2.8112 torch=2.8111
[  63] idx= 1239 n=  2050 targets_identical=True max|Δ|=1.717e-09 scale-rel=7.375e-06 elem-rel=1.061e-05 MAPE tf=2.6295 torch=2.6295
[  64] idx= 1240 n=   800 targets_identical=True max|Δ|=9.604e-10 scale-rel=5.721e-06 elem-rel=6.950e-06 MAPE tf=2.7321 torch=2.7321
[  65] idx= 1242 n=  2750 targets_identical=True max|Δ|=1.006e-08 scale-rel=4.526e-05 elem-rel=1.045e-04 MAPE tf=3.5260 torch=3.5260
[  66] idx= 1243 n=  2100 targets_identical=True max|Δ|=2.474e-09 scale-rel=1.102e-05 elem-rel=1.292e-05 MAPE tf=2.4464 torch=2.4464
[  67] idx= 1244 n=  1000 targets_identical=True max|Δ|=6.403e-10 scale-rel=4.164e-06 elem-rel=7.703e-06 MAPE tf=2.3879 torch=2.3879
[  68] idx= 1245 n=  2100 targets_identical=True max|Δ|=1.921e-09 scale-rel=9.134e-06 elem-rel=1.202e-05 MAPE tf=1.9523 torch=1.9523
[  69] idx= 1246 n=  2100 targets_identical=True max|Δ|=1.688e-09 scale-rel=8.301e-06 elem-rel=1.109e-05 MAPE tf=2.7643 torch=2.7643
[  70] idx= 1247 n=  2550 targets_identical=True max|Δ|=1.470e-09 scale-rel=6.587e-06 elem-rel=9.312e-06 MAPE tf=1.9795 torch=1.9795
[  71] idx= 1248 n=  2050 targets_identical=True max|Δ|=9.313e-10 scale-rel=4.077e-06 elem-rel=6.673e-06 MAPE tf=2.7435 torch=2.7435
[  72] idx= 1249 n=  2100 targets_identical=True max|Δ|=1.426e-09 scale-rel=6.983e-06 elem-rel=8.431e-06 MAPE tf=1.7443 torch=1.7443
[  73] idx=  125 n=  1750 targets_identical=True max|Δ|=3.551e-09 scale-rel=1.668e-05 elem-rel=2.447e-05 MAPE tf=3.3132 torch=3.3132
[  74] idx=  126 n=  2800 targets_identical=True max|Δ|=1.077e-09 scale-rel=4.557e-06 elem-rel=7.167e-06 MAPE tf=2.1537 torch=2.1537
[  75] idx=  131 n=  1500 targets_identical=True max|Δ|=2.212e-09 scale-rel=1.118e-05 elem-rel=1.242e-05 MAPE tf=2.0743 torch=2.0743
[  76] idx=  135 n=  1650 targets_identical=True max|Δ|=1.310e-09 scale-rel=5.853e-06 elem-rel=9.300e-06 MAPE tf=3.2403 torch=3.2404
[  77] idx=  139 n=  2100 targets_identical=True max|Δ|=1.688e-09 scale-rel=8.288e-06 elem-rel=1.179e-05 MAPE tf=2.7864 torch=2.7864
[  78] idx=  144 n=   700 targets_identical=True max|Δ|=2.095e-09 scale-rel=1.275e-05 elem-rel=1.655e-05 MAPE tf=2.7508 torch=2.7508
[  79] idx=  148 n=  2800 targets_identical=True max|Δ|=1.572e-09 scale-rel=7.202e-06 elem-rel=1.096e-05 MAPE tf=2.0560 torch=2.0560
[  80] idx=  149 n=  2050 targets_identical=True max|Δ|=1.863e-09 scale-rel=8.680e-06 elem-rel=1.400e-05 MAPE tf=2.7161 torch=2.7161
[  81] idx= 1276 n=  2100 targets_identical=True max|Δ|=4.133e-09 scale-rel=1.697e-05 elem-rel=2.923e-05 MAPE tf=2.6936 torch=2.6936
[  82] idx= 1278 n=  1000 targets_identical=True max|Δ|=2.270e-09 scale-rel=1.423e-05 elem-rel=1.721e-05 MAPE tf=2.3076 torch=2.3076
[  83] idx= 1281 n=  2800 targets_identical=True max|Δ|=1.281e-09 scale-rel=6.060e-06 elem-rel=7.831e-06 MAPE tf=2.1423 torch=2.1423
[  84] idx= 1282 n=  2600 targets_identical=True max|Δ|=2.823e-09 scale-rel=1.097e-05 elem-rel=2.590e-05 MAPE tf=2.6164 torch=2.6164
[  85] idx= 1283 n=  1000 targets_identical=True max|Δ|=1.251e-09 scale-rel=7.984e-06 elem-rel=8.679e-06 MAPE tf=2.0922 torch=2.0922
[  86] idx= 1284 n=  1000 targets_identical=True max|Δ|=2.095e-09 scale-rel=1.070e-05 elem-rel=1.243e-05 MAPE tf=2.4384 torch=2.4384
[  87] idx= 1285 n=  2300 targets_identical=True max|Δ|=8.935e-09 scale-rel=3.798e-05 elem-rel=5.960e-05 MAPE tf=2.5869 torch=2.5868
[  88] idx= 1287 n=  2350 targets_identical=True max|Δ|=5.079e-09 scale-rel=2.232e-05 elem-rel=4.292e-05 MAPE tf=2.1319 torch=2.1319
[  89] idx= 1289 n=  2650 targets_identical=True max|Δ|=6.330e-09 scale-rel=2.604e-05 elem-rel=4.642e-05 MAPE tf=2.2500 torch=2.2500
[  90] idx= 1294 n=  1650 targets_identical=True max|Δ|=5.690e-09 scale-rel=3.065e-05 elem-rel=5.439e-05 MAPE tf=2.6669 torch=2.6669
[  91] idx= 1296 n=  2100 targets_identical=True max|Δ|=2.328e-09 scale-rel=1.104e-05 elem-rel=1.288e-05 MAPE tf=2.3136 torch=2.3136
[  92] idx=  225 n=  1000 targets_identical=True max|Δ|=8.731e-10 scale-rel=5.984e-06 elem-rel=6.992e-06 MAPE tf=2.7702 torch=2.7702
[  93] idx=  227 n=  1000 targets_identical=True max|Δ|=2.590e-09 scale-rel=1.616e-05 elem-rel=1.886e-05 MAPE tf=2.5477 torch=2.5477
[  94] idx=  230 n=  1800 targets_identical=True max|Δ|=1.761e-08 scale-rel=4.881e-05 elem-rel=5.226e-05 MAPE tf=4.7679 torch=4.7679
[  95] idx=  233 n=  1500 targets_identical=True max|Δ|=4.278e-09 scale-rel=2.130e-05 elem-rel=3.650e-05 MAPE tf=2.2187 torch=2.2187
[  96] idx=  235 n=  1500 targets_identical=True max|Δ|=1.164e-09 scale-rel=5.528e-06 elem-rel=7.002e-06 MAPE tf=2.3414 torch=2.3414
[  97] idx=  236 n=   700 targets_identical=True max|Δ|=1.109e-08 scale-rel=5.704e-05 elem-rel=8.080e-05 MAPE tf=3.7193 torch=3.7192
[  98] idx=  237 n=  1650 targets_identical=True max|Δ|=1.417e-08 scale-rel=6.666e-05 elem-rel=8.329e-05 MAPE tf=3.6245 torch=3.6245
[  99] idx=  238 n=  2600 targets_identical=True max|Δ|=5.879e-09 scale-rel=2.736e-05 elem-rel=3.168e-05 MAPE tf=2.8654 torch=2.8653
[ 100] idx=  240 n=  2550 targets_identical=True max|Δ|=4.875e-09 scale-rel=2.221e-05 elem-rel=3.426e-05 MAPE tf=2.2290 torch=2.2290
[ 101] idx=  244 n=   700 targets_identical=True max|Δ|=1.048e-09 scale-rel=6.692e-06 elem-rel=1.071e-05 MAPE tf=3.2763 torch=3.2763
[ 102] idx=  247 n=  1800 targets_identical=True max|Δ|=6.810e-09 scale-rel=3.130e-05 elem-rel=7.845e-05 MAPE tf=3.6568 torch=3.6568
[ 103] idx= 2625 n=   750 targets_identical=True max|Δ|=3.507e-09 scale-rel=2.084e-05 elem-rel=2.492e-05 MAPE tf=3.3383 torch=3.3382
[ 104] idx= 2626 n=   800 targets_identical=True max|Δ|=4.366e-10 scale-rel=2.487e-06 elem-rel=3.380e-06 MAPE tf=3.1976 torch=3.1975
[ 105] idx= 2627 n=  2100 targets_identical=True max|Δ|=7.421e-09 scale-rel=3.358e-05 elem-rel=8.396e-05 MAPE tf=2.7365 torch=2.7366
[ 106] idx= 2628 n=  1500 targets_identical=True max|Δ|=3.871e-09 scale-rel=2.156e-05 elem-rel=2.487e-05 MAPE tf=2.7226 torch=2.7227
[ 107] idx= 2630 n=  2000 targets_identical=True max|Δ|=1.388e-08 scale-rel=5.176e-05 elem-rel=5.938e-05 MAPE tf=3.9542 torch=3.9542
[ 108] idx= 2631 n=   900 targets_identical=True max|Δ|=6.403e-10 scale-rel=3.725e-06 elem-rel=4.454e-06 MAPE tf=2.6350 torch=2.6350
[ 109] idx= 2632 n=  2050 targets_identical=True max|Δ|=1.921e-09 scale-rel=9.297e-06 elem-rel=1.310e-05 MAPE tf=2.6213 torch=2.6213
[ 110] idx= 2633 n=   850 targets_identical=True max|Δ|=6.694e-10 scale-rel=3.991e-06 elem-rel=5.728e-06 MAPE tf=2.8186 torch=2.8186
[ 111] idx= 2634 n=  1800 targets_identical=True max|Δ|=1.110e-08 scale-rel=5.337e-05 elem-rel=6.098e-05 MAPE tf=3.0339 torch=3.0338
[ 112] idx= 2635 n=  1000 targets_identical=True max|Δ|=8.295e-10 scale-rel=5.033e-06 elem-rel=5.919e-06 MAPE tf=4.4227 torch=4.4227
[ 113] idx= 2636 n=   950 targets_identical=True max|Δ|=1.004e-09 scale-rel=6.360e-06 elem-rel=1.109e-05 MAPE tf=2.2736 torch=2.2736
[ 114] idx= 2637 n=  1500 targets_identical=True max|Δ|=1.630e-09 scale-rel=8.176e-06 elem-rel=1.161e-05 MAPE tf=2.9771 torch=2.9771
[ 115] idx= 2638 n=   900 targets_identical=True max|Δ|=1.222e-09 scale-rel=7.350e-06 elem-rel=1.101e-05 MAPE tf=2.3408 torch=2.3408
[ 116] idx= 2640 n=  2800 targets_identical=True max|Δ|=3.463e-09 scale-rel=1.589e-05 elem-rel=1.789e-05 MAPE tf=1.6596 torch=1.6596
[ 117] idx= 2642 n=  2100 targets_identical=True max|Δ|=1.834e-09 scale-rel=8.656e-06 elem-rel=9.416e-06 MAPE tf=2.2325 torch=2.2325
[ 118] idx= 2643 n=  2750 targets_identical=True max|Δ|=2.998e-09 scale-rel=1.410e-05 elem-rel=2.247e-05 MAPE tf=2.5396 torch=2.5396
[ 119] idx= 2647 n=  1450 targets_identical=True max|Δ|=2.177e-08 scale-rel=1.104e-04 elem-rel=7.339e-04 MAPE tf=4.8896 torch=4.8894
[ 120] idx= 2648 n=  2350 targets_identical=True max|Δ|=3.260e-09 scale-rel=1.412e-05 elem-rel=2.139e-05 MAPE tf=2.5878 torch=2.5878
[ 121] idx= 2876 n=  2000 targets_identical=True max|Δ|=5.020e-09 scale-rel=2.021e-05 elem-rel=2.596e-05 MAPE tf=2.6380 torch=2.6380
[ 122] idx= 2878 n=  2100 targets_identical=True max|Δ|=1.455e-09 scale-rel=6.653e-06 elem-rel=8.875e-06 MAPE tf=2.4513 torch=2.4513
[ 123] idx= 2880 n=  2550 targets_identical=True max|Δ|=3.201e-09 scale-rel=1.437e-05 elem-rel=1.811e-05 MAPE tf=2.2847 torch=2.2847
[ 124] idx= 2885 n=  2100 targets_identical=True max|Δ|=2.154e-09 scale-rel=9.534e-06 elem-rel=1.655e-05 MAPE tf=2.6188 torch=2.6188
[ 125] idx=  352 n=  2050 targets_identical=True max|Δ|=2.619e-09 scale-rel=1.195e-05 elem-rel=2.695e-05 MAPE tf=2.8089 torch=2.8089
[ 126] idx=  353 n=  2100 targets_identical=True max|Δ|=1.979e-09 scale-rel=1.099e-05 elem-rel=1.416e-05 MAPE tf=2.6486 torch=2.6486
[ 127] idx=  356 n=  2550 targets_identical=True max|Δ|=1.863e-09 scale-rel=7.712e-06 elem-rel=1.262e-05 MAPE tf=1.9326 torch=1.9326
[ 128] idx=  357 n=  1500 targets_identical=True max|Δ|=9.604e-10 scale-rel=5.065e-06 elem-rel=6.482e-06 MAPE tf=2.3022 torch=2.3022
[ 129] idx=  359 n=  1000 targets_identical=True max|Δ|=1.222e-09 scale-rel=6.468e-06 elem-rel=9.489e-06 MAPE tf=2.3653 torch=2.3653
[ 130] idx=  360 n=   650 targets_identical=True max|Δ|=3.347e-10 scale-rel=2.286e-06 elem-rel=3.363e-06 MAPE tf=3.8952 torch=3.8952
[ 131] idx=  363 n=  2100 targets_identical=True max|Δ|=7.974e-09 scale-rel=3.732e-05 elem-rel=6.853e-05 MAPE tf=3.5922 torch=3.5922
[ 132] idx=  366 n=  2100 targets_identical=True max|Δ|=1.717e-09 scale-rel=7.961e-06 elem-rel=1.314e-05 MAPE tf=2.7503 torch=2.7503
[ 133] idx=  367 n=  1400 targets_identical=True max|Δ|=1.426e-09 scale-rel=5.844e-06 elem-rel=7.428e-06 MAPE tf=3.1965 torch=3.1965
[ 134] idx=  369 n=  1500 targets_identical=True max|Δ|=1.164e-09 scale-rel=5.318e-06 elem-rel=6.430e-06 MAPE tf=2.4048 torch=2.4048
[ 135] idx=  370 n=   850 targets_identical=True max|Δ|=7.567e-10 scale-rel=4.774e-06 elem-rel=5.711e-06 MAPE tf=2.6271 torch=2.6271
[ 136] idx=  372 n=  1500 targets_identical=True max|Δ|=1.601e-09 scale-rel=7.890e-06 elem-rel=9.207e-06 MAPE tf=2.0444 torch=2.0444
[ 137] idx=  373 n=  2100 targets_identical=True max|Δ|=6.330e-09 scale-rel=2.936e-05 elem-rel=6.167e-05 MAPE tf=3.4393 torch=3.4392
[ 138] idx=  590 n=  2100 targets_identical=True max|Δ|=9.313e-10 scale-rel=5.688e-06 elem-rel=7.224e-06 MAPE tf=2.7806 torch=2.7806
[ 139] idx=  592 n=  2100 targets_identical=True max|Δ|=3.754e-09 scale-rel=1.786e-05 elem-rel=3.081e-05 MAPE tf=2.5021 torch=2.5022
[ 140] idx=  593 n=  1000 targets_identical=True max|Δ|=7.858e-10 scale-rel=5.150e-06 elem-rel=5.992e-06 MAPE tf=1.7869 torch=1.7869
[ 141] idx=  594 n=  2350 targets_identical=True max|Δ|=1.560e-08 scale-rel=4.660e-05 elem-rel=4.924e-05 MAPE tf=4.9268 torch=4.9267
[ 142] idx=  596 n=  2150 targets_identical=True max|Δ|=6.752e-09 scale-rel=2.780e-05 elem-rel=4.439e-05 MAPE tf=2.8363 torch=2.8363
[ 143] idx=  597 n=  1700 targets_identical=True max|Δ|=3.231e-09 scale-rel=1.869e-05 elem-rel=2.749e-05 MAPE tf=2.7548 torch=2.7548
[ 144] idx=  598 n=  2100 targets_identical=True max|Δ|=7.196e-09 scale-rel=3.799e-05 elem-rel=6.757e-05 MAPE tf=2.6120 torch=2.6120
[ 145] idx=  600 n=  2750 targets_identical=True max|Δ|=1.804e-08 scale-rel=8.236e-05 elem-rel=2.137e-04 MAPE tf=2.9865 torch=2.9865
[ 146] idx=  602 n=  1000 targets_identical=True max|Δ|=8.149e-10 scale-rel=4.885e-06 elem-rel=6.095e-06 MAPE tf=2.4842 torch=2.4842
[ 147] idx=  603 n=  2100 targets_identical=True max|Δ|=2.619e-09 scale-rel=1.210e-05 elem-rel=1.404e-05 MAPE tf=2.2675 torch=2.2675
[ 148] idx=  604 n=  2750 targets_identical=True max|Δ|=7.043e-09 scale-rel=3.127e-05 elem-rel=5.675e-05 MAPE tf=2.9056 torch=2.9056
[ 149] idx=  606 n=  2800 targets_identical=True max|Δ|=2.503e-09 scale-rel=1.137e-05 elem-rel=1.468e-05 MAPE tf=1.9428 torch=1.9428
[ 150] idx=  607 n=  2800 targets_identical=True max|Δ|=2.037e-09 scale-rel=9.567e-06 elem-rel=1.390e-05 MAPE tf=2.1403 torch=2.1403
[ 151] idx=  608 n=  2800 targets_identical=True max|Δ|=1.022e-08 scale-rel=4.410e-05 elem-rel=5.352e-05 MAPE tf=2.4237 torch=2.4237
[ 152] idx=  609 n=  2500 targets_identical=True max|Δ|=4.162e-09 scale-rel=1.930e-05 elem-rel=4.761e-05 MAPE tf=3.1477 torch=3.1477
[ 153] idx=  610 n=  1500 targets_identical=True max|Δ|=1.048e-09 scale-rel=5.093e-06 elem-rel=6.147e-06 MAPE tf=1.9332 torch=1.9332
[ 154] idx=  611 n=  1500 targets_identical=True max|Δ|=1.572e-09 scale-rel=7.394e-06 elem-rel=7.884e-06 MAPE tf=1.7034 torch=1.7034
[ 155] idx=  613 n=  1000 targets_identical=True max|Δ|=9.895e-10 scale-rel=6.086e-06 elem-rel=7.602e-06 MAPE tf=3.1579 torch=3.1579
[ 156] idx=  614 n=  2750 targets_identical=True max|Δ|=7.713e-09 scale-rel=3.359e-05 elem-rel=1.129e-04 MAPE tf=3.3548 torch=3.3548
[ 157] idx=  615 n=   900 targets_identical=True max|Δ|=6.112e-10 scale-rel=3.811e-06 elem-rel=6.231e-06 MAPE tf=2.7085 torch=2.7085
[ 158] idx=  616 n=  1500 targets_identical=True max|Δ|=1.019e-09 scale-rel=4.843e-06 elem-rel=5.457e-06 MAPE tf=2.6567 torch=2.6567
[ 159] idx=  618 n=  1500 targets_identical=True max|Δ|=5.530e-09 scale-rel=2.738e-05 elem-rel=3.645e-05 MAPE tf=2.0315 torch=2.0315
[ 160] idx=  619 n=  2100 targets_identical=True max|Δ|=2.154e-09 scale-rel=1.027e-05 elem-rel=1.423e-05 MAPE tf=3.2661 torch=3.2661
[ 161] idx=  622 n=  2800 targets_identical=True max|Δ|=1.310e-09 scale-rel=6.207e-06 elem-rel=7.306e-06 MAPE tf=1.8138 torch=1.8138
[ 162] idx=  623 n=  2800 targets_identical=True max|Δ|=7.567e-10 scale-rel=3.379e-06 elem-rel=4.961e-06 MAPE tf=2.0482 torch=2.0482
[ 163] idx=  624 n=  1500 targets_identical=True max|Δ|=6.985e-10 scale-rel=3.711e-06 elem-rel=5.072e-06 MAPE tf=1.9417 torch=1.9417
[ 164] idx=  700 n=  2800 targets_identical=True max|Δ|=1.892e-09 scale-rel=9.203e-06 elem-rel=1.325e-05 MAPE tf=2.1450 torch=2.1450
[ 165] idx=  701 n=  2650 targets_identical=True max|Δ|=6.126e-09 scale-rel=2.733e-05 elem-rel=5.815e-05 MAPE tf=3.3064 torch=3.3063
[ 166] idx=  703 n=  2500 targets_identical=True max|Δ|=7.567e-09 scale-rel=3.459e-05 elem-rel=4.022e-05 MAPE tf=2.6057 torch=2.6057
[ 167] idx=  704 n=  1950 targets_identical=True max|Δ|=2.707e-09 scale-rel=1.294e-05 elem-rel=1.984e-05 MAPE tf=2.7312 torch=2.7312
[ 168] idx=  705 n=   884 targets_identical=True max|Δ|=9.459e-09 scale-rel=5.381e-05 elem-rel=6.848e-05 MAPE tf=3.1539 torch=3.1538
[ 169] idx=  707 n=  1400 targets_identical=True max|Δ|=7.276e-10 scale-rel=3.873e-06 elem-rel=5.892e-06 MAPE tf=2.0890 torch=2.0890
[ 170] idx=  708 n=  1350 targets_identical=True max|Δ|=4.482e-09 scale-rel=2.201e-05 elem-rel=4.024e-05 MAPE tf=2.8305 torch=2.8305
[ 171] idx=  709 n=  1000 targets_identical=True max|Δ|=5.530e-10 scale-rel=3.386e-06 elem-rel=4.029e-06 MAPE tf=1.8442 torch=1.8442
[ 172] idx=  711 n=  1500 targets_identical=True max|Δ|=9.022e-10 scale-rel=4.299e-06 elem-rel=8.594e-06 MAPE tf=3.0610 torch=3.0610
[ 173] idx=  712 n=  2100 targets_identical=True max|Δ|=1.397e-09 scale-rel=6.784e-06 elem-rel=9.158e-06 MAPE tf=2.4182 torch=2.4182
[ 174] idx=  716 n=  2800 targets_identical=True max|Δ|=1.688e-09 scale-rel=7.192e-06 elem-rel=1.079e-05 MAPE tf=2.2324 torch=2.2324
[ 175] idx=  717 n=  2100 targets_identical=True max|Δ|=2.154e-09 scale-rel=1.087e-05 elem-rel=1.428e-05 MAPE tf=2.5086 torch=2.5086
[ 176] idx=  720 n=  2600 targets_identical=True max|Δ|=3.987e-09 scale-rel=1.724e-05 elem-rel=4.820e-05 MAPE tf=2.4940 torch=2.4940
[ 177] idx=  724 n=  2800 targets_identical=True max|Δ|=1.403e-08 scale-rel=4.819e-05 elem-rel=5.808e-05 MAPE tf=3.9818 torch=3.9818

===== L0 forward parity =====
  n_scenarios                  178
  n_predictions                333784
  all_targets_identical        True
  max_abs_diff                 2.176966518163681e-08
  worst_scale_rel_diff         0.00011041160797974803
  worst_elem_rel_diff          0.001455066499056142
  mape_tf                      2.7048155665397644
  mape_torch                   2.7048103511333466
  tf_seconds_per_scenario      8.681115526831553
  torch_seconds_per_scenario   1.8596440767973996
  passed                       False
  report -> pytorch_version_results/parity/l0_paper_trex_synthetic_filtered_delay.json
