[   0] idx=   10 n=  1560 targets_identical=True max|Δ|=4.547e-13 scale-rel=2.219e-07 elem-rel=2.476e-07 MAPE tf=94.8849 torch=94.8849
[   1] idx=   23 n=  1680 targets_identical=True max|Δ|=3.411e-13 scale-rel=1.665e-07 elem-rel=2.735e-07 MAPE tf=93.2155 torch=93.2155
[   2] idx=   55 n=  2200 targets_identical=True max|Δ|=4.547e-13 scale-rel=2.219e-07 elem-rel=2.953e-07 MAPE tf=95.0294 torch=95.0294
[   3] idx=   57 n=  2200 targets_identical=True max|Δ|=4.547e-13 scale-rel=2.219e-07 elem-rel=2.219e-07 MAPE tf=94.7925 torch=94.7925
WARNING:tensorflow:5 out of the last 5 calls to <function RouteNetGauss.call at 0x71e902bf45e0> triggered tf.function retracing. Tracing is expensive and the excessive number of tracings could be due to (1) creating @tf.function repeatedly in a loop, (2) passing tensors with different shapes, (3) passing Python objects instead of tensors. For (1), please define your @tf.function outside of the loop. For (2), @tf.function has reduce_retracing=True option that can avoid unnecessary retracing. For (3), please refer to https://www.tensorflow.org/guide/function#controlling_retracing and https://www.tensorflow.org/api_docs/python/tf/function for  more details.
[   4] idx=   59 n=  1160 targets_identical=True max|Δ|=4.547e-13 scale-rel=2.226e-07 elem-rel=2.226e-07 MAPE tf=94.4084 torch=94.4084
WARNING:tensorflow:6 out of the last 6 calls to <function RouteNetGauss.call at 0x71e902bf45e0> triggered tf.function retracing. Tracing is expensive and the excessive number of tracings could be due to (1) creating @tf.function repeatedly in a loop, (2) passing tensors with different shapes, (3) passing Python objects instead of tensors. For (1), please define your @tf.function outside of the loop. For (2), @tf.function has reduce_retracing=True option that can avoid unnecessary retracing. For (3), please refer to https://www.tensorflow.org/guide/function#controlling_retracing and https://www.tensorflow.org/api_docs/python/tf/function for  more details.
[   5] idx=   64 n=  1479 targets_identical=True max|Δ|=2.274e-13 scale-rel=1.113e-07 elem-rel=2.332e-07 MAPE tf=94.8857 torch=94.8857
[   6] idx=   71 n=  2080 targets_identical=True max|Δ|=3.411e-13 scale-rel=1.665e-07 elem-rel=2.318e-07 MAPE tf=93.5276 torch=93.5276
[   7] idx=   79 n=  1320 targets_identical=True max|Δ|=2.274e-13 scale-rel=1.110e-07 elem-rel=2.206e-07 MAPE tf=94.6499 torch=94.6499
[   8] idx=  111 n=  1560 targets_identical=True max|Δ|=4.547e-13 scale-rel=2.226e-07 elem-rel=2.746e-07 MAPE tf=95.2132 torch=95.2132
[   9] idx=  143 n=  1680 targets_identical=True max|Δ|=4.547e-13 scale-rel=1.786e-07 elem-rel=2.226e-07 MAPE tf=93.8286 torch=93.8286
[  10] idx=  155 n=  2160 targets_identical=True max|Δ|=4.547e-13 scale-rel=2.219e-07 elem-rel=2.476e-07 MAPE tf=94.9433 torch=94.9433
[  11] idx=  185 n=  1437 targets_identical=True max|Δ|=4.547e-13 scale-rel=2.219e-07 elem-rel=2.953e-07 MAPE tf=94.8276 torch=94.8276
[  12] idx=  188 n=   800 targets_identical=True max|Δ|=3.411e-13 scale-rel=2.224e-07 elem-rel=3.309e-07 MAPE tf=91.1341 torch=91.1341
[  13] idx=  195 n=  1640 targets_identical=True max|Δ|=4.547e-13 scale-rel=2.219e-07 elem-rel=2.346e-07 MAPE tf=94.5752 torch=94.5752
[  14] idx=  196 n=  1680 targets_identical=True max|Δ|=3.411e-13 scale-rel=2.206e-07 elem-rel=2.318e-07 MAPE tf=92.5560 torch=92.5560
[  15] idx=  212 n=  2240 targets_identical=True max|Δ|=3.411e-13 scale-rel=1.665e-07 elem-rel=2.466e-07 MAPE tf=91.0025 torch=91.0025
[  16] idx=  215 n=  1200 targets_identical=True max|Δ|=4.547e-13 scale-rel=2.226e-07 elem-rel=3.110e-07 MAPE tf=94.7902 torch=94.7902
[  17] idx=  221 n=  1320 targets_identical=True max|Δ|=3.411e-13 scale-rel=1.670e-07 elem-rel=2.735e-07 MAPE tf=94.4952 torch=94.4952
[  18] idx=  247 n=  1280 targets_identical=True max|Δ|=3.411e-13 scale-rel=2.206e-07 elem-rel=2.215e-07 MAPE tf=94.1351 torch=94.1351
[  19] idx=  249 n=   760 targets_identical=True max|Δ|=2.274e-13 scale-rel=1.483e-07 elem-rel=2.206e-07 MAPE tf=94.3437 torch=94.3437
[  20] idx=  264 n=  1680 targets_identical=True max|Δ|=3.411e-13 scale-rel=1.670e-07 elem-rel=2.476e-07 MAPE tf=94.3606 torch=94.3606
[  21] idx=  271 n=  1680 targets_identical=True max|Δ|=3.411e-13 scale-rel=1.670e-07 elem-rel=2.476e-07 MAPE tf=94.5072 torch=94.5072
[  22] idx=  280 n=  1600 targets_identical=True max|Δ|=2.274e-13 scale-rel=1.113e-07 elem-rel=2.441e-07 MAPE tf=94.7623 torch=94.7623
[  23] idx=  285 n=   480 targets_identical=True max|Δ|=2.274e-13 scale-rel=1.483e-07 elem-rel=2.206e-07 MAPE tf=91.2090 torch=91.2090
[  24] idx=  289 n=  2200 targets_identical=True max|Δ|=4.547e-13 scale-rel=2.219e-07 elem-rel=2.639e-07 MAPE tf=93.6066 torch=93.6066
[  25] idx=  299 n=  2160 targets_identical=True max|Δ|=4.547e-13 scale-rel=2.219e-07 elem-rel=2.639e-07 MAPE tf=95.2334 torch=95.2334
[  26] idx=  300 n=  2040 targets_identical=True max|Δ|=4.547e-13 scale-rel=2.219e-07 elem-rel=2.354e-07 MAPE tf=95.0185 torch=95.0185
[  27] idx=  312 n=  1160 targets_identical=True max|Δ|=3.411e-13 scale-rel=1.670e-07 elem-rel=2.332e-07 MAPE tf=94.3489 torch=94.3489
[  28] idx=  321 n=   680 targets_identical=True max|Δ|=4.547e-13 scale-rel=2.965e-07 elem-rel=2.965e-07 MAPE tf=92.4870 torch=92.4870
[  29] idx=  343 n=  1640 targets_identical=True max|Δ|=3.411e-13 scale-rel=2.206e-07 elem-rel=2.332e-07 MAPE tf=90.6175 torch=90.6175
[  30] idx=  358 n=  2240 targets_identical=True max|Δ|=4.547e-13 scale-rel=2.219e-07 elem-rel=2.346e-07 MAPE tf=94.1618 torch=94.1618
[  31] idx=  359 n=  1640 targets_identical=True max|Δ|=2.274e-13 scale-rel=1.477e-07 elem-rel=2.318e-07 MAPE tf=94.7350 torch=94.7350
[  32] idx=  364 n=  1680 targets_identical=True max|Δ|=3.411e-13 scale-rel=1.670e-07 elem-rel=2.215e-07 MAPE tf=94.4842 torch=94.4842
[  33] idx=  371 n=  2240 targets_identical=True max|Δ|=4.547e-13 scale-rel=2.219e-07 elem-rel=2.226e-07 MAPE tf=93.4389 torch=93.4389
[  34] idx=  373 n=   800 targets_identical=True max|Δ|=3.411e-13 scale-rel=2.224e-07 elem-rel=2.746e-07 MAPE tf=94.1435 torch=94.1435
[  35] idx=  380 n=   800 targets_identical=True max|Δ|=3.411e-13 scale-rel=1.675e-07 elem-rel=2.224e-07 MAPE tf=93.8191 torch=93.8191
[  36] idx=  403 n=  1160 targets_identical=True max|Δ|=3.411e-13 scale-rel=1.665e-07 elem-rel=2.215e-07 MAPE tf=94.2261 torch=94.2261
[  37] idx=  414 n=  2079 targets_identical=True max|Δ|=3.411e-13 scale-rel=1.665e-07 elem-rel=3.135e-07 MAPE tf=94.9781 torch=94.9781
[  38] idx=  422 n=   640 targets_identical=True max|Δ|=2.274e-13 scale-rel=1.483e-07 elem-rel=2.650e-07 MAPE tf=93.4621 torch=93.4621
[  39] idx=  454 n=  1600 targets_identical=True max|Δ|=2.274e-13 scale-rel=1.477e-07 elem-rel=2.650e-07 MAPE tf=94.2128 torch=94.2128
[  40] idx=  465 n=   800 targets_identical=True max|Δ|=2.274e-13 scale-rel=1.483e-07 elem-rel=2.206e-07 MAPE tf=90.8437 torch=90.8437
[  41] idx=  468 n=  1680 targets_identical=True max|Δ|=3.411e-13 scale-rel=2.215e-07 elem-rel=3.289e-07 MAPE tf=94.7183 torch=94.7183
[  42] idx=  478 n=  1160 targets_identical=True max|Δ|=3.411e-13 scale-rel=1.670e-07 elem-rel=2.476e-07 MAPE tf=94.1311 torch=94.1311
[  43] idx=  489 n=  1200 targets_identical=True max|Δ|=4.547e-13 scale-rel=2.226e-07 elem-rel=2.233e-07 MAPE tf=94.6864 torch=94.6864
[  44] idx=  507 n=   720 targets_identical=True max|Δ|=3.411e-13 scale-rel=2.224e-07 elem-rel=2.332e-07 MAPE tf=90.9612 torch=90.9612
[  45] idx=  536 n=  1119 targets_identical=True max|Δ|=3.411e-13 scale-rel=2.206e-07 elem-rel=2.215e-07 MAPE tf=94.4021 torch=94.4021
[  46] idx=  568 n=   720 targets_identical=True max|Δ|=4.547e-13 scale-rel=2.233e-07 elem-rel=2.233e-07 MAPE tf=92.3244 torch=92.3244
[  47] idx=  577 n=  1640 targets_identical=True max|Δ|=4.547e-13 scale-rel=2.226e-07 elem-rel=2.332e-07 MAPE tf=94.5855 torch=94.5855
[  48] idx=  579 n=  1680 targets_identical=True max|Δ|=3.411e-13 scale-rel=1.670e-07 elem-rel=2.354e-07 MAPE tf=94.6072 torch=94.6072
[  49] idx=  591 n=  1640 targets_identical=True max|Δ|=3.411e-13 scale-rel=2.215e-07 elem-rel=2.215e-07 MAPE tf=94.8627 torch=94.8627
[  50] idx=  594 n=   640 targets_identical=True max|Δ|=3.411e-13 scale-rel=2.224e-07 elem-rel=2.224e-07 MAPE tf=93.2588 torch=93.2588
[  51] idx=  608 n=  1200 targets_identical=True max|Δ|=4.547e-13 scale-rel=2.226e-07 elem-rel=2.332e-07 MAPE tf=94.2891 torch=94.2891
[  52] idx=  634 n=  1240 targets_identical=True max|Δ|=4.547e-13 scale-rel=2.226e-07 elem-rel=2.354e-07 MAPE tf=94.2491 torch=94.2491
[  53] idx=  635 n=  1920 targets_identical=True max|Δ|=4.547e-13 scale-rel=2.219e-07 elem-rel=2.476e-07 MAPE tf=95.1105 torch=95.1105
[  54] idx=  644 n=  2160 targets_identical=True max|Δ|=4.547e-13 scale-rel=2.219e-07 elem-rel=2.226e-07 MAPE tf=95.0117 torch=95.0117
[  55] idx=  672 n=  1680 targets_identical=True max|Δ|=4.547e-13 scale-rel=2.226e-07 elem-rel=2.332e-07 MAPE tf=94.5294 torch=94.5294
[  56] idx=  677 n=  1440 targets_identical=True max|Δ|=4.547e-13 scale-rel=2.226e-07 elem-rel=2.226e-07 MAPE tf=94.8440 torch=94.8440
[  57] idx=  697 n=  1680 targets_identical=True max|Δ|=3.411e-13 scale-rel=1.665e-07 elem-rel=2.215e-07 MAPE tf=95.1066 torch=95.1066
[  58] idx=  701 n=  1680 targets_identical=True max|Δ|=3.411e-13 scale-rel=1.670e-07 elem-rel=2.466e-07 MAPE tf=94.7531 torch=94.7531
[  59] idx=  710 n=  1680 targets_identical=True max|Δ|=4.547e-13 scale-rel=2.219e-07 elem-rel=2.466e-07 MAPE tf=94.9066 torch=94.9066
[  60] idx=  716 n=  1400 targets_identical=True max|Δ|=4.547e-13 scale-rel=1.786e-07 elem-rel=3.122e-07 MAPE tf=94.6153 torch=94.6153
[  61] idx=  727 n=   760 targets_identical=True max|Δ|=3.411e-13 scale-rel=2.224e-07 elem-rel=2.332e-07 MAPE tf=93.6442 torch=93.6442
[  62] idx=  750 n=  1680 targets_identical=True max|Δ|=4.547e-13 scale-rel=2.226e-07 elem-rel=2.354e-07 MAPE tf=92.5243 torch=92.5243
[  63] idx=  751 n=   800 targets_identical=True max|Δ|=2.274e-13 scale-rel=1.483e-07 elem-rel=2.206e-07 MAPE tf=94.0134 torch=94.0134
[  64] idx=  757 n=   720 targets_identical=True max|Δ|=3.411e-13 scale-rel=2.224e-07 elem-rel=2.224e-07 MAPE tf=93.9169 torch=93.9169
[  65] idx=  761 n=   800 targets_identical=True max|Δ|=2.274e-13 scale-rel=1.117e-07 elem-rel=2.650e-07 MAPE tf=93.8162 torch=93.8162
[  66] idx=  785 n=   720 targets_identical=True max|Δ|=2.274e-13 scale-rel=1.483e-07 elem-rel=2.332e-07 MAPE tf=94.0964 torch=94.0964
[  67] idx=  798 n=  1680 targets_identical=True max|Δ|=4.547e-13 scale-rel=1.786e-07 elem-rel=2.226e-07 MAPE tf=94.6671 torch=94.6671
[  68] idx=  827 n=  1920 targets_identical=True max|Δ|=3.411e-13 scale-rel=1.665e-07 elem-rel=2.215e-07 MAPE tf=94.6778 torch=94.6778
[  69] idx=  833 n=  1680 targets_identical=True max|Δ|=2.274e-13 scale-rel=1.113e-07 elem-rel=2.332e-07 MAPE tf=94.0593 torch=94.0593
[  70] idx=  841 n=  1920 targets_identical=True max|Δ|=2.274e-13 scale-rel=1.110e-07 elem-rel=2.192e-07 MAPE tf=95.0897 torch=95.0897
[  71] idx=  877 n=  1360 targets_identical=True max|Δ|=2.274e-13 scale-rel=1.477e-07 elem-rel=2.318e-07 MAPE tf=94.6218 torch=94.6218
[  72] idx=  878 n=  1200 targets_identical=True max|Δ|=4.547e-13 scale-rel=2.226e-07 elem-rel=2.226e-07 MAPE tf=93.0479 torch=93.0479
[  73] idx=  889 n=  1519 targets_identical=True max|Δ|=3.411e-13 scale-rel=1.670e-07 elem-rel=2.354e-07 MAPE tf=94.8906 torch=94.8906
[  74] idx=  899 n=  2200 targets_identical=True max|Δ|=4.547e-13 scale-rel=2.219e-07 elem-rel=2.226e-07 MAPE tf=95.2096 torch=95.2096
[  75] idx=  937 n=  1200 targets_identical=True max|Δ|=4.547e-13 scale-rel=2.226e-07 elem-rel=2.957e-07 MAPE tf=94.8093 torch=94.8093
[  76] idx=  953 n=  2200 targets_identical=True max|Δ|=4.547e-13 scale-rel=2.219e-07 elem-rel=2.466e-07 MAPE tf=92.3337 torch=92.3337
[  77] idx=  959 n=   800 targets_identical=True max|Δ|=2.274e-13 scale-rel=1.483e-07 elem-rel=2.206e-07 MAPE tf=94.1455 torch=94.1455
[  78] idx=  968 n=  1680 targets_identical=True max|Δ|=4.547e-13 scale-rel=2.219e-07 elem-rel=3.309e-07 MAPE tf=94.8816 torch=94.8816
[  79] idx=  970 n=  1200 targets_identical=True max|Δ|=4.547e-13 scale-rel=2.226e-07 elem-rel=2.226e-07 MAPE tf=94.1738 torch=94.1738
[  80] idx= 1021 n=   840 targets_identical=True max|Δ|=2.274e-13 scale-rel=1.471e-07 elem-rel=2.206e-07 MAPE tf=93.8745 torch=93.8745
[  81] idx= 1024 n=  1680 targets_identical=True max|Δ|=4.547e-13 scale-rel=2.226e-07 elem-rel=2.226e-07 MAPE tf=94.2874 torch=94.2874
[  82] idx= 1055 n=  1280 targets_identical=True max|Δ|=2.274e-13 scale-rel=1.471e-07 elem-rel=2.206e-07 MAPE tf=94.7471 torch=94.7471
[  83] idx= 1067 n=  1478 targets_identical=True max|Δ|=3.411e-13 scale-rel=1.670e-07 elem-rel=2.639e-07 MAPE tf=94.7507 torch=94.7507
[  84] idx= 1092 n=  2200 targets_identical=True max|Δ|=4.547e-13 scale-rel=2.219e-07 elem-rel=2.318e-07 MAPE tf=92.8422 torch=92.8422
[  85] idx= 1113 n=  2200 targets_identical=True max|Δ|=4.547e-13 scale-rel=2.219e-07 elem-rel=3.122e-07 MAPE tf=93.6716 torch=93.6716
[  86] idx= 1127 n=   720 targets_identical=True max|Δ|=3.411e-13 scale-rel=2.224e-07 elem-rel=2.224e-07 MAPE tf=94.1107 torch=94.1107
[  87] idx= 1134 n=  1200 targets_identical=True max|Δ|=3.411e-13 scale-rel=1.670e-07 elem-rel=2.224e-07 MAPE tf=91.7045 torch=91.7045
[  88] idx= 1139 n=  1600 targets_identical=True max|Δ|=3.411e-13 scale-rel=2.215e-07 elem-rel=2.224e-07 MAPE tf=94.4926 torch=94.4926
[  89] idx= 1164 n=  1680 targets_identical=True max|Δ|=4.547e-13 scale-rel=1.786e-07 elem-rel=2.749e-07 MAPE tf=91.3906 torch=91.3906
[  90] idx= 1173 n=  2240 targets_identical=True max|Δ|=3.411e-13 scale-rel=1.665e-07 elem-rel=2.332e-07 MAPE tf=94.4036 torch=94.4036
[  91] idx= 1212 n=   800 targets_identical=True max|Δ|=3.411e-13 scale-rel=2.224e-07 elem-rel=2.224e-07 MAPE tf=93.8105 torch=93.8105
[  92] idx= 1230 n=  1040 targets_identical=True max|Δ|=3.411e-13 scale-rel=1.670e-07 elem-rel=2.466e-07 MAPE tf=94.2751 torch=94.2751
[  93] idx= 1237 n=  1200 targets_identical=True max|Δ|=2.274e-13 scale-rel=1.113e-07 elem-rel=2.206e-07 MAPE tf=91.4115 torch=91.4115
[  94] idx= 1251 n=   800 targets_identical=True max|Δ|=2.274e-13 scale-rel=1.483e-07 elem-rel=2.332e-07 MAPE tf=93.4301 torch=93.4301
[  95] idx= 1252 n=   800 targets_identical=True max|Δ|=4.547e-13 scale-rel=2.233e-07 elem-rel=2.233e-07 MAPE tf=91.0983 torch=91.0983
[  96] idx= 1287 n=  1600 targets_identical=True max|Δ|=2.274e-13 scale-rel=1.477e-07 elem-rel=2.206e-07 MAPE tf=93.8683 torch=93.8683
[  97] idx= 1299 n=   680 targets_identical=True max|Δ|=3.411e-13 scale-rel=2.224e-07 elem-rel=2.332e-07 MAPE tf=88.9922 torch=88.9922
[  98] idx= 1307 n=  1760 targets_identical=True max|Δ|=4.547e-13 scale-rel=2.219e-07 elem-rel=2.466e-07 MAPE tf=94.9938 torch=94.9938
[  99] idx= 1326 n=  1680 targets_identical=True max|Δ|=3.411e-13 scale-rel=1.670e-07 elem-rel=3.122e-07 MAPE tf=94.7450 torch=94.7450
[ 100] idx= 1329 n=  1240 targets_identical=True max|Δ|=4.547e-13 scale-rel=2.226e-07 elem-rel=2.226e-07 MAPE tf=94.0660 torch=94.0660
[ 101] idx= 1333 n=   720 targets_identical=True max|Δ|=3.411e-13 scale-rel=2.224e-07 elem-rel=2.650e-07 MAPE tf=94.1368 torch=94.1368
[ 102] idx= 1342 n=  1320 targets_identical=True max|Δ|=3.411e-13 scale-rel=2.206e-07 elem-rel=2.215e-07 MAPE tf=94.6522 torch=94.6522
[ 103] idx= 1354 n=  1680 targets_identical=True max|Δ|=3.411e-13 scale-rel=1.665e-07 elem-rel=2.318e-07 MAPE tf=94.8026 torch=94.8026
[ 104] idx= 1367 n=  1200 targets_identical=True max|Δ|=4.547e-13 scale-rel=2.226e-07 elem-rel=2.332e-07 MAPE tf=94.6324 torch=94.6324
[ 105] idx= 1369 n=  1120 targets_identical=True max|Δ|=3.411e-13 scale-rel=1.670e-07 elem-rel=2.957e-07 MAPE tf=94.3652 torch=94.3652
[ 106] idx= 1400 n=  2160 targets_identical=True max|Δ|=3.411e-13 scale-rel=1.665e-07 elem-rel=2.332e-07 MAPE tf=91.5039 torch=91.5039
[ 107] idx= 1415 n=   800 targets_identical=True max|Δ|=3.411e-13 scale-rel=1.675e-07 elem-rel=2.993e-07 MAPE tf=93.0852 torch=93.0852
[ 108] idx= 1418 n=   760 targets_identical=True max|Δ|=2.274e-13 scale-rel=1.483e-07 elem-rel=2.206e-07 MAPE tf=92.2224 torch=92.2224
[ 109] idx= 1432 n=  1040 targets_identical=True max|Δ|=3.411e-13 scale-rel=1.670e-07 elem-rel=2.224e-07 MAPE tf=94.5010 torch=94.5010
[ 110] idx= 1444 n=  1000 targets_identical=True max|Δ|=4.547e-13 scale-rel=2.226e-07 elem-rel=2.233e-07 MAPE tf=94.4914 torch=94.4914
[ 111] idx= 1453 n=  1920 targets_identical=True max|Δ|=4.547e-13 scale-rel=2.219e-07 elem-rel=2.219e-07 MAPE tf=94.8488 torch=94.8488
[ 112] idx= 1480 n=   720 targets_identical=True max|Δ|=3.411e-13 scale-rel=2.224e-07 elem-rel=2.476e-07 MAPE tf=89.3894 torch=89.3894
[ 113] idx= 1486 n=  1680 targets_identical=True max|Δ|=4.547e-13 scale-rel=2.226e-07 elem-rel=2.965e-07 MAPE tf=91.1490 torch=91.1490
[ 114] idx= 1544 n=  2000 targets_identical=True max|Δ|=4.547e-13 scale-rel=2.219e-07 elem-rel=2.735e-07 MAPE tf=94.9473 torch=94.9473
[ 115] idx= 1546 n=  1560 targets_identical=True max|Δ|=3.411e-13 scale-rel=2.215e-07 elem-rel=2.224e-07 MAPE tf=90.5158 torch=90.5158
[ 116] idx= 1562 n=  1200 targets_identical=True max|Δ|=2.274e-13 scale-rel=1.113e-07 elem-rel=2.332e-07 MAPE tf=94.2390 torch=94.2390
[ 117] idx= 1582 n=  1680 targets_identical=True max|Δ|=4.547e-13 scale-rel=2.226e-07 elem-rel=2.318e-07 MAPE tf=92.7517 torch=92.7517
[ 118] idx= 1604 n=  1640 targets_identical=True max|Δ|=2.274e-13 scale-rel=1.477e-07 elem-rel=2.206e-07 MAPE tf=92.1643 torch=92.1643
[ 119] idx= 1632 n=  2200 targets_identical=True max|Δ|=4.547e-13 scale-rel=2.219e-07 elem-rel=2.975e-07 MAPE tf=95.0765 torch=95.0765
[ 120] idx= 1638 n=  1680 targets_identical=True max|Δ|=3.411e-13 scale-rel=2.206e-07 elem-rel=2.332e-07 MAPE tf=93.1744 torch=93.1744
[ 121] idx= 1639 n=  1680 targets_identical=True max|Δ|=3.411e-13 scale-rel=1.670e-07 elem-rel=2.354e-07 MAPE tf=94.8113 torch=94.8113
[ 122] idx= 1641 n=   720 targets_identical=True max|Δ|=3.411e-13 scale-rel=2.224e-07 elem-rel=2.476e-07 MAPE tf=93.5541 torch=93.5541
[ 123] idx= 1642 n=  1679 targets_identical=True max|Δ|=4.547e-13 scale-rel=2.226e-07 elem-rel=2.318e-07 MAPE tf=92.2461 torch=92.2461
[ 124] idx= 1647 n=   800 targets_identical=True max|Δ|=2.274e-13 scale-rel=1.483e-07 elem-rel=2.206e-07 MAPE tf=94.0025 torch=94.0025
[ 125] idx= 1681 n=  2114 targets_identical=True max|Δ|=3.411e-13 scale-rel=1.665e-07 elem-rel=2.215e-07 MAPE tf=95.0979 torch=95.0979
[ 126] idx= 1705 n=   800 targets_identical=True max|Δ|=3.411e-13 scale-rel=1.675e-07 elem-rel=2.224e-07 MAPE tf=94.2514 torch=94.2514
[ 127] idx= 1706 n=   720 targets_identical=True max|Δ|=2.274e-13 scale-rel=1.483e-07 elem-rel=2.332e-07 MAPE tf=94.0009 torch=94.0009
[ 128] idx= 1726 n=  1640 targets_identical=True max|Δ|=4.547e-13 scale-rel=2.219e-07 elem-rel=3.289e-07 MAPE tf=91.4226 torch=91.4226
[ 129] idx= 1729 n=  2200 targets_identical=True max|Δ|=4.547e-13 scale-rel=2.219e-07 elem-rel=2.941e-07 MAPE tf=93.4116 torch=93.4116
[ 130] idx= 1757 n=  1397 targets_identical=True max|Δ|=4.547e-13 scale-rel=1.786e-07 elem-rel=2.476e-07 MAPE tf=94.5000 torch=94.5000
[ 131] idx= 1773 n=  1680 targets_identical=True max|Δ|=4.547e-13 scale-rel=2.226e-07 elem-rel=2.233e-07 MAPE tf=94.2365 torch=94.2365
[ 132] idx= 1787 n=  2238 targets_identical=True max|Δ|=4.547e-13 scale-rel=2.219e-07 elem-rel=2.965e-07 MAPE tf=94.1530 torch=94.1530
[ 133] idx= 1801 n=  1680 targets_identical=True max|Δ|=3.411e-13 scale-rel=2.206e-07 elem-rel=2.224e-07 MAPE tf=95.0435 torch=95.0435
[ 134] idx= 1805 n=  1200 targets_identical=True max|Δ|=2.274e-13 scale-rel=1.110e-07 elem-rel=2.332e-07 MAPE tf=94.1363 torch=94.1363
[ 135] idx= 1806 n=  1595 targets_identical=True max|Δ|=2.274e-13 scale-rel=1.471e-07 elem-rel=2.206e-07 MAPE tf=94.9808 torch=94.9808
[ 136] idx= 1830 n=  1120 targets_identical=True max|Δ|=3.411e-13 scale-rel=1.670e-07 elem-rel=2.224e-07 MAPE tf=94.6966 torch=94.6966
[ 137] idx= 1858 n=  1400 targets_identical=True max|Δ|=4.547e-13 scale-rel=2.219e-07 elem-rel=2.441e-07 MAPE tf=94.4770 torch=94.4770
[ 138] idx= 1861 n=   800 targets_identical=True max|Δ|=2.274e-13 scale-rel=1.483e-07 elem-rel=2.206e-07 MAPE tf=94.4409 torch=94.4409
[ 139] idx= 1883 n=  2160 targets_identical=True max|Δ|=4.547e-13 scale-rel=2.219e-07 elem-rel=2.226e-07 MAPE tf=93.3348 torch=93.3348
[ 140] idx= 1888 n=  1919 targets_identical=True max|Δ|=4.547e-13 scale-rel=2.219e-07 elem-rel=3.138e-07 MAPE tf=94.9756 torch=94.9756
[ 141] idx= 1899 n=   960 targets_identical=True max|Δ|=4.547e-13 scale-rel=2.219e-07 elem-rel=2.476e-07 MAPE tf=93.4939 torch=93.4939
[ 142] idx= 1903 n=   720 targets_identical=True max|Δ|=3.411e-13 scale-rel=2.224e-07 elem-rel=2.332e-07 MAPE tf=92.2514 torch=92.2514
[ 143] idx= 1904 n=  1680 targets_identical=True max|Δ|=3.411e-13 scale-rel=1.670e-07 elem-rel=2.361e-07 MAPE tf=92.3778 torch=92.3778
[ 144] idx= 1909 n=  1600 targets_identical=True max|Δ|=3.411e-13 scale-rel=2.215e-07 elem-rel=2.215e-07 MAPE tf=94.9814 torch=94.9814
[ 145] idx= 1918 n=  1680 targets_identical=True max|Δ|=4.547e-13 scale-rel=2.226e-07 elem-rel=2.639e-07 MAPE tf=91.9933 torch=91.9933
[ 146] idx= 1929 n=   720 targets_identical=True max|Δ|=3.411e-13 scale-rel=2.224e-07 elem-rel=2.332e-07 MAPE tf=92.2576 torch=92.2576
[ 147] idx= 1950 n=  1640 targets_identical=True max|Δ|=3.411e-13 scale-rel=2.215e-07 elem-rel=2.650e-07 MAPE tf=94.8730 torch=94.8730
[ 148] idx= 1965 n=   760 targets_identical=True max|Δ|=2.274e-13 scale-rel=1.117e-07 elem-rel=2.206e-07 MAPE tf=93.8533 torch=93.8533
[ 149] idx= 1967 n=  2040 targets_identical=True max|Δ|=3.411e-13 scale-rel=1.665e-07 elem-rel=2.215e-07 MAPE tf=95.0910 torch=95.0910
[ 150] idx= 1971 n=  2120 targets_identical=True max|Δ|=4.547e-13 scale-rel=2.219e-07 elem-rel=2.354e-07 MAPE tf=95.1637 torch=95.1637
[ 151] idx= 1984 n=   800 targets_identical=True max|Δ|=3.411e-13 scale-rel=1.675e-07 elem-rel=2.224e-07 MAPE tf=92.3794 torch=92.3794
[ 152] idx= 1994 n=  2160 targets_identical=True max|Δ|=3.411e-13 scale-rel=1.665e-07 elem-rel=2.466e-07 MAPE tf=95.2206 torch=95.2206
[ 153] idx= 2010 n=   800 targets_identical=True max|Δ|=2.274e-13 scale-rel=1.117e-07 elem-rel=2.206e-07 MAPE tf=90.8341 torch=90.8341
[ 154] idx= 2032 n=  2080 targets_identical=True max|Δ|=4.547e-13 scale-rel=2.219e-07 elem-rel=2.476e-07 MAPE tf=94.9697 torch=94.9697
[ 155] idx= 2034 n=  2119 targets_identical=True max|Δ|=4.547e-13 scale-rel=2.219e-07 elem-rel=2.953e-07 MAPE tf=94.9773 torch=94.9773
[ 156] idx= 2047 n=   800 targets_identical=True max|Δ|=2.274e-13 scale-rel=1.483e-07 elem-rel=2.206e-07 MAPE tf=94.1197 torch=94.1197
[ 157] idx= 2076 n=  2240 targets_identical=True max|Δ|=4.547e-13 scale-rel=2.219e-07 elem-rel=2.332e-07 MAPE tf=93.8506 torch=93.8506
[ 158] idx= 2082 n=  2160 targets_identical=True max|Δ|=4.547e-13 scale-rel=2.219e-07 elem-rel=2.478e-07 MAPE tf=94.9764 torch=94.9764
[ 159] idx= 2110 n=   720 targets_identical=True max|Δ|=3.411e-13 scale-rel=2.224e-07 elem-rel=2.476e-07 MAPE tf=94.1143 torch=94.1143
[ 160] idx= 2127 n=  1680 targets_identical=True max|Δ|=3.411e-13 scale-rel=1.670e-07 elem-rel=2.332e-07 MAPE tf=95.0890 torch=95.0890
[ 161] idx= 2136 n=  1440 targets_identical=True max|Δ|=4.547e-13 scale-rel=1.786e-07 elem-rel=2.215e-07 MAPE tf=94.5134 torch=94.5134
[ 162] idx= 2149 n=  2200 targets_identical=True max|Δ|=3.411e-13 scale-rel=1.665e-07 elem-rel=2.354e-07 MAPE tf=95.0652 torch=95.0652
[ 163] idx= 2153 n=   760 targets_identical=True max|Δ|=4.547e-13 scale-rel=2.965e-07 elem-rel=2.965e-07 MAPE tf=94.2630 torch=94.2630
[ 164] idx= 2167 n=   800 targets_identical=True max|Δ|=4.547e-13 scale-rel=2.233e-07 elem-rel=2.332e-07 MAPE tf=91.8781 torch=91.8781
[ 165] idx= 2170 n=  1600 targets_identical=True max|Δ|=3.411e-13 scale-rel=2.215e-07 elem-rel=2.332e-07 MAPE tf=92.0296 torch=92.0296
[ 166] idx= 2172 n=   720 targets_identical=True max|Δ|=2.274e-13 scale-rel=1.483e-07 elem-rel=2.332e-07 MAPE tf=94.1866 torch=94.1866
[ 167] idx= 2173 n=   800 targets_identical=True max|Δ|=4.547e-13 scale-rel=2.233e-07 elem-rel=2.233e-07 MAPE tf=93.5738 torch=93.5738
[ 168] idx= 2177 n=  2120 targets_identical=True max|Δ|=3.411e-13 scale-rel=1.665e-07 elem-rel=2.332e-07 MAPE tf=95.2541 torch=95.2541
[ 169] idx= 2200 n=  1200 targets_identical=True max|Δ|=3.411e-13 scale-rel=1.670e-07 elem-rel=2.206e-07 MAPE tf=94.5031 torch=94.5031
[ 170] idx= 2203 n=  1680 targets_identical=True max|Δ|=4.547e-13 scale-rel=1.786e-07 elem-rel=2.226e-07 MAPE tf=95.1091 torch=95.1091
[ 171] idx= 2214 n=  1560 targets_identical=True max|Δ|=4.547e-13 scale-rel=1.786e-07 elem-rel=2.226e-07 MAPE tf=94.9441 torch=94.9441

===== L0 forward parity =====
  n_scenarios                  172
  n_predictions                247452
  all_targets_identical        True
  max_abs_diff                 4.547473508864641e-13
  worst_scale_rel_diff         2.965225539873054e-07
  worst_elem_rel_diff          3.308749325842325e-07
  mape_tf                      94.01715397834778
  mape_torch                   94.01715397834778
  tf_seconds_per_scenario      6.064009778721388
  torch_seconds_per_scenario   1.1870231670002604
  passed                       True
  gt_predictions               {'path': 'tensorflow_version_gt/results/mawi_pcaps/RouteNetGauss/jitter/seed_2/predictions.npz', 'same_shape': True, 'tf_vs_gt_bit_identical': True, 'tf_vs_gt_max_abs_diff': 0.0, 'torch_vs_gt_max_abs_diff': 4.547473508864641e-13, 'targets_vs_gt_bit_identical': True}
  report -> pytorch_version_results/parity/l0_quick_mawi_pcaps_jitter_seed2.json
