[   0] idx=   10 n=  1560 targets_identical=True max|Δ|=7.276e-12 scale-rel=2.318e-07 elem-rel=2.369e-07 MAPE tf=89.6472 torch=89.6472
[   1] idx=   23 n=  1680 targets_identical=True max|Δ|=7.276e-12 scale-rel=2.226e-07 elem-rel=2.862e-07 MAPE tf=85.4000 torch=85.4000
[   2] idx=   55 n=  2200 targets_identical=True max|Δ|=7.276e-12 scale-rel=2.017e-07 elem-rel=2.969e-07 MAPE tf=89.7982 torch=89.7982
[   3] idx=   57 n=  2200 targets_identical=True max|Δ|=7.276e-12 scale-rel=1.858e-07 elem-rel=2.953e-07 MAPE tf=87.5809 torch=87.5809
WARNING:tensorflow:5 out of the last 5 calls to <function RouteNetGauss.call at 0x71870eb08550> triggered tf.function retracing. Tracing is expensive and the excessive number of tracings could be due to (1) creating @tf.function repeatedly in a loop, (2) passing tensors with different shapes, (3) passing Python objects instead of tensors. For (1), please define your @tf.function outside of the loop. For (2), @tf.function has reduce_retracing=True option that can avoid unnecessary retracing. For (3), please refer to https://www.tensorflow.org/guide/function#controlling_retracing and https://www.tensorflow.org/api_docs/python/tf/function for  more details.
[   4] idx=   59 n=  1160 targets_identical=True max|Δ|=7.276e-12 scale-rel=1.969e-07 elem-rel=2.368e-07 MAPE tf=86.7155 torch=86.7154
WARNING:tensorflow:6 out of the last 6 calls to <function RouteNetGauss.call at 0x71870eb08550> triggered tf.function retracing. Tracing is expensive and the excessive number of tracings could be due to (1) creating @tf.function repeatedly in a loop, (2) passing tensors with different shapes, (3) passing Python objects instead of tensors. For (1), please define your @tf.function outside of the loop. For (2), @tf.function has reduce_retracing=True option that can avoid unnecessary retracing. For (3), please refer to https://www.tensorflow.org/guide/function#controlling_retracing and https://www.tensorflow.org/api_docs/python/tf/function for  more details.
[   5] idx=   64 n=  1480 targets_identical=True max|Δ|=1.091e-11 scale-rel=3.037e-07 elem-rel=3.078e-07 MAPE tf=90.9915 torch=90.9915
[   6] idx=   71 n=  2080 targets_identical=True max|Δ|=5.457e-12 scale-rel=1.250e-07 elem-rel=2.970e-07 MAPE tf=85.4561 torch=85.4561
[   7] idx=   79 n=  1320 targets_identical=True max|Δ|=1.091e-11 scale-rel=2.576e-07 elem-rel=3.048e-07 MAPE tf=89.8757 torch=89.8757
[   8] idx=  111 n=  1560 targets_identical=True max|Δ|=7.276e-12 scale-rel=2.267e-07 elem-rel=2.907e-07 MAPE tf=90.6327 torch=90.6327
[   9] idx=  143 n=  1680 targets_identical=True max|Δ|=7.276e-12 scale-rel=2.093e-07 elem-rel=2.407e-07 MAPE tf=84.8866 torch=84.8866
[  10] idx=  155 n=  2160 targets_identical=True max|Δ|=7.276e-12 scale-rel=1.626e-07 elem-rel=3.155e-07 MAPE tf=88.0256 torch=88.0256
[  11] idx=  185 n=  1441 targets_identical=True max|Δ|=7.276e-12 scale-rel=1.852e-07 elem-rel=2.518e-07 MAPE tf=91.4113 torch=91.4113
[  12] idx=  188 n=   800 targets_identical=True max|Δ|=7.276e-12 scale-rel=2.231e-07 elem-rel=2.363e-07 MAPE tf=78.1319 torch=78.1319
[  13] idx=  195 n=  1640 targets_identical=True max|Δ|=7.276e-12 scale-rel=1.914e-07 elem-rel=2.795e-07 MAPE tf=86.2064 torch=86.2064
[  14] idx=  196 n=  1680 targets_identical=True max|Δ|=7.276e-12 scale-rel=2.007e-07 elem-rel=2.720e-07 MAPE tf=83.1827 torch=83.1827
[  15] idx=  212 n=  2240 targets_identical=True max|Δ|=5.457e-12 scale-rel=2.269e-07 elem-rel=2.702e-07 MAPE tf=85.9745 torch=85.9745
[  16] idx=  215 n=  1200 targets_identical=True max|Δ|=5.457e-12 scale-rel=1.379e-07 elem-rel=2.885e-07 MAPE tf=88.7076 torch=88.7076
[  17] idx=  221 n=  1320 targets_identical=True max|Δ|=7.276e-12 scale-rel=1.976e-07 elem-rel=2.596e-07 MAPE tf=89.6246 torch=89.6246
[  18] idx=  247 n=  1280 targets_identical=True max|Δ|=7.276e-12 scale-rel=1.792e-07 elem-rel=2.660e-07 MAPE tf=90.1864 torch=90.1864
[  19] idx=  249 n=   760 targets_identical=True max|Δ|=3.638e-12 scale-rel=1.049e-07 elem-rel=2.309e-07 MAPE tf=88.0500 torch=88.0500
[  20] idx=  264 n=  1680 targets_identical=True max|Δ|=7.276e-12 scale-rel=1.852e-07 elem-rel=2.405e-07 MAPE tf=85.0137 torch=85.0137
[  21] idx=  271 n=  1680 targets_identical=True max|Δ|=7.276e-12 scale-rel=1.984e-07 elem-rel=3.325e-07 MAPE tf=86.3728 torch=86.3728
[  22] idx=  280 n=  1600 targets_identical=True max|Δ|=7.276e-12 scale-rel=1.608e-07 elem-rel=2.658e-07 MAPE tf=88.6670 torch=88.6670
[  23] idx=  285 n=   480 targets_identical=True max|Δ|=3.638e-12 scale-rel=1.406e-07 elem-rel=2.367e-07 MAPE tf=87.0737 torch=87.0737
[  24] idx=  289 n=  2200 targets_identical=True max|Δ|=7.276e-12 scale-rel=1.364e-07 elem-rel=2.739e-07 MAPE tf=85.4957 torch=85.4957
[  25] idx=  299 n=  2160 targets_identical=True max|Δ|=7.276e-12 scale-rel=1.623e-07 elem-rel=3.070e-07 MAPE tf=89.3359 torch=89.3359
[  26] idx=  300 n=  2040 targets_identical=True max|Δ|=7.276e-12 scale-rel=1.859e-07 elem-rel=3.143e-07 MAPE tf=91.1591 torch=91.1591
[  27] idx=  312 n=  1160 targets_identical=True max|Δ|=5.457e-12 scale-rel=1.194e-07 elem-rel=2.380e-07 MAPE tf=86.3808 torch=86.3808
[  28] idx=  321 n=   680 targets_identical=True max|Δ|=3.638e-12 scale-rel=1.110e-07 elem-rel=2.152e-07 MAPE tf=82.1510 torch=82.1510
[  29] idx=  343 n=  1640 targets_identical=True max|Δ|=3.638e-12 scale-rel=1.324e-07 elem-rel=2.437e-07 MAPE tf=84.4633 torch=84.4633
[  30] idx=  358 n=  2240 targets_identical=True max|Δ|=7.276e-12 scale-rel=1.814e-07 elem-rel=2.549e-07 MAPE tf=85.6419 torch=85.6419
[  31] idx=  359 n=  1640 targets_identical=True max|Δ|=7.276e-12 scale-rel=2.378e-07 elem-rel=2.913e-07 MAPE tf=87.7477 torch=87.7476
[  32] idx=  364 n=  1680 targets_identical=True max|Δ|=7.276e-12 scale-rel=1.869e-07 elem-rel=2.977e-07 MAPE tf=85.6797 torch=85.6797
[  33] idx=  371 n=  2240 targets_identical=True max|Δ|=7.276e-12 scale-rel=1.557e-07 elem-rel=2.634e-07 MAPE tf=84.1449 torch=84.1449
[  34] idx=  373 n=   800 targets_identical=True max|Δ|=3.638e-12 scale-rel=1.121e-07 elem-rel=2.676e-07 MAPE tf=85.6007 torch=85.6007
[  35] idx=  380 n=   800 targets_identical=True max|Δ|=3.638e-12 scale-rel=1.109e-07 elem-rel=2.045e-07 MAPE tf=83.7688 torch=83.7688
[  36] idx=  403 n=  1160 targets_identical=True max|Δ|=5.457e-12 scale-rel=1.854e-07 elem-rel=2.772e-07 MAPE tf=88.3675 torch=88.3675
[  37] idx=  414 n=  2080 targets_identical=True max|Δ|=7.276e-12 scale-rel=1.973e-07 elem-rel=2.507e-07 MAPE tf=91.0707 torch=91.0707
[  38] idx=  422 n=   640 targets_identical=True max|Δ|=3.638e-12 scale-rel=7.656e-08 elem-rel=2.031e-07 MAPE tf=88.0121 torch=88.0121
[  39] idx=  454 n=  1600 targets_identical=True max|Δ|=5.457e-12 scale-rel=1.904e-07 elem-rel=2.715e-07 MAPE tf=85.9051 torch=85.9051
[  40] idx=  465 n=   800 targets_identical=True max|Δ|=3.638e-12 scale-rel=1.835e-07 elem-rel=2.668e-07 MAPE tf=83.1311 torch=83.1311
[  41] idx=  468 n=  1680 targets_identical=True max|Δ|=7.276e-12 scale-rel=2.276e-07 elem-rel=3.289e-07 MAPE tf=86.7570 torch=86.7570
[  42] idx=  478 n=  1160 targets_identical=True max|Δ|=5.457e-12 scale-rel=1.795e-07 elem-rel=2.735e-07 MAPE tf=85.7815 torch=85.7815
[  43] idx=  489 n=  1200 targets_identical=True max|Δ|=7.276e-12 scale-rel=1.838e-07 elem-rel=2.368e-07 MAPE tf=90.0929 torch=90.0929
[  44] idx=  507 n=   720 targets_identical=True max|Δ|=3.638e-12 scale-rel=9.690e-08 elem-rel=2.112e-07 MAPE tf=82.3701 torch=82.3701
[  45] idx=  536 n=  1120 targets_identical=True max|Δ|=7.276e-12 scale-rel=2.236e-07 elem-rel=2.823e-07 MAPE tf=89.1203 torch=89.1203
[  46] idx=  568 n=   720 targets_identical=True max|Δ|=3.638e-12 scale-rel=1.265e-07 elem-rel=2.004e-07 MAPE tf=83.4704 torch=83.4704
[  47] idx=  577 n=  1640 targets_identical=True max|Δ|=1.091e-11 scale-rel=2.012e-07 elem-rel=2.646e-07 MAPE tf=87.8313 torch=87.8313
[  48] idx=  579 n=  1680 targets_identical=True max|Δ|=7.276e-12 scale-rel=2.141e-07 elem-rel=3.063e-07 MAPE tf=86.4115 torch=86.4115
[  49] idx=  591 n=  1640 targets_identical=True max|Δ|=5.457e-12 scale-rel=1.677e-07 elem-rel=2.637e-07 MAPE tf=87.5910 torch=87.5910
[  50] idx=  594 n=   640 targets_identical=True max|Δ|=3.638e-12 scale-rel=1.512e-07 elem-rel=2.372e-07 MAPE tf=87.8657 torch=87.8657
[  51] idx=  608 n=  1200 targets_identical=True max|Δ|=7.276e-12 scale-rel=2.247e-07 elem-rel=3.036e-07 MAPE tf=85.1133 torch=85.1133
[  52] idx=  634 n=  1240 targets_identical=True max|Δ|=7.276e-12 scale-rel=2.029e-07 elem-rel=2.909e-07 MAPE tf=88.5598 torch=88.5598
[  53] idx=  635 n=  1920 targets_identical=True max|Δ|=7.276e-12 scale-rel=1.349e-07 elem-rel=3.097e-07 MAPE tf=90.2728 torch=90.2728
[  54] idx=  644 n=  2160 targets_identical=True max|Δ|=7.276e-12 scale-rel=2.095e-07 elem-rel=3.126e-07 MAPE tf=90.6238 torch=90.6238
[  55] idx=  672 n=  1680 targets_identical=True max|Δ|=7.276e-12 scale-rel=1.525e-07 elem-rel=2.973e-07 MAPE tf=86.8505 torch=86.8505
[  56] idx=  677 n=  1440 targets_identical=True max|Δ|=1.091e-11 scale-rel=2.014e-07 elem-rel=3.017e-07 MAPE tf=86.8480 torch=86.8480
[  57] idx=  697 n=  1680 targets_identical=True max|Δ|=7.276e-12 scale-rel=2.092e-07 elem-rel=2.393e-07 MAPE tf=89.0201 torch=89.0201
[  58] idx=  701 n=  1680 targets_identical=True max|Δ|=7.276e-12 scale-rel=1.972e-07 elem-rel=2.436e-07 MAPE tf=85.9696 torch=85.9696
[  59] idx=  710 n=  1680 targets_identical=True max|Δ|=5.457e-12 scale-rel=1.495e-07 elem-rel=2.471e-07 MAPE tf=89.2753 torch=89.2753
[  60] idx=  716 n=  1400 targets_identical=True max|Δ|=7.276e-12 scale-rel=1.334e-07 elem-rel=2.800e-07 MAPE tf=89.8267 torch=89.8267
[  61] idx=  727 n=   760 targets_identical=True max|Δ|=3.638e-12 scale-rel=1.138e-07 elem-rel=2.286e-07 MAPE tf=84.6875 torch=84.6875
[  62] idx=  750 n=  1680 targets_identical=True max|Δ|=5.457e-12 scale-rel=1.720e-07 elem-rel=2.568e-07 MAPE tf=84.6573 torch=84.6573
[  63] idx=  751 n=   800 targets_identical=True max|Δ|=3.638e-12 scale-rel=1.388e-07 elem-rel=2.443e-07 MAPE tf=86.1936 torch=86.1936
[  64] idx=  757 n=   720 targets_identical=True max|Δ|=3.638e-12 scale-rel=1.361e-07 elem-rel=2.249e-07 MAPE tf=88.5106 torch=88.5106
[  65] idx=  761 n=   800 targets_identical=True max|Δ|=7.276e-12 scale-rel=1.377e-07 elem-rel=1.954e-07 MAPE tf=83.4569 torch=83.4569
[  66] idx=  785 n=   720 targets_identical=True max|Δ|=3.638e-12 scale-rel=1.092e-07 elem-rel=2.274e-07 MAPE tf=87.8319 torch=87.8319
[  67] idx=  798 n=  1680 targets_identical=True max|Δ|=1.091e-11 scale-rel=2.701e-07 elem-rel=3.342e-07 MAPE tf=87.2913 torch=87.2913
[  68] idx=  827 n=  1920 targets_identical=True max|Δ|=7.276e-12 scale-rel=1.951e-07 elem-rel=3.242e-07 MAPE tf=89.9508 torch=89.9508
[  69] idx=  833 n=  1680 targets_identical=True max|Δ|=7.276e-12 scale-rel=1.934e-07 elem-rel=2.618e-07 MAPE tf=84.7689 torch=84.7689
[  70] idx=  841 n=  1920 targets_identical=True max|Δ|=7.276e-12 scale-rel=1.757e-07 elem-rel=2.538e-07 MAPE tf=88.9529 torch=88.9529
[  71] idx=  877 n=  1360 targets_identical=True max|Δ|=5.457e-12 scale-rel=2.088e-07 elem-rel=2.454e-07 MAPE tf=88.4399 torch=88.4399
[  72] idx=  878 n=  1200 targets_identical=True max|Δ|=7.276e-12 scale-rel=1.490e-07 elem-rel=2.772e-07 MAPE tf=84.8368 torch=84.8368
[  73] idx=  889 n=  1520 targets_identical=True max|Δ|=7.276e-12 scale-rel=1.416e-07 elem-rel=2.653e-07 MAPE tf=90.7481 torch=90.7481
[  74] idx=  899 n=  2200 targets_identical=True max|Δ|=7.276e-12 scale-rel=2.006e-07 elem-rel=2.757e-07 MAPE tf=89.9622 torch=89.9622
[  75] idx=  937 n=  1200 targets_identical=True max|Δ|=7.276e-12 scale-rel=2.256e-07 elem-rel=2.923e-07 MAPE tf=86.2713 torch=86.2713
[  76] idx=  953 n=  2200 targets_identical=True max|Δ|=5.457e-12 scale-rel=2.112e-07 elem-rel=2.839e-07 MAPE tf=86.3293 torch=86.3293
[  77] idx=  959 n=   800 targets_identical=True max|Δ|=3.638e-12 scale-rel=1.308e-07 elem-rel=2.382e-07 MAPE tf=84.9478 torch=84.9478
[  78] idx=  968 n=  1680 targets_identical=True max|Δ|=7.276e-12 scale-rel=2.051e-07 elem-rel=2.647e-07 MAPE tf=87.3559 torch=87.3559
[  79] idx=  970 n=  1200 targets_identical=True max|Δ|=5.457e-12 scale-rel=1.777e-07 elem-rel=2.842e-07 MAPE tf=85.7296 torch=85.7296
[  80] idx= 1021 n=   840 targets_identical=True max|Δ|=5.457e-12 scale-rel=1.963e-07 elem-rel=2.687e-07 MAPE tf=88.3291 torch=88.3291
[  81] idx= 1024 n=  1680 targets_identical=True max|Δ|=7.276e-12 scale-rel=2.004e-07 elem-rel=2.592e-07 MAPE tf=87.6485 torch=87.6485
[  82] idx= 1055 n=  1280 targets_identical=True max|Δ|=5.457e-12 scale-rel=1.938e-07 elem-rel=3.166e-07 MAPE tf=90.6721 torch=90.6721
[  83] idx= 1067 n=  1480 targets_identical=True max|Δ|=7.276e-12 scale-rel=2.253e-07 elem-rel=2.466e-07 MAPE tf=90.5732 torch=90.5732
[  84] idx= 1092 n=  2200 targets_identical=True max|Δ|=7.276e-12 scale-rel=1.858e-07 elem-rel=2.714e-07 MAPE tf=84.8998 torch=84.8998
[  85] idx= 1113 n=  2200 targets_identical=True max|Δ|=1.091e-11 scale-rel=2.015e-07 elem-rel=2.990e-07 MAPE tf=85.8558 torch=85.8558
[  86] idx= 1127 n=   720 targets_identical=True max|Δ|=7.276e-12 scale-rel=1.964e-07 elem-rel=2.112e-07 MAPE tf=83.4454 torch=83.4454
[  87] idx= 1134 n=  1200 targets_identical=True max|Δ|=5.457e-12 scale-rel=1.888e-07 elem-rel=2.604e-07 MAPE tf=84.2233 torch=84.2233
[  88] idx= 1139 n=  1600 targets_identical=True max|Δ|=5.457e-12 scale-rel=1.850e-07 elem-rel=2.792e-07 MAPE tf=87.0307 torch=87.0307
[  89] idx= 1164 n=  1680 targets_identical=True max|Δ|=7.276e-12 scale-rel=2.106e-07 elem-rel=2.783e-07 MAPE tf=85.1084 torch=85.1084
[  90] idx= 1173 n=  2240 targets_identical=True max|Δ|=7.276e-12 scale-rel=1.762e-07 elem-rel=2.782e-07 MAPE tf=86.8248 torch=86.8248
[  91] idx= 1212 n=   800 targets_identical=True max|Δ|=3.638e-12 scale-rel=1.271e-07 elem-rel=2.179e-07 MAPE tf=84.6172 torch=84.6172
[  92] idx= 1230 n=  1040 targets_identical=True max|Δ|=7.276e-12 scale-rel=1.822e-07 elem-rel=2.387e-07 MAPE tf=88.0033 torch=88.0033
[  93] idx= 1237 n=  1200 targets_identical=True max|Δ|=5.457e-12 scale-rel=1.901e-07 elem-rel=2.523e-07 MAPE tf=82.6620 torch=82.6620
[  94] idx= 1251 n=   800 targets_identical=True max|Δ|=3.638e-12 scale-rel=1.507e-07 elem-rel=2.332e-07 MAPE tf=82.8819 torch=82.8819
[  95] idx= 1252 n=   800 targets_identical=True max|Δ|=3.638e-12 scale-rel=1.525e-07 elem-rel=2.263e-07 MAPE tf=83.8579 torch=83.8579
[  96] idx= 1287 n=  1600 targets_identical=True max|Δ|=5.457e-12 scale-rel=2.014e-07 elem-rel=2.487e-07 MAPE tf=86.7271 torch=86.7271
[  97] idx= 1299 n=   680 targets_identical=True max|Δ|=3.638e-12 scale-rel=9.332e-08 elem-rel=2.305e-07 MAPE tf=81.1043 torch=81.1043
[  98] idx= 1307 n=  1760 targets_identical=True max|Δ|=7.276e-12 scale-rel=1.823e-07 elem-rel=2.383e-07 MAPE tf=88.5020 torch=88.5020
[  99] idx= 1326 n=  1680 targets_identical=True max|Δ|=7.276e-12 scale-rel=2.275e-07 elem-rel=2.660e-07 MAPE tf=87.7579 torch=87.7579
[ 100] idx= 1329 n=  1240 targets_identical=True max|Δ|=5.457e-12 scale-rel=1.452e-07 elem-rel=2.372e-07 MAPE tf=88.7544 torch=88.7544
[ 101] idx= 1333 n=   720 targets_identical=True max|Δ|=3.638e-12 scale-rel=1.224e-07 elem-rel=2.352e-07 MAPE tf=89.5367 torch=89.5367
[ 102] idx= 1342 n=  1320 targets_identical=True max|Δ|=3.638e-12 scale-rel=1.164e-07 elem-rel=2.281e-07 MAPE tf=91.9274 torch=91.9274
[ 103] idx= 1354 n=  1680 targets_identical=True max|Δ|=7.276e-12 scale-rel=1.279e-07 elem-rel=2.362e-07 MAPE tf=86.0058 torch=86.0058
[ 104] idx= 1367 n=  1200 targets_identical=True max|Δ|=7.276e-12 scale-rel=1.586e-07 elem-rel=3.265e-07 MAPE tf=88.7481 torch=88.7481
[ 105] idx= 1369 n=  1120 targets_identical=True max|Δ|=5.457e-12 scale-rel=1.544e-07 elem-rel=2.386e-07 MAPE tf=85.4207 torch=85.4207
[ 106] idx= 1400 n=  2160 targets_identical=True max|Δ|=5.457e-12 scale-rel=1.496e-07 elem-rel=3.119e-07 MAPE tf=85.2065 torch=85.2065
[ 107] idx= 1415 n=   800 targets_identical=True max|Δ|=3.638e-12 scale-rel=1.234e-07 elem-rel=2.245e-07 MAPE tf=82.9656 torch=82.9656
[ 108] idx= 1418 n=   760 targets_identical=True max|Δ|=5.457e-12 scale-rel=1.916e-07 elem-rel=2.260e-07 MAPE tf=79.2426 torch=79.2426
[ 109] idx= 1432 n=  1040 targets_identical=True max|Δ|=7.276e-12 scale-rel=1.826e-07 elem-rel=2.782e-07 MAPE tf=89.9176 torch=89.9176
[ 110] idx= 1444 n=  1000 targets_identical=True max|Δ|=5.457e-12 scale-rel=1.959e-07 elem-rel=2.839e-07 MAPE tf=87.4104 torch=87.4104
[ 111] idx= 1453 n=  1920 targets_identical=True max|Δ|=5.457e-12 scale-rel=1.905e-07 elem-rel=2.939e-07 MAPE tf=89.2956 torch=89.2956
[ 112] idx= 1480 n=   720 targets_identical=True max|Δ|=3.638e-12 scale-rel=1.666e-07 elem-rel=2.207e-07 MAPE tf=83.6116 torch=83.6116
[ 113] idx= 1486 n=  1680 targets_identical=True max|Δ|=5.457e-12 scale-rel=1.505e-07 elem-rel=2.838e-07 MAPE tf=83.6041 torch=83.6041
[ 114] idx= 1544 n=  2000 targets_identical=True max|Δ|=7.276e-12 scale-rel=2.134e-07 elem-rel=3.097e-07 MAPE tf=90.5425 torch=90.5425
[ 115] idx= 1546 n=  1560 targets_identical=True max|Δ|=5.457e-12 scale-rel=1.859e-07 elem-rel=2.713e-07 MAPE tf=85.0835 torch=85.0835
[ 116] idx= 1562 n=  1200 targets_identical=True max|Δ|=7.276e-12 scale-rel=2.308e-07 elem-rel=2.367e-07 MAPE tf=87.1667 torch=87.1667
[ 117] idx= 1582 n=  1680 targets_identical=True max|Δ|=7.276e-12 scale-rel=1.424e-07 elem-rel=2.821e-07 MAPE tf=86.6944 torch=86.6944
[ 118] idx= 1604 n=  1640 targets_identical=True max|Δ|=7.276e-12 scale-rel=2.079e-07 elem-rel=2.762e-07 MAPE tf=83.8710 torch=83.8710
[ 119] idx= 1632 n=  2200 targets_identical=True max|Δ|=5.457e-12 scale-rel=1.681e-07 elem-rel=2.791e-07 MAPE tf=88.3211 torch=88.3211
[ 120] idx= 1638 n=  1680 targets_identical=True max|Δ|=7.276e-12 scale-rel=1.429e-07 elem-rel=2.455e-07 MAPE tf=84.4724 torch=84.4724
[ 121] idx= 1639 n=  1680 targets_identical=True max|Δ|=7.276e-12 scale-rel=2.166e-07 elem-rel=2.939e-07 MAPE tf=87.7224 torch=87.7224
[ 122] idx= 1641 n=   720 targets_identical=True max|Δ|=3.638e-12 scale-rel=1.363e-07 elem-rel=2.152e-07 MAPE tf=83.5228 torch=83.5228
[ 123] idx= 1642 n=  1680 targets_identical=True max|Δ|=5.457e-12 scale-rel=1.835e-07 elem-rel=2.606e-07 MAPE tf=84.3596 torch=84.3596
[ 124] idx= 1647 n=   800 targets_identical=True max|Δ|=3.638e-12 scale-rel=1.294e-07 elem-rel=2.252e-07 MAPE tf=86.5789 torch=86.5789
[ 125] idx= 1681 n=  2120 targets_identical=True max|Δ|=7.276e-12 scale-rel=1.503e-07 elem-rel=3.183e-07 MAPE tf=90.4950 torch=90.4950
[ 126] idx= 1705 n=   800 targets_identical=True max|Δ|=3.638e-12 scale-rel=9.242e-08 elem-rel=2.379e-07 MAPE tf=87.2269 torch=87.2269
[ 127] idx= 1706 n=   720 targets_identical=True max|Δ|=7.276e-12 scale-rel=1.543e-07 elem-rel=2.152e-07 MAPE tf=86.0153 torch=86.0153
[ 128] idx= 1726 n=  1640 targets_identical=True max|Δ|=5.457e-12 scale-rel=2.076e-07 elem-rel=3.082e-07 MAPE tf=85.4554 torch=85.4554
[ 129] idx= 1729 n=  2200 targets_identical=True max|Δ|=5.457e-12 scale-rel=1.922e-07 elem-rel=2.863e-07 MAPE tf=85.5226 torch=85.5226
[ 130] idx= 1757 n=  1400 targets_identical=True max|Δ|=7.276e-12 scale-rel=1.758e-07 elem-rel=2.792e-07 MAPE tf=89.8926 torch=89.8926
[ 131] idx= 1773 n=  1680 targets_identical=True max|Δ|=7.276e-12 scale-rel=2.229e-07 elem-rel=2.833e-07 MAPE tf=85.9156 torch=85.9156
[ 132] idx= 1787 n=  2240 targets_identical=True max|Δ|=1.091e-11 scale-rel=2.134e-07 elem-rel=2.645e-07 MAPE tf=85.3937 torch=85.3937
[ 133] idx= 1801 n=  1680 targets_identical=True max|Δ|=5.457e-12 scale-rel=2.014e-07 elem-rel=2.495e-07 MAPE tf=89.7899 torch=89.7899
[ 134] idx= 1805 n=  1200 targets_identical=True max|Δ|=7.276e-12 scale-rel=1.989e-07 elem-rel=2.982e-07 MAPE tf=89.2283 torch=89.2283
[ 135] idx= 1806 n=  1600 targets_identical=True max|Δ|=5.457e-12 scale-rel=2.069e-07 elem-rel=2.642e-07 MAPE tf=89.8985 torch=89.8985
[ 136] idx= 1830 n=  1120 targets_identical=True max|Δ|=7.276e-12 scale-rel=1.951e-07 elem-rel=2.731e-07 MAPE tf=86.3730 torch=86.3730
[ 137] idx= 1858 n=  1400 targets_identical=True max|Δ|=7.276e-12 scale-rel=2.075e-07 elem-rel=2.584e-07 MAPE tf=86.7950 torch=86.7950
[ 138] idx= 1861 n=   800 targets_identical=True max|Δ|=3.638e-12 scale-rel=1.105e-07 elem-rel=2.317e-07 MAPE tf=83.4856 torch=83.4856
[ 139] idx= 1883 n=  2160 targets_identical=True max|Δ|=7.276e-12 scale-rel=1.489e-07 elem-rel=2.643e-07 MAPE tf=85.6291 torch=85.6291
[ 140] idx= 1888 n=  1920 targets_identical=True max|Δ|=7.276e-12 scale-rel=2.152e-07 elem-rel=2.679e-07 MAPE tf=89.8977 torch=89.8977
[ 141] idx= 1899 n=   960 targets_identical=True max|Δ|=5.457e-12 scale-rel=1.589e-07 elem-rel=2.904e-07 MAPE tf=88.1053 torch=88.1053
[ 142] idx= 1903 n=   720 targets_identical=True max|Δ|=3.638e-12 scale-rel=1.323e-07 elem-rel=2.142e-07 MAPE tf=82.0534 torch=82.0534
[ 143] idx= 1904 n=  1680 targets_identical=True max|Δ|=7.276e-12 scale-rel=1.826e-07 elem-rel=2.585e-07 MAPE tf=84.1381 torch=84.1381
[ 144] idx= 1909 n=  1600 targets_identical=True max|Δ|=5.457e-12 scale-rel=1.506e-07 elem-rel=2.443e-07 MAPE tf=89.7354 torch=89.7354
[ 145] idx= 1918 n=  1680 targets_identical=True max|Δ|=7.276e-12 scale-rel=1.995e-07 elem-rel=2.598e-07 MAPE tf=83.0322 torch=83.0322
[ 146] idx= 1929 n=   722 targets_identical=True max|Δ|=3.638e-12 scale-rel=1.206e-07 elem-rel=2.201e-07 MAPE tf=82.0916 torch=82.0916
[ 147] idx= 1950 n=  1640 targets_identical=True max|Δ|=5.457e-12 scale-rel=1.939e-07 elem-rel=3.211e-07 MAPE tf=87.9777 torch=87.9777
[ 148] idx= 1965 n=   760 targets_identical=True max|Δ|=3.638e-12 scale-rel=9.230e-08 elem-rel=2.187e-07 MAPE tf=85.6540 torch=85.6540
[ 149] idx= 1967 n=  2040 targets_identical=True max|Δ|=1.091e-11 scale-rel=2.695e-07 elem-rel=3.169e-07 MAPE tf=90.2042 torch=90.2042
[ 150] idx= 1971 n=  2120 targets_identical=True max|Δ|=7.276e-12 scale-rel=2.120e-07 elem-rel=2.910e-07 MAPE tf=91.2797 torch=91.2797
[ 151] idx= 1984 n=   800 targets_identical=True max|Δ|=3.638e-12 scale-rel=9.958e-08 elem-rel=2.261e-07 MAPE tf=82.9469 torch=82.9469
[ 152] idx= 1994 n=  2160 targets_identical=True max|Δ|=7.276e-12 scale-rel=2.139e-07 elem-rel=2.898e-07 MAPE tf=90.1550 torch=90.1550
[ 153] idx= 2010 n=   800 targets_identical=True max|Δ|=3.638e-12 scale-rel=1.266e-07 elem-rel=2.335e-07 MAPE tf=83.9636 torch=83.9636
[ 154] idx= 2032 n=  2080 targets_identical=True max|Δ|=7.276e-12 scale-rel=1.345e-07 elem-rel=2.889e-07 MAPE tf=90.4066 torch=90.4066
[ 155] idx= 2034 n=  2120 targets_identical=True max|Δ|=7.276e-12 scale-rel=1.693e-07 elem-rel=3.142e-07 MAPE tf=89.6175 torch=89.6175
[ 156] idx= 2047 n=   800 targets_identical=True max|Δ|=3.638e-12 scale-rel=1.103e-07 elem-rel=2.236e-07 MAPE tf=85.0778 torch=85.0778
[ 157] idx= 2076 n=  2240 targets_identical=True max|Δ|=7.276e-12 scale-rel=1.343e-07 elem-rel=2.659e-07 MAPE tf=85.6843 torch=85.6843
[ 158] idx= 2082 n=  2160 targets_identical=True max|Δ|=7.276e-12 scale-rel=1.426e-07 elem-rel=2.948e-07 MAPE tf=88.8014 torch=88.8014
[ 159] idx= 2110 n=   720 targets_identical=True max|Δ|=3.638e-12 scale-rel=1.145e-07 elem-rel=1.921e-07 MAPE tf=81.3845 torch=81.3845
[ 160] idx= 2127 n=  1680 targets_identical=True max|Δ|=7.276e-12 scale-rel=1.975e-07 elem-rel=3.068e-07 MAPE tf=89.3044 torch=89.3044
[ 161] idx= 2136 n=  1440 targets_identical=True max|Δ|=7.276e-12 scale-rel=2.181e-07 elem-rel=3.211e-07 MAPE tf=88.6391 torch=88.6391
[ 162] idx= 2149 n=  2200 targets_identical=True max|Δ|=7.276e-12 scale-rel=1.560e-07 elem-rel=2.612e-07 MAPE tf=88.2812 torch=88.2812
[ 163] idx= 2153 n=   760 targets_identical=True max|Δ|=7.276e-12 scale-rel=2.154e-07 elem-rel=2.170e-07 MAPE tf=84.9379 torch=84.9379
[ 164] idx= 2167 n=   800 targets_identical=True max|Δ|=3.638e-12 scale-rel=1.010e-07 elem-rel=2.403e-07 MAPE tf=82.0177 torch=82.0177
[ 165] idx= 2170 n=  1600 targets_identical=True max|Δ|=7.276e-12 scale-rel=2.314e-07 elem-rel=2.989e-07 MAPE tf=83.8195 torch=83.8195
[ 166] idx= 2172 n=   720 targets_identical=True max|Δ|=3.638e-12 scale-rel=1.268e-07 elem-rel=2.313e-07 MAPE tf=85.2213 torch=85.2213
[ 167] idx= 2173 n=   800 targets_identical=True max|Δ|=3.638e-12 scale-rel=1.377e-07 elem-rel=2.330e-07 MAPE tf=87.0493 torch=87.0493
[ 168] idx= 2177 n=  2120 targets_identical=True max|Δ|=7.276e-12 scale-rel=2.056e-07 elem-rel=2.654e-07 MAPE tf=90.9615 torch=90.9615
[ 169] idx= 2200 n=  1200 targets_identical=True max|Δ|=5.457e-12 scale-rel=1.913e-07 elem-rel=2.478e-07 MAPE tf=88.9526 torch=88.9526
[ 170] idx= 2203 n=  1680 targets_identical=True max|Δ|=7.276e-12 scale-rel=1.802e-07 elem-rel=2.907e-07 MAPE tf=90.4590 torch=90.4590
[ 171] idx= 2214 n=  1560 targets_identical=True max|Δ|=7.276e-12 scale-rel=1.421e-07 elem-rel=2.488e-07 MAPE tf=89.9060 torch=89.9060

===== L0 forward parity =====
  n_scenarios                  172
  n_predictions                247483
  all_targets_identical        True
  max_abs_diff                 1.0913936421275139e-11
  worst_scale_rel_diff         3.036531600728889e-07
  worst_elem_rel_diff          3.3420985437808223e-07
  mape_tf                      87.20521926879883
  mape_torch                   87.20521330833435
  tf_seconds_per_scenario      6.815830567548441
  torch_seconds_per_scenario   1.255219887855441
  passed                       True
  gt_predictions               {'path': 'tensorflow_version_gt/results/mawi_pcaps/RouteNetGauss/delay/seed_2/predictions.npz', 'same_shape': True, 'tf_vs_gt_bit_identical': False, 'tf_vs_gt_max_abs_diff': 7.275957614183426e-12, 'torch_vs_gt_max_abs_diff': 3.637978807091713e-12, 'targets_vs_gt_bit_identical': True}
  report -> pytorch_version_results/parity/l0_quick_mawi_pcaps_delay_seed2.json
