[   0] idx=   10 n=  1560 targets_identical=True max|Δ|=7.276e-12 scale-rel=2.318e-07 elem-rel=2.497e-07 MAPE tf=89.7262 torch=89.7262
[   1] idx=   23 n=  1680 targets_identical=True max|Δ|=7.276e-12 scale-rel=2.226e-07 elem-rel=2.889e-07 MAPE tf=85.5868 torch=85.5868
[   2] idx=   55 n=  2200 targets_identical=True max|Δ|=7.276e-12 scale-rel=2.017e-07 elem-rel=2.980e-07 MAPE tf=89.8920 torch=89.8920
[   3] idx=   57 n=  2200 targets_identical=True max|Δ|=7.276e-12 scale-rel=1.858e-07 elem-rel=3.237e-07 MAPE tf=87.7068 torch=87.7068
WARNING:tensorflow:5 out of the last 5 calls to <function RouteNetGauss.call at 0x7b7fcc1a85e0> triggered tf.function retracing. Tracing is expensive and the excessive number of tracings could be due to (1) creating @tf.function repeatedly in a loop, (2) passing tensors with different shapes, (3) passing Python objects instead of tensors. For (1), please define your @tf.function outside of the loop. For (2), @tf.function has reduce_retracing=True option that can avoid unnecessary retracing. For (3), please refer to https://www.tensorflow.org/guide/function#controlling_retracing and https://www.tensorflow.org/api_docs/python/tf/function for  more details.
[   4] idx=   59 n=  1160 targets_identical=True max|Δ|=7.276e-12 scale-rel=1.970e-07 elem-rel=2.474e-07 MAPE tf=86.8344 torch=86.8344
WARNING:tensorflow:6 out of the last 6 calls to <function RouteNetGauss.call at 0x7b7fcc1a85e0> triggered tf.function retracing. Tracing is expensive and the excessive number of tracings could be due to (1) creating @tf.function repeatedly in a loop, (2) passing tensors with different shapes, (3) passing Python objects instead of tensors. For (1), please define your @tf.function outside of the loop. For (2), @tf.function has reduce_retracing=True option that can avoid unnecessary retracing. For (3), please refer to https://www.tensorflow.org/guide/function#controlling_retracing and https://www.tensorflow.org/api_docs/python/tf/function for  more details.
[   5] idx=   64 n=  1480 targets_identical=True max|Δ|=1.091e-11 scale-rel=3.037e-07 elem-rel=3.085e-07 MAPE tf=91.0681 torch=91.0681
[   6] idx=   71 n=  2080 targets_identical=True max|Δ|=7.276e-12 scale-rel=1.667e-07 elem-rel=3.303e-07 MAPE tf=85.6257 torch=85.6257
[   7] idx=   79 n=  1320 targets_identical=True max|Δ|=1.091e-11 scale-rel=2.576e-07 elem-rel=3.193e-07 MAPE tf=89.9582 torch=89.9582
[   8] idx=  111 n=  1560 targets_identical=True max|Δ|=7.276e-12 scale-rel=2.267e-07 elem-rel=2.937e-07 MAPE tf=90.7117 torch=90.7117
[   9] idx=  143 n=  1680 targets_identical=True max|Δ|=7.276e-12 scale-rel=2.093e-07 elem-rel=2.585e-07 MAPE tf=85.0615 torch=85.0615
[  10] idx=  155 n=  2160 targets_identical=True max|Δ|=1.091e-11 scale-rel=2.439e-07 elem-rel=3.281e-07 MAPE tf=88.1349 torch=88.1349
[  11] idx=  185 n=  1441 targets_identical=True max|Δ|=7.276e-12 scale-rel=1.852e-07 elem-rel=2.667e-07 MAPE tf=91.4888 torch=91.4888
[  12] idx=  188 n=   800 targets_identical=True max|Δ|=7.276e-12 scale-rel=2.231e-07 elem-rel=2.402e-07 MAPE tf=78.3432 torch=78.3432
[  13] idx=  195 n=  1640 targets_identical=True max|Δ|=1.091e-11 scale-rel=2.871e-07 elem-rel=3.354e-07 MAPE tf=86.3290 torch=86.3290
[  14] idx=  196 n=  1680 targets_identical=True max|Δ|=7.276e-12 scale-rel=2.007e-07 elem-rel=2.694e-07 MAPE tf=83.3721 torch=83.3721
[  15] idx=  212 n=  2240 targets_identical=True max|Δ|=5.457e-12 scale-rel=2.269e-07 elem-rel=2.849e-07 MAPE tf=86.1937 torch=86.1937
[  16] idx=  215 n=  1200 targets_identical=True max|Δ|=7.276e-12 scale-rel=1.839e-07 elem-rel=2.942e-07 MAPE tf=88.8050 torch=88.8050
[  17] idx=  221 n=  1320 targets_identical=True max|Δ|=7.276e-12 scale-rel=1.976e-07 elem-rel=2.636e-07 MAPE tf=89.7094 torch=89.7094
[  18] idx=  247 n=  1280 targets_identical=True max|Δ|=7.276e-12 scale-rel=1.792e-07 elem-rel=2.809e-07 MAPE tf=90.2729 torch=90.2729
[  19] idx=  249 n=   760 targets_identical=True max|Δ|=7.276e-12 scale-rel=2.099e-07 elem-rel=2.367e-07 MAPE tf=88.1416 torch=88.1416
[  20] idx=  264 n=  1680 targets_identical=True max|Δ|=1.091e-11 scale-rel=2.778e-07 elem-rel=2.873e-07 MAPE tf=85.1691 torch=85.1691
[  21] idx=  271 n=  1680 targets_identical=True max|Δ|=7.276e-12 scale-rel=1.984e-07 elem-rel=3.281e-07 MAPE tf=86.5093 torch=86.5093
[  22] idx=  280 n=  1600 targets_identical=True max|Δ|=7.276e-12 scale-rel=1.608e-07 elem-rel=2.720e-07 MAPE tf=88.7655 torch=88.7655
[  23] idx=  285 n=   480 targets_identical=True max|Δ|=3.638e-12 scale-rel=1.406e-07 elem-rel=2.329e-07 MAPE tf=87.1695 torch=87.1695
[  24] idx=  289 n=  2200 targets_identical=True max|Δ|=7.276e-12 scale-rel=1.365e-07 elem-rel=2.801e-07 MAPE tf=85.6872 torch=85.6872
[  25] idx=  299 n=  2160 targets_identical=True max|Δ|=7.276e-12 scale-rel=1.623e-07 elem-rel=3.076e-07 MAPE tf=89.4246 torch=89.4246
[  26] idx=  300 n=  2040 targets_identical=True max|Δ|=7.276e-12 scale-rel=1.859e-07 elem-rel=3.177e-07 MAPE tf=91.2330 torch=91.2330
[  27] idx=  312 n=  1160 targets_identical=True max|Δ|=5.457e-12 scale-rel=1.194e-07 elem-rel=2.638e-07 MAPE tf=86.5031 torch=86.5031
[  28] idx=  321 n=   680 targets_identical=True max|Δ|=7.276e-12 scale-rel=2.220e-07 elem-rel=2.259e-07 MAPE tf=82.3882 torch=82.3882
[  29] idx=  343 n=  1640 targets_identical=True max|Δ|=3.638e-12 scale-rel=1.324e-07 elem-rel=2.465e-07 MAPE tf=84.6851 torch=84.6851
[  30] idx=  358 n=  2240 targets_identical=True max|Δ|=7.276e-12 scale-rel=1.814e-07 elem-rel=2.630e-07 MAPE tf=85.8174 torch=85.8173
[  31] idx=  359 n=  1640 targets_identical=True max|Δ|=7.276e-12 scale-rel=2.378e-07 elem-rel=2.985e-07 MAPE tf=87.8545 torch=87.8545
[  32] idx=  364 n=  1680 targets_identical=True max|Δ|=7.276e-12 scale-rel=1.869e-07 elem-rel=3.127e-07 MAPE tf=85.8346 torch=85.8346
[  33] idx=  371 n=  2240 targets_identical=True max|Δ|=1.091e-11 scale-rel=2.335e-07 elem-rel=2.725e-07 MAPE tf=84.3334 torch=84.3334
[  34] idx=  373 n=   800 targets_identical=True max|Δ|=3.638e-12 scale-rel=1.121e-07 elem-rel=2.756e-07 MAPE tf=85.7194 torch=85.7194
[  35] idx=  380 n=   800 targets_identical=True max|Δ|=3.638e-12 scale-rel=1.109e-07 elem-rel=2.119e-07 MAPE tf=83.9288 torch=83.9288
[  36] idx=  403 n=  1160 targets_identical=True max|Δ|=5.457e-12 scale-rel=1.854e-07 elem-rel=2.742e-07 MAPE tf=88.4622 torch=88.4622
[  37] idx=  414 n=  2080 targets_identical=True max|Δ|=7.276e-12 scale-rel=1.973e-07 elem-rel=2.790e-07 MAPE tf=91.1438 torch=91.1438
[  38] idx=  422 n=   640 targets_identical=True max|Δ|=7.276e-12 scale-rel=1.531e-07 elem-rel=2.290e-07 MAPE tf=88.0895 torch=88.0895
[  39] idx=  454 n=  1600 targets_identical=True max|Δ|=5.457e-12 scale-rel=1.904e-07 elem-rel=2.873e-07 MAPE tf=86.0385 torch=86.0385
[  40] idx=  465 n=   800 targets_identical=True max|Δ|=3.638e-12 scale-rel=1.835e-07 elem-rel=2.770e-07 MAPE tf=83.3666 torch=83.3666
[  41] idx=  468 n=  1680 targets_identical=True max|Δ|=7.276e-12 scale-rel=2.276e-07 elem-rel=3.296e-07 MAPE tf=86.8690 torch=86.8690
[  42] idx=  478 n=  1160 targets_identical=True max|Δ|=5.457e-12 scale-rel=1.795e-07 elem-rel=2.830e-07 MAPE tf=85.9233 torch=85.9233
[  43] idx=  489 n=  1200 targets_identical=True max|Δ|=7.276e-12 scale-rel=1.838e-07 elem-rel=2.884e-07 MAPE tf=90.1833 torch=90.1833
[  44] idx=  507 n=   720 targets_identical=True max|Δ|=7.276e-12 scale-rel=1.938e-07 elem-rel=2.256e-07 MAPE tf=82.6024 torch=82.6024
[  45] idx=  536 n=  1120 targets_identical=True max|Δ|=7.276e-12 scale-rel=2.236e-07 elem-rel=2.901e-07 MAPE tf=89.2048 torch=89.2048
[  46] idx=  568 n=   720 targets_identical=True max|Δ|=3.638e-12 scale-rel=1.265e-07 elem-rel=2.758e-07 MAPE tf=83.7197 torch=83.7197
[  47] idx=  577 n=  1640 targets_identical=True max|Δ|=1.091e-11 scale-rel=2.012e-07 elem-rel=3.023e-07 MAPE tf=87.9462 torch=87.9462
[  48] idx=  579 n=  1680 targets_identical=True max|Δ|=7.276e-12 scale-rel=2.141e-07 elem-rel=3.140e-07 MAPE tf=86.5367 torch=86.5367
[  49] idx=  591 n=  1640 targets_identical=True max|Δ|=7.276e-12 scale-rel=2.237e-07 elem-rel=2.960e-07 MAPE tf=87.7068 torch=87.7068
[  50] idx=  594 n=   640 targets_identical=True max|Δ|=3.638e-12 scale-rel=1.512e-07 elem-rel=2.352e-07 MAPE tf=87.9659 torch=87.9659
[  51] idx=  608 n=  1200 targets_identical=True max|Δ|=7.276e-12 scale-rel=2.247e-07 elem-rel=3.235e-07 MAPE tf=85.2629 torch=85.2629
[  52] idx=  634 n=  1240 targets_identical=True max|Δ|=7.276e-12 scale-rel=2.029e-07 elem-rel=2.979e-07 MAPE tf=88.6580 torch=88.6580
[  53] idx=  635 n=  1920 targets_identical=True max|Δ|=7.276e-12 scale-rel=1.349e-07 elem-rel=3.176e-07 MAPE tf=90.3481 torch=90.3481
[  54] idx=  644 n=  2160 targets_identical=True max|Δ|=7.276e-12 scale-rel=2.095e-07 elem-rel=3.207e-07 MAPE tf=90.7173 torch=90.7173
[  55] idx=  672 n=  1680 targets_identical=True max|Δ|=7.276e-12 scale-rel=1.525e-07 elem-rel=3.046e-07 MAPE tf=86.9782 torch=86.9782
[  56] idx=  677 n=  1440 targets_identical=True max|Δ|=1.091e-11 scale-rel=2.014e-07 elem-rel=3.048e-07 MAPE tf=86.9534 torch=86.9534
[  57] idx=  697 n=  1680 targets_identical=True max|Δ|=7.276e-12 scale-rel=2.093e-07 elem-rel=2.549e-07 MAPE tf=89.1090 torch=89.1090
[  58] idx=  701 n=  1680 targets_identical=True max|Δ|=7.276e-12 scale-rel=1.972e-07 elem-rel=2.698e-07 MAPE tf=86.1112 torch=86.1112
[  59] idx=  710 n=  1680 targets_identical=True max|Δ|=7.276e-12 scale-rel=1.994e-07 elem-rel=2.812e-07 MAPE tf=89.3643 torch=89.3643
[  60] idx=  716 n=  1400 targets_identical=True max|Δ|=1.091e-11 scale-rel=2.001e-07 elem-rel=2.932e-07 MAPE tf=89.9152 torch=89.9152
[  61] idx=  727 n=   760 targets_identical=True max|Δ|=3.638e-12 scale-rel=1.138e-07 elem-rel=2.313e-07 MAPE tf=84.8206 torch=84.8206
[  62] idx=  750 n=  1680 targets_identical=True max|Δ|=5.457e-12 scale-rel=1.720e-07 elem-rel=2.559e-07 MAPE tf=84.8520 torch=84.8520
[  63] idx=  751 n=   800 targets_identical=True max|Δ|=3.638e-12 scale-rel=1.388e-07 elem-rel=2.491e-07 MAPE tf=86.3058 torch=86.3058
[  64] idx=  757 n=   720 targets_identical=True max|Δ|=3.638e-12 scale-rel=1.361e-07 elem-rel=2.255e-07 MAPE tf=88.5968 torch=88.5968
[  65] idx=  761 n=   800 targets_identical=True max|Δ|=7.276e-12 scale-rel=1.377e-07 elem-rel=1.979e-07 MAPE tf=83.6035 torch=83.6035
[  66] idx=  785 n=   720 targets_identical=True max|Δ|=7.276e-12 scale-rel=2.184e-07 elem-rel=2.320e-07 MAPE tf=87.9206 torch=87.9206
[  67] idx=  798 n=  1680 targets_identical=True max|Δ|=7.276e-12 scale-rel=1.801e-07 elem-rel=2.648e-07 MAPE tf=87.4114 torch=87.4114
[  68] idx=  827 n=  1920 targets_identical=True max|Δ|=5.457e-12 scale-rel=1.463e-07 elem-rel=3.306e-07 MAPE tf=90.0370 torch=90.0370
[  69] idx=  833 n=  1680 targets_identical=True max|Δ|=7.276e-12 scale-rel=1.934e-07 elem-rel=2.701e-07 MAPE tf=84.9176 torch=84.9176
[  70] idx=  841 n=  1920 targets_identical=True max|Δ|=1.091e-11 scale-rel=2.635e-07 elem-rel=3.392e-07 MAPE tf=89.0444 torch=89.0444
[  71] idx=  877 n=  1360 targets_identical=True max|Δ|=5.457e-12 scale-rel=2.088e-07 elem-rel=2.787e-07 MAPE tf=88.5446 torch=88.5446
[  72] idx=  878 n=  1200 targets_identical=True max|Δ|=1.091e-11 scale-rel=2.235e-07 elem-rel=2.856e-07 MAPE tf=85.0305 torch=85.0305
[  73] idx=  889 n=  1520 targets_identical=True max|Δ|=1.091e-11 scale-rel=2.125e-07 elem-rel=2.762e-07 MAPE tf=90.8193 torch=90.8193
[  74] idx=  899 n=  2200 targets_identical=True max|Δ|=7.276e-12 scale-rel=2.006e-07 elem-rel=2.806e-07 MAPE tf=90.0460 torch=90.0460
[  75] idx=  937 n=  1200 targets_identical=True max|Δ|=7.276e-12 scale-rel=2.256e-07 elem-rel=3.053e-07 MAPE tf=86.3995 torch=86.3995
[  76] idx=  953 n=  2200 targets_identical=True max|Δ|=5.457e-12 scale-rel=2.112e-07 elem-rel=2.769e-07 MAPE tf=86.5339 torch=86.5339
[  77] idx=  959 n=   800 targets_identical=True max|Δ|=3.638e-12 scale-rel=1.308e-07 elem-rel=2.342e-07 MAPE tf=85.0724 torch=85.0724
[  78] idx=  968 n=  1680 targets_identical=True max|Δ|=7.276e-12 scale-rel=2.051e-07 elem-rel=2.733e-07 MAPE tf=87.4762 torch=87.4762
[  79] idx=  970 n=  1200 targets_identical=True max|Δ|=7.276e-12 scale-rel=2.369e-07 elem-rel=2.852e-07 MAPE tf=85.8669 torch=85.8669
[  80] idx= 1021 n=   840 targets_identical=True max|Δ|=5.457e-12 scale-rel=1.963e-07 elem-rel=2.631e-07 MAPE tf=88.4237 torch=88.4237
[  81] idx= 1024 n=  1680 targets_identical=True max|Δ|=7.276e-12 scale-rel=2.004e-07 elem-rel=2.674e-07 MAPE tf=87.7714 torch=87.7714
[  82] idx= 1055 n=  1280 targets_identical=True max|Δ|=5.457e-12 scale-rel=1.938e-07 elem-rel=3.249e-07 MAPE tf=90.7419 torch=90.7419
[  83] idx= 1067 n=  1480 targets_identical=True max|Δ|=7.276e-12 scale-rel=2.253e-07 elem-rel=2.498e-07 MAPE tf=90.6510 torch=90.6510
[  84] idx= 1092 n=  2200 targets_identical=True max|Δ|=7.276e-12 scale-rel=1.858e-07 elem-rel=2.685e-07 MAPE tf=85.0967 torch=85.0967
[  85] idx= 1113 n=  2200 targets_identical=True max|Δ|=1.091e-11 scale-rel=2.015e-07 elem-rel=3.171e-07 MAPE tf=86.0313 torch=86.0313
[  86] idx= 1127 n=   720 targets_identical=True max|Δ|=7.276e-12 scale-rel=1.964e-07 elem-rel=2.215e-07 MAPE tf=83.6057 torch=83.6057
[  87] idx= 1134 n=  1200 targets_identical=True max|Δ|=5.457e-12 scale-rel=1.888e-07 elem-rel=2.684e-07 MAPE tf=84.4248 torch=84.4248
[  88] idx= 1139 n=  1600 targets_identical=True max|Δ|=5.457e-12 scale-rel=1.850e-07 elem-rel=2.915e-07 MAPE tf=87.1495 torch=87.1495
[  89] idx= 1164 n=  1680 targets_identical=True max|Δ|=7.276e-12 scale-rel=2.107e-07 elem-rel=2.913e-07 MAPE tf=85.3202 torch=85.3202
[  90] idx= 1173 n=  2240 targets_identical=True max|Δ|=1.091e-11 scale-rel=2.643e-07 elem-rel=2.809e-07 MAPE tf=86.9780 torch=86.9780
[  91] idx= 1212 n=   800 targets_identical=True max|Δ|=3.638e-12 scale-rel=1.271e-07 elem-rel=2.350e-07 MAPE tf=84.7509 torch=84.7509
[  92] idx= 1230 n=  1040 targets_identical=True max|Δ|=7.276e-12 scale-rel=1.823e-07 elem-rel=2.474e-07 MAPE tf=88.0923 torch=88.0923
[  93] idx= 1237 n=  1200 targets_identical=True max|Δ|=5.457e-12 scale-rel=1.901e-07 elem-rel=2.759e-07 MAPE tf=82.8847 torch=82.8847
[  94] idx= 1251 n=   800 targets_identical=True max|Δ|=3.638e-12 scale-rel=1.507e-07 elem-rel=2.330e-07 MAPE tf=83.0421 torch=83.0421
[  95] idx= 1252 n=   800 targets_identical=True max|Δ|=3.638e-12 scale-rel=1.525e-07 elem-rel=2.380e-07 MAPE tf=84.0892 torch=84.0892
[  96] idx= 1287 n=  1600 targets_identical=True max|Δ|=5.457e-12 scale-rel=2.014e-07 elem-rel=2.667e-07 MAPE tf=86.8696 torch=86.8696
[  97] idx= 1299 n=   680 targets_identical=True max|Δ|=7.276e-12 scale-rel=1.867e-07 elem-rel=2.425e-07 MAPE tf=81.3367 torch=81.3367
[  98] idx= 1307 n=  1760 targets_identical=True max|Δ|=7.276e-12 scale-rel=1.823e-07 elem-rel=3.425e-07 MAPE tf=88.5990 torch=88.5990
[  99] idx= 1326 n=  1680 targets_identical=True max|Δ|=7.276e-12 scale-rel=2.275e-07 elem-rel=2.743e-07 MAPE tf=87.8625 torch=87.8625
[ 100] idx= 1329 n=  1240 targets_identical=True max|Δ|=7.276e-12 scale-rel=1.935e-07 elem-rel=3.295e-07 MAPE tf=88.8591 torch=88.8591
[ 101] idx= 1333 n=   720 targets_identical=True max|Δ|=3.638e-12 scale-rel=1.224e-07 elem-rel=2.313e-07 MAPE tf=89.6116 torch=89.6116
[ 102] idx= 1342 n=  1320 targets_identical=True max|Δ|=5.457e-12 scale-rel=1.747e-07 elem-rel=2.354e-07 MAPE tf=91.9945 torch=91.9945
[ 103] idx= 1354 n=  1680 targets_identical=True max|Δ|=7.276e-12 scale-rel=1.279e-07 elem-rel=2.812e-07 MAPE tf=86.1258 torch=86.1258
[ 104] idx= 1367 n=  1200 targets_identical=True max|Δ|=1.091e-11 scale-rel=2.378e-07 elem-rel=3.243e-07 MAPE tf=88.8375 torch=88.8375
[ 105] idx= 1369 n=  1120 targets_identical=True max|Δ|=7.276e-12 scale-rel=2.059e-07 elem-rel=2.479e-07 MAPE tf=85.5571 torch=85.5571
[ 106] idx= 1400 n=  2160 targets_identical=True max|Δ|=7.276e-12 scale-rel=1.995e-07 elem-rel=3.370e-07 MAPE tf=85.4163 torch=85.4163
[ 107] idx= 1415 n=   800 targets_identical=True max|Δ|=3.638e-12 scale-rel=1.234e-07 elem-rel=2.390e-07 MAPE tf=83.1490 torch=83.1490
[ 108] idx= 1418 n=   760 targets_identical=True max|Δ|=5.457e-12 scale-rel=1.916e-07 elem-rel=2.265e-07 MAPE tf=79.4450 torch=79.4450
[ 109] idx= 1432 n=  1040 targets_identical=True max|Δ|=7.276e-12 scale-rel=1.826e-07 elem-rel=2.730e-07 MAPE tf=89.9885 torch=89.9885
[ 110] idx= 1444 n=  1000 targets_identical=True max|Δ|=5.457e-12 scale-rel=1.959e-07 elem-rel=3.001e-07 MAPE tf=87.5103 torch=87.5103
[ 111] idx= 1453 n=  1920 targets_identical=True max|Δ|=5.457e-12 scale-rel=1.905e-07 elem-rel=3.122e-07 MAPE tf=89.3928 torch=89.3928
[ 112] idx= 1480 n=   720 targets_identical=True max|Δ|=3.638e-12 scale-rel=1.666e-07 elem-rel=2.214e-07 MAPE tf=83.8296 torch=83.8296
[ 113] idx= 1486 n=  1680 targets_identical=True max|Δ|=7.276e-12 scale-rel=2.007e-07 elem-rel=2.848e-07 MAPE tf=83.8204 torch=83.8204
[ 114] idx= 1544 n=  2000 targets_identical=True max|Δ|=7.276e-12 scale-rel=2.134e-07 elem-rel=3.291e-07 MAPE tf=90.6252 torch=90.6252
[ 115] idx= 1546 n=  1560 targets_identical=True max|Δ|=5.457e-12 scale-rel=1.859e-07 elem-rel=2.869e-07 MAPE tf=85.2977 torch=85.2977
[ 116] idx= 1562 n=  1200 targets_identical=True max|Δ|=7.276e-12 scale-rel=2.308e-07 elem-rel=2.387e-07 MAPE tf=87.3093 torch=87.3093
[ 117] idx= 1582 n=  1680 targets_identical=True max|Δ|=1.091e-11 scale-rel=2.136e-07 elem-rel=2.981e-07 MAPE tf=86.8785 torch=86.8785
[ 118] idx= 1604 n=  1640 targets_identical=True max|Δ|=7.276e-12 scale-rel=2.079e-07 elem-rel=2.703e-07 MAPE tf=84.0566 torch=84.0566
[ 119] idx= 1632 n=  2200 targets_identical=True max|Δ|=5.457e-12 scale-rel=1.681e-07 elem-rel=2.948e-07 MAPE tf=88.4365 torch=88.4365
[ 120] idx= 1638 n=  1680 targets_identical=True max|Δ|=7.276e-12 scale-rel=1.429e-07 elem-rel=3.032e-07 MAPE tf=84.6361 torch=84.6361
[ 121] idx= 1639 n=  1680 targets_identical=True max|Δ|=7.276e-12 scale-rel=2.166e-07 elem-rel=3.160e-07 MAPE tf=87.8388 torch=87.8388
[ 122] idx= 1641 n=   720 targets_identical=True max|Δ|=3.638e-12 scale-rel=1.363e-07 elem-rel=2.245e-07 MAPE tf=83.6895 torch=83.6895
[ 123] idx= 1642 n=  1680 targets_identical=True max|Δ|=5.457e-12 scale-rel=1.836e-07 elem-rel=2.678e-07 MAPE tf=84.5494 torch=84.5494
[ 124] idx= 1647 n=   800 targets_identical=True max|Δ|=3.638e-12 scale-rel=1.294e-07 elem-rel=2.269e-07 MAPE tf=86.6747 torch=86.6747
[ 125] idx= 1681 n=  2120 targets_identical=True max|Δ|=7.276e-12 scale-rel=1.503e-07 elem-rel=3.162e-07 MAPE tf=90.5735 torch=90.5735
[ 126] idx= 1705 n=   800 targets_identical=True max|Δ|=7.276e-12 scale-rel=1.848e-07 elem-rel=2.359e-07 MAPE tf=87.3182 torch=87.3182
[ 127] idx= 1706 n=   720 targets_identical=True max|Δ|=7.276e-12 scale-rel=1.543e-07 elem-rel=2.296e-07 MAPE tf=86.1191 torch=86.1191
[ 128] idx= 1726 n=  1640 targets_identical=True max|Δ|=5.457e-12 scale-rel=2.076e-07 elem-rel=3.160e-07 MAPE tf=85.6703 torch=85.6703
[ 129] idx= 1729 n=  2200 targets_identical=True max|Δ|=5.457e-12 scale-rel=1.922e-07 elem-rel=3.037e-07 MAPE tf=85.7224 torch=85.7224
[ 130] idx= 1757 n=  1400 targets_identical=True max|Δ|=7.276e-12 scale-rel=1.758e-07 elem-rel=3.324e-07 MAPE tf=89.9734 torch=89.9734
[ 131] idx= 1773 n=  1680 targets_identical=True max|Δ|=7.276e-12 scale-rel=2.229e-07 elem-rel=3.274e-07 MAPE tf=86.0536 torch=86.0536
[ 132] idx= 1787 n=  2240 targets_identical=True max|Δ|=7.276e-12 scale-rel=1.423e-07 elem-rel=2.749e-07 MAPE tf=85.5516 torch=85.5516
[ 133] idx= 1801 n=  1680 targets_identical=True max|Δ|=5.457e-12 scale-rel=2.014e-07 elem-rel=2.865e-07 MAPE tf=89.8691 torch=89.8691
[ 134] idx= 1805 n=  1200 targets_identical=True max|Δ|=7.276e-12 scale-rel=1.989e-07 elem-rel=2.905e-07 MAPE tf=89.3192 torch=89.3192
[ 135] idx= 1806 n=  1600 targets_identical=True max|Δ|=5.457e-12 scale-rel=2.069e-07 elem-rel=2.710e-07 MAPE tf=89.9828 torch=89.9828
[ 136] idx= 1830 n=  1120 targets_identical=True max|Δ|=7.276e-12 scale-rel=1.951e-07 elem-rel=2.772e-07 MAPE tf=86.5113 torch=86.5113
[ 137] idx= 1858 n=  1400 targets_identical=True max|Δ|=7.276e-12 scale-rel=2.075e-07 elem-rel=2.832e-07 MAPE tf=86.9143 torch=86.9143
[ 138] idx= 1861 n=   800 targets_identical=True max|Δ|=3.638e-12 scale-rel=1.105e-07 elem-rel=2.399e-07 MAPE tf=83.6107 torch=83.6107
[ 139] idx= 1883 n=  2160 targets_identical=True max|Δ|=7.276e-12 scale-rel=1.489e-07 elem-rel=2.892e-07 MAPE tf=85.8127 torch=85.8127
[ 140] idx= 1888 n=  1920 targets_identical=True max|Δ|=7.276e-12 scale-rel=2.152e-07 elem-rel=2.983e-07 MAPE tf=89.9803 torch=89.9803
[ 141] idx= 1899 n=   960 targets_identical=True max|Δ|=7.276e-12 scale-rel=2.119e-07 elem-rel=2.931e-07 MAPE tf=88.2154 torch=88.2154
[ 142] idx= 1903 n=   720 targets_identical=True max|Δ|=3.638e-12 scale-rel=1.323e-07 elem-rel=2.145e-07 MAPE tf=82.2416 torch=82.2416
[ 143] idx= 1904 n=  1680 targets_identical=True max|Δ|=7.276e-12 scale-rel=1.826e-07 elem-rel=3.066e-07 MAPE tf=84.3570 torch=84.3570
[ 144] idx= 1909 n=  1600 targets_identical=True max|Δ|=7.276e-12 scale-rel=2.008e-07 elem-rel=2.621e-07 MAPE tf=89.8213 torch=89.8213
[ 145] idx= 1918 n=  1680 targets_identical=True max|Δ|=7.276e-12 scale-rel=1.995e-07 elem-rel=2.752e-07 MAPE tf=83.2372 torch=83.2372
[ 146] idx= 1929 n=   722 targets_identical=True max|Δ|=3.638e-12 scale-rel=1.206e-07 elem-rel=2.461e-07 MAPE tf=82.2855 torch=82.2855
[ 147] idx= 1950 n=  1640 targets_identical=True max|Δ|=5.457e-12 scale-rel=1.939e-07 elem-rel=3.332e-07 MAPE tf=88.0826 torch=88.0825
[ 148] idx= 1965 n=   760 targets_identical=True max|Δ|=3.638e-12 scale-rel=9.230e-08 elem-rel=2.354e-07 MAPE tf=85.7689 torch=85.7689
[ 149] idx= 1967 n=  2040 targets_identical=True max|Δ|=1.091e-11 scale-rel=2.695e-07 elem-rel=3.386e-07 MAPE tf=90.2799 torch=90.2799
[ 150] idx= 1971 n=  2120 targets_identical=True max|Δ|=1.091e-11 scale-rel=3.181e-07 elem-rel=3.455e-07 MAPE tf=91.3468 torch=91.3468
[ 151] idx= 1984 n=   800 targets_identical=True max|Δ|=3.638e-12 scale-rel=9.959e-08 elem-rel=2.383e-07 MAPE tf=83.1543 torch=83.1543
[ 152] idx= 1994 n=  2160 targets_identical=True max|Δ|=7.276e-12 scale-rel=2.139e-07 elem-rel=2.916e-07 MAPE tf=90.2373 torch=90.2373
[ 153] idx= 2010 n=   800 targets_identical=True max|Δ|=3.638e-12 scale-rel=1.266e-07 elem-rel=2.483e-07 MAPE tf=84.1923 torch=84.1923
[ 154] idx= 2032 n=  2080 targets_identical=True max|Δ|=7.276e-12 scale-rel=1.345e-07 elem-rel=3.146e-07 MAPE tf=90.4888 torch=90.4888
[ 155] idx= 2034 n=  2120 targets_identical=True max|Δ|=7.276e-12 scale-rel=1.693e-07 elem-rel=3.296e-07 MAPE tf=89.7112 torch=89.7112
[ 156] idx= 2047 n=   800 targets_identical=True max|Δ|=3.638e-12 scale-rel=1.103e-07 elem-rel=2.298e-07 MAPE tf=85.2187 torch=85.2187
[ 157] idx= 2076 n=  2240 targets_identical=True max|Δ|=1.091e-11 scale-rel=2.015e-07 elem-rel=2.887e-07 MAPE tf=85.8453 torch=85.8453
[ 158] idx= 2082 n=  2160 targets_identical=True max|Δ|=7.276e-12 scale-rel=1.426e-07 elem-rel=2.976e-07 MAPE tf=88.9039 torch=88.9039
[ 159] idx= 2110 n=   720 targets_identical=True max|Δ|=3.638e-12 scale-rel=1.145e-07 elem-rel=2.210e-07 MAPE tf=81.6290 torch=81.6290
[ 160] idx= 2127 n=  1680 targets_identical=True max|Δ|=7.276e-12 scale-rel=1.975e-07 elem-rel=3.215e-07 MAPE tf=89.3921 torch=89.3921
[ 161] idx= 2136 n=  1440 targets_identical=True max|Δ|=7.276e-12 scale-rel=2.181e-07 elem-rel=3.142e-07 MAPE tf=88.7601 torch=88.7601
[ 162] idx= 2149 n=  2200 targets_identical=True max|Δ|=7.276e-12 scale-rel=1.560e-07 elem-rel=2.803e-07 MAPE tf=88.3793 torch=88.3793
[ 163] idx= 2153 n=   760 targets_identical=True max|Δ|=7.276e-12 scale-rel=2.154e-07 elem-rel=2.313e-07 MAPE tf=85.0537 torch=85.0537
[ 164] idx= 2167 n=   800 targets_identical=True max|Δ|=3.638e-12 scale-rel=1.010e-07 elem-rel=2.493e-07 MAPE tf=82.2294 torch=82.2294
[ 165] idx= 2170 n=  1600 targets_identical=True max|Δ|=7.276e-12 scale-rel=2.314e-07 elem-rel=3.218e-07 MAPE tf=84.0090 torch=84.0090
[ 166] idx= 2172 n=   720 targets_identical=True max|Δ|=3.638e-12 scale-rel=1.268e-07 elem-rel=2.357e-07 MAPE tf=85.3534 torch=85.3534
[ 167] idx= 2173 n=   800 targets_identical=True max|Δ|=3.638e-12 scale-rel=1.377e-07 elem-rel=2.330e-07 MAPE tf=87.1667 torch=87.1667
[ 168] idx= 2177 n=  2120 targets_identical=True max|Δ|=7.276e-12 scale-rel=2.056e-07 elem-rel=2.709e-07 MAPE tf=91.0398 torch=91.0398
[ 169] idx= 2200 n=  1200 targets_identical=True max|Δ|=5.457e-12 scale-rel=1.913e-07 elem-rel=2.511e-07 MAPE tf=89.0578 torch=89.0578
[ 170] idx= 2203 n=  1680 targets_identical=True max|Δ|=7.276e-12 scale-rel=1.802e-07 elem-rel=3.058e-07 MAPE tf=90.5334 torch=90.5334
[ 171] idx= 2214 n=  1560 targets_identical=True max|Δ|=1.091e-11 scale-rel=2.131e-07 elem-rel=2.802e-07 MAPE tf=89.9872 torch=89.9872

===== L0 forward parity =====
  n_scenarios                  172
  n_predictions                247483
  all_targets_identical        True
  max_abs_diff                 1.0913936421275139e-11
  worst_scale_rel_diff         3.180612344210957e-07
  worst_elem_rel_diff          3.455079986829235e-07
  mape_tf                      87.33583688735962
  mape_torch                   87.33583688735962
  tf_seconds_per_scenario      6.77988924813825
  torch_seconds_per_scenario   1.273863853410233
  passed                       True
  gt_predictions               {'path': 'tensorflow_version_gt/results/mawi_pcaps/RouteNetGauss/delay/seed_1/predictions.npz', 'same_shape': True, 'tf_vs_gt_bit_identical': False, 'tf_vs_gt_max_abs_diff': 7.275957614183426e-12, 'torch_vs_gt_max_abs_diff': 3.637978807091713e-12, 'targets_vs_gt_bit_identical': True}
  report -> pytorch_version_results/parity/l0_quick_mawi_pcaps_delay_seed1.json
