[   0] idx=   10 n=  1560 targets_identical=True max|Δ|=2.274e-13 scale-rel=2.377e-07 elem-rel=2.836e-07 MAPE tf=97.3969 torch=97.3969
[   1] idx=   23 n=  1680 targets_identical=True max|Δ|=2.274e-13 scale-rel=2.377e-07 elem-rel=3.399e-07 MAPE tf=96.4263 torch=96.4263
[   2] idx=   55 n=  2200 targets_identical=True max|Δ|=2.274e-13 scale-rel=2.377e-07 elem-rel=3.381e-07 MAPE tf=97.4959 torch=97.4959
[   3] idx=   57 n=  2200 targets_identical=True max|Δ|=2.274e-13 scale-rel=2.377e-07 elem-rel=3.368e-07 MAPE tf=97.3660 torch=97.3660
WARNING:tensorflow:5 out of the last 5 calls to <function RouteNetGauss.call at 0x7a4726908550> triggered tf.function retracing. Tracing is expensive and the excessive number of tracings could be due to (1) creating @tf.function repeatedly in a loop, (2) passing tensors with different shapes, (3) passing Python objects instead of tensors. For (1), please define your @tf.function outside of the loop. For (2), @tf.function has reduce_retracing=True option that can avoid unnecessary retracing. For (3), please refer to https://www.tensorflow.org/guide/function#controlling_retracing and https://www.tensorflow.org/api_docs/python/tf/function for  more details.
[   4] idx=   59 n=  1160 targets_identical=True max|Δ|=1.705e-13 scale-rel=1.788e-07 elem-rel=2.836e-07 MAPE tf=97.1112 torch=97.1112
WARNING:tensorflow:6 out of the last 6 calls to <function RouteNetGauss.call at 0x7a4726908550> triggered tf.function retracing. Tracing is expensive and the excessive number of tracings could be due to (1) creating @tf.function repeatedly in a loop, (2) passing tensors with different shapes, (3) passing Python objects instead of tensors. For (1), please define your @tf.function outside of the loop. For (2), @tf.function has reduce_retracing=True option that can avoid unnecessary retracing. For (3), please refer to https://www.tensorflow.org/guide/function#controlling_retracing and https://www.tensorflow.org/api_docs/python/tf/function for  more details.
[   5] idx=   64 n=  1479 targets_identical=True max|Δ|=1.705e-13 scale-rel=1.788e-07 elem-rel=2.549e-07 MAPE tf=97.3892 torch=97.3892
[   6] idx=   71 n=  2080 targets_identical=True max|Δ|=1.705e-13 scale-rel=1.782e-07 elem-rel=2.807e-07 MAPE tf=96.6511 torch=96.6511
[   7] idx=   79 n=  1320 targets_identical=True max|Δ|=1.705e-13 scale-rel=1.782e-07 elem-rel=2.836e-07 MAPE tf=97.2581 torch=97.2581
[   8] idx=  111 n=  1560 targets_identical=True max|Δ|=2.274e-13 scale-rel=2.384e-07 elem-rel=2.836e-07 MAPE tf=97.5771 torch=97.5771
[   9] idx=  143 n=  1680 targets_identical=True max|Δ|=2.274e-13 scale-rel=1.913e-07 elem-rel=2.850e-07 MAPE tf=96.7889 torch=96.7889
[  10] idx=  155 n=  2160 targets_identical=True max|Δ|=2.274e-13 scale-rel=2.377e-07 elem-rel=3.381e-07 MAPE tf=97.4380 torch=97.4380
[  11] idx=  185 n=  1437 targets_identical=True max|Δ|=1.705e-13 scale-rel=1.782e-07 elem-rel=2.807e-07 MAPE tf=97.3466 torch=97.3466
[  12] idx=  188 n=   800 targets_identical=True max|Δ|=1.705e-13 scale-rel=2.382e-07 elem-rel=2.825e-07 MAPE tf=94.3618 torch=94.3618
[  13] idx=  195 n=  1640 targets_identical=True max|Δ|=1.705e-13 scale-rel=1.782e-07 elem-rel=2.807e-07 MAPE tf=97.2096 torch=97.2096
[  14] idx=  196 n=  1680 targets_identical=True max|Δ|=1.705e-13 scale-rel=2.362e-07 elem-rel=2.824e-07 MAPE tf=95.9643 torch=95.9643
[  15] idx=  212 n=  2240 targets_identical=True max|Δ|=1.705e-13 scale-rel=1.782e-07 elem-rel=2.836e-07 MAPE tf=94.6692 torch=94.6692
[  16] idx=  215 n=  1200 targets_identical=True max|Δ|=1.705e-13 scale-rel=1.788e-07 elem-rel=2.836e-07 MAPE tf=97.3474 torch=97.3474
[  17] idx=  221 n=  1320 targets_identical=True max|Δ|=2.274e-13 scale-rel=2.384e-07 elem-rel=2.836e-07 MAPE tf=97.1843 torch=97.1843
[  18] idx=  247 n=  1280 targets_identical=True max|Δ|=1.705e-13 scale-rel=2.362e-07 elem-rel=2.824e-07 MAPE tf=96.9723 torch=96.9723
[  19] idx=  249 n=   760 targets_identical=True max|Δ|=1.705e-13 scale-rel=2.382e-07 elem-rel=2.847e-07 MAPE tf=97.0561 torch=97.0561
[  20] idx=  264 n=  1680 targets_identical=True max|Δ|=2.274e-13 scale-rel=2.384e-07 elem-rel=2.850e-07 MAPE tf=97.1030 torch=97.1030
[  21] idx=  271 n=  1680 targets_identical=True max|Δ|=1.705e-13 scale-rel=1.788e-07 elem-rel=3.395e-07 MAPE tf=97.1938 torch=97.1938
[  22] idx=  280 n=  1600 targets_identical=True max|Δ|=1.705e-13 scale-rel=1.788e-07 elem-rel=3.395e-07 MAPE tf=97.3184 torch=97.3184
[  23] idx=  285 n=   480 targets_identical=True max|Δ|=1.137e-13 scale-rel=1.588e-07 elem-rel=2.847e-07 MAPE tf=95.1552 torch=95.1552
[  24] idx=  289 n=  2200 targets_identical=True max|Δ|=2.274e-13 scale-rel=2.377e-07 elem-rel=3.162e-07 MAPE tf=96.7128 torch=96.7128
[  25] idx=  299 n=  2160 targets_identical=True max|Δ|=2.274e-13 scale-rel=2.377e-07 elem-rel=2.847e-07 MAPE tf=97.5894 torch=97.5894
[  26] idx=  300 n=  2040 targets_identical=True max|Δ|=2.274e-13 scale-rel=2.377e-07 elem-rel=2.836e-07 MAPE tf=97.4711 torch=97.4711
[  27] idx=  312 n=  1160 targets_identical=True max|Δ|=2.274e-13 scale-rel=2.384e-07 elem-rel=2.824e-07 MAPE tf=97.0824 torch=97.0824
[  28] idx=  321 n=   680 targets_identical=True max|Δ|=1.705e-13 scale-rel=2.382e-07 elem-rel=2.526e-07 MAPE tf=93.2799 torch=93.2799
[  29] idx=  343 n=  1640 targets_identical=True max|Δ|=1.137e-13 scale-rel=1.575e-07 elem-rel=2.847e-07 MAPE tf=94.2319 torch=94.2319
[  30] idx=  358 n=  2240 targets_identical=True max|Δ|=2.274e-13 scale-rel=2.377e-07 elem-rel=2.850e-07 MAPE tf=97.0130 torch=97.0130
[  31] idx=  359 n=  1640 targets_identical=True max|Δ|=1.137e-13 scale-rel=1.581e-07 elem-rel=2.836e-07 MAPE tf=97.3290 torch=97.3290
[  32] idx=  364 n=  1680 targets_identical=True max|Δ|=2.274e-13 scale-rel=2.384e-07 elem-rel=2.824e-07 MAPE tf=97.1713 torch=97.1713
[  33] idx=  371 n=  2240 targets_identical=True max|Δ|=2.274e-13 scale-rel=2.377e-07 elem-rel=2.813e-07 MAPE tf=96.5957 torch=96.5957
[  34] idx=  373 n=   800 targets_identical=True max|Δ|=1.137e-13 scale-rel=1.588e-07 elem-rel=3.368e-07 MAPE tf=96.9319 torch=96.9319
[  35] idx=  380 n=   800 targets_identical=True max|Δ|=1.705e-13 scale-rel=1.793e-07 elem-rel=2.847e-07 MAPE tf=96.7437 torch=96.7437
[  36] idx=  403 n=  1160 targets_identical=True max|Δ|=2.274e-13 scale-rel=2.377e-07 elem-rel=2.836e-07 MAPE tf=97.0246 torch=97.0246
[  37] idx=  414 n=  2079 targets_identical=True max|Δ|=2.274e-13 scale-rel=2.377e-07 elem-rel=2.847e-07 MAPE tf=97.4456 torch=97.4456
[  38] idx=  422 n=   640 targets_identical=True max|Δ|=1.705e-13 scale-rel=2.382e-07 elem-rel=2.382e-07 MAPE tf=96.5170 torch=96.5170
[  39] idx=  454 n=  1600 targets_identical=True max|Δ|=1.705e-13 scale-rel=2.372e-07 elem-rel=2.847e-07 MAPE tf=97.0281 torch=97.0281
[  40] idx=  465 n=   800 targets_identical=True max|Δ|=1.705e-13 scale-rel=2.382e-07 elem-rel=2.526e-07 MAPE tf=93.9383 torch=93.9383
[  41] idx=  468 n=  1680 targets_identical=True max|Δ|=1.705e-13 scale-rel=2.372e-07 elem-rel=3.381e-07 MAPE tf=97.2965 torch=97.2965
[  42] idx=  478 n=  1160 targets_identical=True max|Δ|=2.274e-13 scale-rel=2.384e-07 elem-rel=2.847e-07 MAPE tf=96.9464 torch=96.9464
[  43] idx=  489 n=  1200 targets_identical=True max|Δ|=1.137e-13 scale-rel=1.192e-07 elem-rel=2.847e-07 MAPE tf=97.2793 torch=97.2793
[  44] idx=  507 n=   720 targets_identical=True max|Δ|=1.705e-13 scale-rel=2.382e-07 elem-rel=2.526e-07 MAPE tf=94.5600 torch=94.5600
[  45] idx=  536 n=  1119 targets_identical=True max|Δ|=1.705e-13 scale-rel=2.362e-07 elem-rel=3.381e-07 MAPE tf=97.1431 torch=97.1431
[  46] idx=  568 n=   720 targets_identical=True max|Δ|=1.137e-13 scale-rel=1.196e-07 elem-rel=2.557e-07 MAPE tf=94.1267 torch=94.1267
[  47] idx=  577 n=  1640 targets_identical=True max|Δ|=2.274e-13 scale-rel=2.384e-07 elem-rel=2.850e-07 MAPE tf=97.2290 torch=97.2290
[  48] idx=  579 n=  1680 targets_identical=True max|Δ|=1.705e-13 scale-rel=1.788e-07 elem-rel=2.836e-07 MAPE tf=97.2480 torch=97.2480
[  49] idx=  591 n=  1640 targets_identical=True max|Δ|=1.705e-13 scale-rel=2.372e-07 elem-rel=2.836e-07 MAPE tf=97.3858 torch=97.3858
[  50] idx=  594 n=   640 targets_identical=True max|Δ|=1.705e-13 scale-rel=2.382e-07 elem-rel=2.405e-07 MAPE tf=96.4084 torch=96.4084
[  51] idx=  608 n=  1200 targets_identical=True max|Δ|=2.274e-13 scale-rel=2.384e-07 elem-rel=2.557e-07 MAPE tf=97.0275 torch=97.0275
[  52] idx=  634 n=  1240 targets_identical=True max|Δ|=2.274e-13 scale-rel=2.384e-07 elem-rel=2.549e-07 MAPE tf=97.0354 torch=97.0354
[  53] idx=  635 n=  1920 targets_identical=True max|Δ|=2.274e-13 scale-rel=2.377e-07 elem-rel=3.399e-07 MAPE tf=97.5313 torch=97.5313
[  54] idx=  644 n=  2160 targets_identical=True max|Δ|=2.274e-13 scale-rel=2.377e-07 elem-rel=2.847e-07 MAPE tf=97.4711 torch=97.4711
[  55] idx=  672 n=  1680 targets_identical=True max|Δ|=1.705e-13 scale-rel=1.788e-07 elem-rel=2.836e-07 MAPE tf=97.1986 torch=97.1986
[  56] idx=  677 n=  1440 targets_identical=True max|Δ|=1.705e-13 scale-rel=1.788e-07 elem-rel=2.850e-07 MAPE tf=97.3765 torch=97.3765
[  57] idx=  697 n=  1680 targets_identical=True max|Δ|=1.705e-13 scale-rel=1.782e-07 elem-rel=2.836e-07 MAPE tf=97.5071 torch=97.5071
[  58] idx=  701 n=  1680 targets_identical=True max|Δ|=2.274e-13 scale-rel=2.384e-07 elem-rel=2.549e-07 MAPE tf=97.3372 torch=97.3372
[  59] idx=  710 n=  1680 targets_identical=True max|Δ|=2.274e-13 scale-rel=2.377e-07 elem-rel=2.836e-07 MAPE tf=97.4203 torch=97.4203
[  60] idx=  716 n=  1400 targets_identical=True max|Δ|=1.705e-13 scale-rel=1.435e-07 elem-rel=2.850e-07 MAPE tf=97.2413 torch=97.2413
[  61] idx=  727 n=   760 targets_identical=True max|Δ|=1.705e-13 scale-rel=2.382e-07 elem-rel=2.824e-07 MAPE tf=96.6398 torch=96.6398
[  62] idx=  750 n=  1680 targets_identical=True max|Δ|=1.705e-13 scale-rel=1.788e-07 elem-rel=3.347e-07 MAPE tf=95.9598 torch=95.9598
[  63] idx=  751 n=   800 targets_identical=True max|Δ|=1.705e-13 scale-rel=2.382e-07 elem-rel=2.824e-07 MAPE tf=96.8603 torch=96.8603
[  64] idx=  757 n=   720 targets_identical=True max|Δ|=1.705e-13 scale-rel=2.382e-07 elem-rel=2.526e-07 MAPE tf=96.7952 torch=96.7952
[  65] idx=  761 n=   800 targets_identical=True max|Δ|=1.705e-13 scale-rel=1.793e-07 elem-rel=2.847e-07 MAPE tf=96.7207 torch=96.7207
[  66] idx=  785 n=   720 targets_identical=True max|Δ|=1.137e-13 scale-rel=1.588e-07 elem-rel=2.526e-07 MAPE tf=96.8926 torch=96.8926
[  67] idx=  798 n=  1680 targets_identical=True max|Δ|=2.274e-13 scale-rel=1.913e-07 elem-rel=2.850e-07 MAPE tf=97.3009 torch=97.3009
[  68] idx=  827 n=  1920 targets_identical=True max|Δ|=2.274e-13 scale-rel=2.377e-07 elem-rel=3.347e-07 MAPE tf=97.2903 torch=97.2903
[  69] idx=  833 n=  1680 targets_identical=True max|Δ|=1.705e-13 scale-rel=1.788e-07 elem-rel=2.824e-07 MAPE tf=96.9060 torch=96.9060
[  70] idx=  841 n=  1920 targets_identical=True max|Δ|=2.274e-13 scale-rel=2.377e-07 elem-rel=2.847e-07 MAPE tf=97.5220 torch=97.5220
[  71] idx=  877 n=  1360 targets_identical=True max|Δ|=1.705e-13 scale-rel=2.372e-07 elem-rel=2.836e-07 MAPE tf=97.2642 torch=97.2642
[  72] idx=  878 n=  1200 targets_identical=True max|Δ|=2.274e-13 scale-rel=2.384e-07 elem-rel=2.850e-07 MAPE tf=96.2477 torch=96.2477
[  73] idx=  889 n=  1519 targets_identical=True max|Δ|=2.274e-13 scale-rel=2.384e-07 elem-rel=2.808e-07 MAPE tf=97.3915 torch=97.3915
[  74] idx=  899 n=  2200 targets_identical=True max|Δ|=1.705e-13 scale-rel=1.782e-07 elem-rel=2.850e-07 MAPE tf=97.5800 torch=97.5800
[  75] idx=  937 n=  1200 targets_identical=True max|Δ|=1.705e-13 scale-rel=1.788e-07 elem-rel=3.381e-07 MAPE tf=97.3314 torch=97.3314
[  76] idx=  953 n=  2200 targets_identical=True max|Δ|=1.705e-13 scale-rel=1.782e-07 elem-rel=2.842e-07 MAPE tf=95.8540 torch=95.8540
[  77] idx=  959 n=   800 targets_identical=True max|Δ|=1.137e-13 scale-rel=1.588e-07 elem-rel=2.847e-07 MAPE tf=96.9144 torch=96.9144
[  78] idx=  968 n=  1680 targets_identical=True max|Δ|=1.705e-13 scale-rel=1.782e-07 elem-rel=2.836e-07 MAPE tf=97.4008 torch=97.4008
[  79] idx=  970 n=  1200 targets_identical=True max|Δ|=2.274e-13 scale-rel=2.384e-07 elem-rel=2.847e-07 MAPE tf=96.9865 torch=96.9865
[  80] idx= 1021 n=   840 targets_identical=True max|Δ|=1.705e-13 scale-rel=2.362e-07 elem-rel=2.395e-07 MAPE tf=96.8360 torch=96.8360
[  81] idx= 1024 n=  1680 targets_identical=True max|Δ|=2.274e-13 scale-rel=2.384e-07 elem-rel=2.836e-07 MAPE tf=97.0577 torch=97.0577
[  82] idx= 1055 n=  1280 targets_identical=True max|Δ|=1.705e-13 scale-rel=2.362e-07 elem-rel=2.847e-07 MAPE tf=97.3115 torch=97.3115
[  83] idx= 1067 n=  1478 targets_identical=True max|Δ|=2.274e-13 scale-rel=2.384e-07 elem-rel=2.850e-07 MAPE tf=97.3158 torch=97.3158
[  84] idx= 1092 n=  2200 targets_identical=True max|Δ|=2.274e-13 scale-rel=2.377e-07 elem-rel=2.836e-07 MAPE tf=96.2471 torch=96.2471
[  85] idx= 1113 n=  2200 targets_identical=True max|Δ|=1.705e-13 scale-rel=1.782e-07 elem-rel=2.836e-07 MAPE tf=96.7478 torch=96.7478
[  86] idx= 1127 n=   720 targets_identical=True max|Δ|=1.705e-13 scale-rel=2.382e-07 elem-rel=2.847e-07 MAPE tf=96.9046 torch=96.9046
[  87] idx= 1134 n=  1200 targets_identical=True max|Δ|=1.705e-13 scale-rel=1.788e-07 elem-rel=2.824e-07 MAPE tf=95.3990 torch=95.3990
[  88] idx= 1139 n=  1600 targets_identical=True max|Δ|=1.705e-13 scale-rel=2.372e-07 elem-rel=3.381e-07 MAPE tf=97.1682 torch=97.1682
[  89] idx= 1164 n=  1680 targets_identical=True max|Δ|=2.274e-13 scale-rel=1.913e-07 elem-rel=2.836e-07 MAPE tf=95.1435 torch=95.1435
[  90] idx= 1173 n=  2240 targets_identical=True max|Δ|=2.274e-13 scale-rel=2.377e-07 elem-rel=2.836e-07 MAPE tf=97.1567 torch=97.1567
[  91] idx= 1212 n=   800 targets_identical=True max|Δ|=1.137e-13 scale-rel=1.588e-07 elem-rel=2.847e-07 MAPE tf=96.7140 torch=96.7140
[  92] idx= 1230 n=  1040 targets_identical=True max|Δ|=1.705e-13 scale-rel=1.788e-07 elem-rel=2.819e-07 MAPE tf=97.0396 torch=97.0396
[  93] idx= 1237 n=  1200 targets_identical=True max|Δ|=1.705e-13 scale-rel=1.788e-07 elem-rel=2.836e-07 MAPE tf=95.1706 torch=95.1706
[  94] idx= 1251 n=   800 targets_identical=True max|Δ|=1.137e-13 scale-rel=1.588e-07 elem-rel=2.526e-07 MAPE tf=96.5100 torch=96.5100
[  95] idx= 1252 n=   800 targets_identical=True max|Δ|=1.705e-13 scale-rel=1.793e-07 elem-rel=2.526e-07 MAPE tf=94.8835 torch=94.8835
[  96] idx= 1287 n=  1600 targets_identical=True max|Δ|=1.705e-13 scale-rel=2.372e-07 elem-rel=2.847e-07 MAPE tf=96.8432 torch=96.8432
[  97] idx= 1299 n=   680 targets_identical=True max|Δ|=1.137e-13 scale-rel=1.588e-07 elem-rel=2.819e-07 MAPE tf=93.0021 torch=93.0021
[  98] idx= 1307 n=  1760 targets_identical=True max|Δ|=1.705e-13 scale-rel=1.782e-07 elem-rel=2.842e-07 MAPE tf=97.4827 torch=97.4827
[  99] idx= 1326 n=  1680 targets_identical=True max|Δ|=1.705e-13 scale-rel=1.788e-07 elem-rel=2.836e-07 MAPE tf=97.3158 torch=97.3158
[ 100] idx= 1329 n=  1240 targets_identical=True max|Δ|=2.274e-13 scale-rel=2.384e-07 elem-rel=2.549e-07 MAPE tf=96.9525 torch=96.9525
[ 101] idx= 1333 n=   720 targets_identical=True max|Δ|=1.137e-13 scale-rel=1.588e-07 elem-rel=2.847e-07 MAPE tf=96.9492 torch=96.9492
[ 102] idx= 1342 n=  1320 targets_identical=True max|Δ|=1.705e-13 scale-rel=2.362e-07 elem-rel=2.848e-07 MAPE tf=97.2444 torch=97.2444
[ 103] idx= 1354 n=  1680 targets_identical=True max|Δ|=1.705e-13 scale-rel=1.782e-07 elem-rel=2.836e-07 MAPE tf=97.3597 torch=97.3597
[ 104] idx= 1367 n=  1200 targets_identical=True max|Δ|=2.274e-13 scale-rel=2.384e-07 elem-rel=3.381e-07 MAPE tf=97.2491 torch=97.2491
[ 105] idx= 1369 n=  1120 targets_identical=True max|Δ|=2.274e-13 scale-rel=2.384e-07 elem-rel=2.415e-07 MAPE tf=97.0907 torch=97.0907
[ 106] idx= 1400 n=  2160 targets_identical=True max|Δ|=2.274e-13 scale-rel=2.377e-07 elem-rel=2.836e-07 MAPE tf=95.1981 torch=95.1981
[ 107] idx= 1415 n=   800 targets_identical=True max|Δ|=1.705e-13 scale-rel=1.793e-07 elem-rel=3.395e-07 MAPE tf=96.2922 torch=96.2922
[ 108] idx= 1418 n=   760 targets_identical=True max|Δ|=1.705e-13 scale-rel=2.382e-07 elem-rel=2.824e-07 MAPE tf=95.5029 torch=95.5029
[ 109] idx= 1432 n=  1040 targets_identical=True max|Δ|=2.274e-13 scale-rel=2.384e-07 elem-rel=2.836e-07 MAPE tf=97.1758 torch=97.1758
[ 110] idx= 1444 n=  1000 targets_identical=True max|Δ|=2.274e-13 scale-rel=2.384e-07 elem-rel=2.824e-07 MAPE tf=97.1624 torch=97.1624
[ 111] idx= 1453 n=  1920 targets_identical=True max|Δ|=2.274e-13 scale-rel=2.377e-07 elem-rel=2.836e-07 MAPE tf=97.4065 torch=97.4065
[ 112] idx= 1480 n=   720 targets_identical=True max|Δ|=2.274e-13 scale-rel=3.175e-07 elem-rel=3.175e-07 MAPE tf=93.0834 torch=93.0834
[ 113] idx= 1486 n=  1680 targets_identical=True max|Δ|=2.274e-13 scale-rel=2.384e-07 elem-rel=2.836e-07 MAPE tf=94.7469 torch=94.7469
[ 114] idx= 1544 n=  2000 targets_identical=True max|Δ|=1.705e-13 scale-rel=1.782e-07 elem-rel=2.836e-07 MAPE tf=97.4265 torch=97.4265
[ 115] idx= 1546 n=  1560 targets_identical=True max|Δ|=1.705e-13 scale-rel=2.372e-07 elem-rel=2.847e-07 MAPE tf=94.5085 torch=94.5085
[ 116] idx= 1562 n=  1200 targets_identical=True max|Δ|=1.705e-13 scale-rel=1.788e-07 elem-rel=2.836e-07 MAPE tf=97.0309 torch=97.0309
[ 117] idx= 1582 n=  1680 targets_identical=True max|Δ|=2.274e-13 scale-rel=2.384e-07 elem-rel=2.836e-07 MAPE tf=96.1768 torch=96.1768
[ 118] idx= 1604 n=  1640 targets_identical=True max|Δ|=1.705e-13 scale-rel=2.372e-07 elem-rel=2.847e-07 MAPE tf=95.5321 torch=95.5321
[ 119] idx= 1632 n=  2200 targets_identical=True max|Δ|=2.274e-13 scale-rel=2.377e-07 elem-rel=2.850e-07 MAPE tf=97.5143 torch=97.5143
[ 120] idx= 1638 n=  1680 targets_identical=True max|Δ|=1.705e-13 scale-rel=2.362e-07 elem-rel=2.847e-07 MAPE tf=96.3706 torch=96.3706
[ 121] idx= 1639 n=  1680 targets_identical=True max|Δ|=2.274e-13 scale-rel=2.384e-07 elem-rel=2.847e-07 MAPE tf=97.3650 torch=97.3650
[ 122] idx= 1641 n=   720 targets_identical=True max|Δ|=1.137e-13 scale-rel=1.588e-07 elem-rel=2.847e-07 MAPE tf=96.5988 torch=96.5988
[ 123] idx= 1642 n=  1679 targets_identical=True max|Δ|=2.274e-13 scale-rel=2.384e-07 elem-rel=3.194e-07 MAPE tf=95.7368 torch=95.7368
[ 124] idx= 1647 n=   800 targets_identical=True max|Δ|=1.137e-13 scale-rel=1.588e-07 elem-rel=2.526e-07 MAPE tf=96.8366 torch=96.8366
[ 125] idx= 1681 n=  2114 targets_identical=True max|Δ|=2.274e-13 scale-rel=2.377e-07 elem-rel=2.836e-07 MAPE tf=97.5182 torch=97.5182
[ 126] idx= 1705 n=   800 targets_identical=True max|Δ|=1.705e-13 scale-rel=1.793e-07 elem-rel=2.557e-07 MAPE tf=97.0205 torch=97.0205
[ 127] idx= 1706 n=   720 targets_identical=True max|Δ|=1.137e-13 scale-rel=1.588e-07 elem-rel=2.819e-07 MAPE tf=96.8676 torch=96.8676
[ 128] idx= 1726 n=  1640 targets_identical=True max|Δ|=2.274e-13 scale-rel=2.377e-07 elem-rel=2.850e-07 MAPE tf=95.0459 torch=95.0459
[ 129] idx= 1729 n=  2200 targets_identical=True max|Δ|=1.705e-13 scale-rel=1.782e-07 elem-rel=2.842e-07 MAPE tf=96.5786 torch=96.5786
[ 130] idx= 1757 n=  1397 targets_identical=True max|Δ|=2.274e-13 scale-rel=1.913e-07 elem-rel=3.781e-07 MAPE tf=97.1816 torch=97.1816
[ 131] idx= 1773 n=  1680 targets_identical=True max|Δ|=1.137e-13 scale-rel=1.192e-07 elem-rel=2.836e-07 MAPE tf=97.0219 torch=97.0219
[ 132] idx= 1787 n=  2238 targets_identical=True max|Δ|=2.274e-13 scale-rel=2.377e-07 elem-rel=2.847e-07 MAPE tf=97.0040 torch=97.0040
[ 133] idx= 1801 n=  1680 targets_identical=True max|Δ|=1.705e-13 scale-rel=2.362e-07 elem-rel=2.836e-07 MAPE tf=97.4743 torch=97.4743
[ 134] idx= 1805 n=  1200 targets_identical=True max|Δ|=1.705e-13 scale-rel=1.782e-07 elem-rel=2.836e-07 MAPE tf=96.9667 torch=96.9667
[ 135] idx= 1806 n=  1595 targets_identical=True max|Δ|=1.137e-13 scale-rel=1.575e-07 elem-rel=2.824e-07 MAPE tf=97.4430 torch=97.4430
[ 136] idx= 1830 n=  1120 targets_identical=True max|Δ|=1.705e-13 scale-rel=1.788e-07 elem-rel=3.395e-07 MAPE tf=97.2804 torch=97.2804
[ 137] idx= 1858 n=  1400 targets_identical=True max|Δ|=1.705e-13 scale-rel=1.783e-07 elem-rel=2.847e-07 MAPE tf=97.1846 torch=97.1846
[ 138] idx= 1861 n=   800 targets_identical=True max|Δ|=1.137e-13 scale-rel=1.588e-07 elem-rel=2.526e-07 MAPE tf=97.1010 torch=97.1010
[ 139] idx= 1883 n=  2160 targets_identical=True max|Δ|=2.274e-13 scale-rel=2.377e-07 elem-rel=2.847e-07 MAPE tf=96.5358 torch=96.5358
[ 140] idx= 1888 n=  1919 targets_identical=True max|Δ|=1.705e-13 scale-rel=1.782e-07 elem-rel=2.842e-07 MAPE tf=97.4480 torch=97.4480
[ 141] idx= 1899 n=   960 targets_identical=True max|Δ|=1.705e-13 scale-rel=1.782e-07 elem-rel=2.842e-07 MAPE tf=96.6079 torch=96.6079
[ 142] idx= 1903 n=   720 targets_identical=True max|Δ|=1.705e-13 scale-rel=2.382e-07 elem-rel=2.847e-07 MAPE tf=95.7487 torch=95.7487
[ 143] idx= 1904 n=  1680 targets_identical=True max|Δ|=2.274e-13 scale-rel=2.384e-07 elem-rel=2.850e-07 MAPE tf=95.5727 torch=95.5727
[ 144] idx= 1909 n=  1600 targets_identical=True max|Δ|=1.705e-13 scale-rel=2.372e-07 elem-rel=2.836e-07 MAPE tf=97.4409 torch=97.4409
[ 145] idx= 1918 n=  1680 targets_identical=True max|Δ|=2.274e-13 scale-rel=2.384e-07 elem-rel=2.847e-07 MAPE tf=95.4750 torch=95.4750
[ 146] idx= 1929 n=   720 targets_identical=True max|Δ|=1.137e-13 scale-rel=1.588e-07 elem-rel=2.362e-07 MAPE tf=95.1674 torch=95.1674
[ 147] idx= 1950 n=  1640 targets_identical=True max|Δ|=1.705e-13 scale-rel=2.372e-07 elem-rel=2.836e-07 MAPE tf=97.3820 torch=97.3820
[ 148] idx= 1965 n=   760 targets_identical=True max|Δ|=1.705e-13 scale-rel=1.793e-07 elem-rel=2.362e-07 MAPE tf=96.7539 torch=96.7539
[ 149] idx= 1967 n=  2040 targets_identical=True max|Δ|=2.274e-13 scale-rel=2.377e-07 elem-rel=2.850e-07 MAPE tf=97.5056 torch=97.5056
[ 150] idx= 1971 n=  2120 targets_identical=True max|Δ|=1.705e-13 scale-rel=1.782e-07 elem-rel=2.836e-07 MAPE tf=97.5432 torch=97.5432
[ 151] idx= 1984 n=   800 targets_identical=True max|Δ|=2.274e-13 scale-rel=2.391e-07 elem-rel=2.526e-07 MAPE tf=95.8077 torch=95.8077
[ 152] idx= 1994 n=  2160 targets_identical=True max|Δ|=2.274e-13 scale-rel=2.377e-07 elem-rel=2.848e-07 MAPE tf=97.5860 torch=97.5860
[ 153] idx= 2010 n=   800 targets_identical=True max|Δ|=2.274e-13 scale-rel=2.391e-07 elem-rel=2.847e-07 MAPE tf=94.5961 torch=94.5961
[ 154] idx= 2032 n=  2080 targets_identical=True max|Δ|=1.705e-13 scale-rel=1.782e-07 elem-rel=2.850e-07 MAPE tf=97.4463 torch=97.4463
[ 155] idx= 2034 n=  2119 targets_identical=True max|Δ|=1.705e-13 scale-rel=1.782e-07 elem-rel=3.381e-07 MAPE tf=97.4583 torch=97.4583
[ 156] idx= 2047 n=   800 targets_identical=True max|Δ|=1.137e-13 scale-rel=1.588e-07 elem-rel=2.824e-07 MAPE tf=96.9152 torch=96.9152
[ 157] idx= 2076 n=  2240 targets_identical=True max|Δ|=2.274e-13 scale-rel=2.377e-07 elem-rel=2.847e-07 MAPE tf=96.8234 torch=96.8234
[ 158] idx= 2082 n=  2160 targets_identical=True max|Δ|=1.705e-13 scale-rel=1.782e-07 elem-rel=3.563e-07 MAPE tf=97.4525 torch=97.4525
[ 159] idx= 2110 n=   720 targets_identical=True max|Δ|=1.705e-13 scale-rel=2.382e-07 elem-rel=3.396e-07 MAPE tf=92.5449 torch=92.5449
[ 160] idx= 2127 n=  1680 targets_identical=True max|Δ|=2.274e-13 scale-rel=2.384e-07 elem-rel=2.807e-07 MAPE tf=97.5155 torch=97.5155
[ 161] idx= 2136 n=  1440 targets_identical=True max|Δ|=2.274e-13 scale-rel=1.913e-07 elem-rel=2.850e-07 MAPE tf=97.2126 torch=97.2126
[ 162] idx= 2149 n=  2200 targets_identical=True max|Δ|=2.274e-13 scale-rel=2.377e-07 elem-rel=2.850e-07 MAPE tf=97.5104 torch=97.5104
[ 163] idx= 2153 n=   760 targets_identical=True max|Δ|=1.137e-13 scale-rel=1.588e-07 elem-rel=2.847e-07 MAPE tf=97.0191 torch=97.0191
[ 164] idx= 2167 n=   800 targets_identical=True max|Δ|=1.705e-13 scale-rel=1.793e-07 elem-rel=2.847e-07 MAPE tf=94.9899 torch=94.9899
[ 165] idx= 2170 n=  1600 targets_identical=True max|Δ|=1.137e-13 scale-rel=1.581e-07 elem-rel=2.836e-07 MAPE tf=95.6546 torch=95.6546
[ 166] idx= 2172 n=   720 targets_identical=True max|Δ|=1.705e-13 scale-rel=2.382e-07 elem-rel=2.847e-07 MAPE tf=96.9544 torch=96.9544
[ 167] idx= 2173 n=   800 targets_identical=True max|Δ|=1.705e-13 scale-rel=1.793e-07 elem-rel=3.395e-07 MAPE tf=96.6027 torch=96.6027
[ 168] idx= 2177 n=  2120 targets_identical=True max|Δ|=2.274e-13 scale-rel=2.377e-07 elem-rel=2.847e-07 MAPE tf=97.5862 torch=97.5862
[ 169] idx= 2200 n=  1200 targets_identical=True max|Δ|=1.705e-13 scale-rel=1.788e-07 elem-rel=3.409e-07 MAPE tf=97.1700 torch=97.1700
[ 170] idx= 2203 n=  1680 targets_identical=True max|Δ|=2.274e-13 scale-rel=1.913e-07 elem-rel=3.397e-07 MAPE tf=97.5168 torch=97.5168
[ 171] idx= 2214 n=  1560 targets_identical=True max|Δ|=2.274e-13 scale-rel=1.913e-07 elem-rel=3.381e-07 MAPE tf=97.4232 torch=97.4232

===== L0 forward parity =====
  n_scenarios                  172
  n_predictions                247452
  all_targets_identical        True
  max_abs_diff                 2.2737367544323206e-13
  worst_scale_rel_diff         3.1753816471355557e-07
  worst_elem_rel_diff          3.7809559863639824e-07
  mape_tf                      96.81611061096191
  mape_torch                   96.81611061096191
  tf_seconds_per_scenario      6.165089942688166
  torch_seconds_per_scenario   1.2140995485838069
  passed                       True
  gt_predictions               {'path': 'tensorflow_version_gt/results/mawi_pcaps/RouteNetGauss/jitter/seed_1/predictions.npz', 'same_shape': True, 'tf_vs_gt_bit_identical': True, 'tf_vs_gt_max_abs_diff': 0.0, 'torch_vs_gt_max_abs_diff': 2.2737367544323206e-13, 'targets_vs_gt_bit_identical': True}
  report -> pytorch_version_results/parity/l0_quick_mawi_pcaps_jitter_seed1.json
