[   0] idx=    0 n=  4703 targets_identical=True max|Δ|=1.164e-10 scale-rel=1.590e-07 elem-rel=3.190e-07 MAPE tf=121.7116 torch=121.7116
[   1] idx=    2 n=  4606 targets_identical=True max|Δ|=1.746e-10 scale-rel=2.377e-07 elem-rel=3.554e-07 MAPE tf=106.2119 torch=106.2119
[   2] idx=    6 n=  3517 targets_identical=True max|Δ|=1.746e-10 scale-rel=2.690e-07 elem-rel=3.530e-07 MAPE tf=93.1451 torch=93.1451
[   3] idx=    7 n=  3627 targets_identical=True max|Δ|=1.746e-10 scale-rel=2.440e-07 elem-rel=3.512e-07 MAPE tf=124.9545 torch=124.9546
[   4] idx=   17 n=  4786 targets_identical=True max|Δ|=1.746e-10 scale-rel=2.356e-07 elem-rel=3.392e-07 MAPE tf=104.2149 torch=104.2150
[   5] idx=   18 n=  3582 targets_identical=True max|Δ|=1.164e-10 scale-rel=1.578e-07 elem-rel=3.254e-07 MAPE tf=131.4328 torch=131.4328
WARNING:tensorflow:5 out of the last 7 calls to <function RouteNetGauss.call at 0x773f6d1e8700> triggered tf.function retracing. Tracing is expensive and the excessive number of tracings could be due to (1) creating @tf.function repeatedly in a loop, (2) passing tensors with different shapes, (3) passing Python objects instead of tensors. For (1), please define your @tf.function outside of the loop. For (2), @tf.function has reduce_retracing=True option that can avoid unnecessary retracing. For (3), please refer to https://www.tensorflow.org/guide/function#controlling_retracing and https://www.tensorflow.org/api_docs/python/tf/function for  more details.
[   6] idx=   22 n=  4709 targets_identical=True max|Δ|=8.731e-11 scale-rel=1.199e-07 elem-rel=2.688e-07 MAPE tf=103.4986 torch=103.4986
WARNING:tensorflow:6 out of the last 8 calls to <function RouteNetGauss.call at 0x773f6d1e8700> triggered tf.function retracing. Tracing is expensive and the excessive number of tracings could be due to (1) creating @tf.function repeatedly in a loop, (2) passing tensors with different shapes, (3) passing Python objects instead of tensors. For (1), please define your @tf.function outside of the loop. For (2), @tf.function has reduce_retracing=True option that can avoid unnecessary retracing. For (3), please refer to https://www.tensorflow.org/guide/function#controlling_retracing and https://www.tensorflow.org/api_docs/python/tf/function for  more details.
[   7] idx= 1055 n=  4788 targets_identical=True max|Δ|=1.164e-10 scale-rel=1.566e-07 elem-rel=3.506e-07 MAPE tf=110.1408 torch=110.1408
[   8] idx= 1058 n=  1738 targets_identical=True max|Δ|=5.821e-11 scale-rel=1.057e-07 elem-rel=2.586e-07 MAPE tf=99.9572 torch=99.9572
[   9] idx= 1061 n=  3546 targets_identical=True max|Δ|=1.746e-10 scale-rel=2.743e-07 elem-rel=3.326e-07 MAPE tf=107.0701 torch=107.0702
[  10] idx= 1062 n=  1499 targets_identical=True max|Δ|=5.821e-11 scale-rel=1.074e-07 elem-rel=2.363e-07 MAPE tf=98.2960 torch=98.2960
[  11] idx= 1065 n=  4769 targets_identical=True max|Δ|=1.164e-10 scale-rel=1.571e-07 elem-rel=2.994e-07 MAPE tf=115.1979 torch=115.1979
[  12] idx= 1066 n=  3566 targets_identical=True max|Δ|=1.746e-10 scale-rel=2.426e-07 elem-rel=3.193e-07 MAPE tf=124.5620 torch=124.5620
[  13] idx= 1073 n=  1532 targets_identical=True max|Δ|=5.821e-11 scale-rel=1.103e-07 elem-rel=2.361e-07 MAPE tf=131.7243 torch=131.7244
[  14] idx= 1206 n=  4803 targets_identical=True max|Δ|=1.746e-10 scale-rel=2.377e-07 elem-rel=2.855e-07 MAPE tf=107.5285 torch=107.5285
[  15] idx= 1212 n=  3591 targets_identical=True max|Δ|=8.731e-11 scale-rel=1.748e-07 elem-rel=3.125e-07 MAPE tf=100.1360 torch=100.1360
[  16] idx= 1213 n=  4833 targets_identical=True max|Δ|=1.746e-10 scale-rel=2.451e-07 elem-rel=2.786e-07 MAPE tf=102.7324 torch=102.7324
[  17] idx= 1214 n=  1527 targets_identical=True max|Δ|=5.821e-11 scale-rel=1.098e-07 elem-rel=2.327e-07 MAPE tf=96.8543 torch=96.8543
[  18] idx= 1218 n=  2615 targets_identical=True max|Δ|=1.746e-10 scale-rel=2.395e-07 elem-rel=2.897e-07 MAPE tf=110.6948 torch=110.6949
[  19] idx= 1223 n=  3558 targets_identical=True max|Δ|=1.164e-10 scale-rel=1.713e-07 elem-rel=2.820e-07 MAPE tf=117.6805 torch=117.6805
[  20] idx= 1240 n=  3604 targets_identical=True max|Δ|=1.746e-10 scale-rel=2.756e-07 elem-rel=3.175e-07 MAPE tf=111.8158 torch=111.8158
[  21] idx= 1241 n=  2597 targets_identical=True max|Δ|=1.164e-10 scale-rel=2.146e-07 elem-rel=2.715e-07 MAPE tf=117.1351 torch=117.1351
[  22] idx= 1248 n=  3582 targets_identical=True max|Δ|=1.164e-10 scale-rel=1.727e-07 elem-rel=2.886e-07 MAPE tf=103.1307 torch=103.1307
[  23] idx=  143 n=  1724 targets_identical=True max|Δ|=5.821e-11 scale-rel=9.434e-08 elem-rel=2.572e-07 MAPE tf=119.4133 torch=119.4134
[  24] idx= 1284 n=  1486 targets_identical=True max|Δ|=8.731e-11 scale-rel=1.604e-07 elem-rel=2.543e-07 MAPE tf=116.2993 torch=116.2993
[  25] idx= 1285 n=  3569 targets_identical=True max|Δ|=1.746e-10 scale-rel=2.353e-07 elem-rel=3.469e-07 MAPE tf=122.5551 torch=122.5551
[  26] idx= 1287 n=  4837 targets_identical=True max|Δ|=1.164e-10 scale-rel=1.564e-07 elem-rel=3.362e-07 MAPE tf=110.1249 torch=110.1249
[  27] idx= 1290 n=  2530 targets_identical=True max|Δ|=1.164e-10 scale-rel=1.627e-07 elem-rel=2.612e-07 MAPE tf=105.9806 torch=105.9806
[  28] idx=  213 n=  1731 targets_identical=True max|Δ|=1.164e-10 scale-rel=2.186e-07 elem-rel=2.304e-07 MAPE tf=108.4322 torch=108.4322
[  29] idx=  215 n=  4806 targets_identical=True max|Δ|=1.164e-10 scale-rel=2.053e-07 elem-rel=2.949e-07 MAPE tf=101.9823 torch=101.9823
[  30] idx=  226 n=  4611 targets_identical=True max|Δ|=1.164e-10 scale-rel=1.615e-07 elem-rel=2.824e-07 MAPE tf=124.7727 torch=124.7727
[  31] idx=  228 n=  3583 targets_identical=True max|Δ|=1.164e-10 scale-rel=1.844e-07 elem-rel=2.709e-07 MAPE tf=115.0932 torch=115.0932
[  32] idx=  245 n=  4742 targets_identical=True max|Δ|=1.164e-10 scale-rel=1.918e-07 elem-rel=3.178e-07 MAPE tf=111.9641 torch=111.9641
[  33] idx=  246 n=  1690 targets_identical=True max|Δ|=5.821e-11 scale-rel=1.113e-07 elem-rel=2.564e-07 MAPE tf=123.1695 torch=123.1695
[  34] idx= 2629 n=  3572 targets_identical=True max|Δ|=1.746e-10 scale-rel=2.366e-07 elem-rel=3.177e-07 MAPE tf=133.5743 torch=133.5744
[  35] idx= 2635 n=  3474 targets_identical=True max|Δ|=1.164e-10 scale-rel=1.584e-07 elem-rel=3.415e-07 MAPE tf=96.6329 torch=96.6329
[  36] idx= 2638 n=  1619 targets_identical=True max|Δ|=5.821e-11 scale-rel=8.165e-08 elem-rel=2.272e-07 MAPE tf=120.7080 torch=120.7081
[  37] idx= 2640 n=  4755 targets_identical=True max|Δ|=1.164e-10 scale-rel=1.590e-07 elem-rel=3.149e-07 MAPE tf=110.3817 torch=110.3817
[  38] idx= 2889 n=  4757 targets_identical=True max|Δ|=1.164e-10 scale-rel=2.027e-07 elem-rel=3.364e-07 MAPE tf=100.4533 torch=100.4533
[  39] idx=  308 n=  3602 targets_identical=True max|Δ|=1.164e-10 scale-rel=1.621e-07 elem-rel=3.565e-07 MAPE tf=115.3883 torch=115.3883
[  40] idx=  324 n=  3606 targets_identical=True max|Δ|=1.164e-10 scale-rel=2.098e-07 elem-rel=2.366e-07 MAPE tf=103.1506 torch=103.1507
[  41] idx=  539 n=  1708 targets_identical=True max|Δ|=5.821e-11 scale-rel=1.363e-07 elem-rel=2.662e-07 MAPE tf=83.1027 torch=83.1027
[  42] idx=  540 n=  3499 targets_identical=True max|Δ|=1.746e-10 scale-rel=2.366e-07 elem-rel=2.667e-07 MAPE tf=122.6275 torch=122.6275
[  43] idx=  554 n=  1712 targets_identical=True max|Δ|=5.821e-11 scale-rel=1.094e-07 elem-rel=2.254e-07 MAPE tf=109.5517 torch=109.5517
[  44] idx=  567 n=  1715 targets_identical=True max|Δ|=5.821e-11 scale-rel=1.059e-07 elem-rel=2.367e-07 MAPE tf=115.2897 torch=115.2897
[  45] idx=  570 n=  4789 targets_identical=True max|Δ|=1.746e-10 scale-rel=2.373e-07 elem-rel=3.193e-07 MAPE tf=111.7593 torch=111.7593
[  46] idx=  574 n=  3596 targets_identical=True max|Δ|=1.164e-10 scale-rel=1.597e-07 elem-rel=2.628e-07 MAPE tf=107.4854 torch=107.4854
[  47] idx=  657 n=  3563 targets_identical=True max|Δ|=1.164e-10 scale-rel=1.675e-07 elem-rel=2.646e-07 MAPE tf=114.2229 torch=114.2229
[  48] idx=  662 n=  3630 targets_identical=True max|Δ|=1.164e-10 scale-rel=1.602e-07 elem-rel=2.726e-07 MAPE tf=107.6793 torch=107.6793
[  49] idx=  665 n=  4773 targets_identical=True max|Δ|=1.164e-10 scale-rel=1.581e-07 elem-rel=2.681e-07 MAPE tf=114.2334 torch=114.2334
[  50] idx=  669 n=  3671 targets_identical=True max|Δ|=1.164e-10 scale-rel=1.613e-07 elem-rel=2.919e-07 MAPE tf=103.2571 torch=103.2572

===== L0 forward parity =====
  n_scenarios                  51
  n_predictions                175028
  all_targets_identical        True
  max_abs_diff                 1.7462298274040222e-10
  worst_scale_rel_diff         2.7559584971023393e-07
  worst_elem_rel_diff          3.564695116973688e-07
  mape_tf                      111.11533641815186
  mape_torch                   111.11534833908081
  tf_seconds_per_scenario      5.849454655366785
  torch_seconds_per_scenario   1.9378676928725898
  passed                       True
  gt_predictions               {'path': 'tensorflow_version_gt/results/trex_multiburst/RouteNetGauss/delay/seed_1/predictions.npz', 'same_shape': True, 'tf_vs_gt_bit_identical': False, 'tf_vs_gt_max_abs_diff': 1.1641532182693481e-10, 'torch_vs_gt_max_abs_diff': 5.820766091346741e-11, 'targets_vs_gt_bit_identical': True}
  report -> pytorch_version_results/parity/l0_quick_trex_multiburst_delay_seed1.json
