[   0] idx=    0 n=  4703 targets_identical=True max|Δ|=1.164e-10 scale-rel=1.588e-07 elem-rel=3.164e-07 MAPE tf=122.1197 torch=122.1197
[   1] idx=    2 n=  4606 targets_identical=True max|Δ|=1.164e-10 scale-rel=1.583e-07 elem-rel=2.834e-07 MAPE tf=106.5555 torch=106.5556
[   2] idx=    6 n=  3517 targets_identical=True max|Δ|=1.164e-10 scale-rel=1.791e-07 elem-rel=2.750e-07 MAPE tf=93.4325 torch=93.4325
[   3] idx=    7 n=  3627 targets_identical=True max|Δ|=1.746e-10 scale-rel=2.436e-07 elem-rel=3.143e-07 MAPE tf=125.4027 torch=125.4028
[   4] idx=   17 n=  4786 targets_identical=True max|Δ|=1.164e-10 scale-rel=1.568e-07 elem-rel=2.553e-07 MAPE tf=104.5447 torch=104.5447
[   5] idx=   18 n=  3582 targets_identical=True max|Δ|=1.164e-10 scale-rel=1.576e-07 elem-rel=3.201e-07 MAPE tf=131.8455 torch=131.8455
WARNING:tensorflow:5 out of the last 7 calls to <function RouteNetGauss.call at 0x7b42c15dc670> triggered tf.function retracing. Tracing is expensive and the excessive number of tracings could be due to (1) creating @tf.function repeatedly in a loop, (2) passing tensors with different shapes, (3) passing Python objects instead of tensors. For (1), please define your @tf.function outside of the loop. For (2), @tf.function has reduce_retracing=True option that can avoid unnecessary retracing. For (3), please refer to https://www.tensorflow.org/guide/function#controlling_retracing and https://www.tensorflow.org/api_docs/python/tf/function for  more details.
[   6] idx=   22 n=  4709 targets_identical=True max|Δ|=5.821e-11 scale-rel=7.982e-08 elem-rel=2.443e-07 MAPE tf=103.8631 torch=103.8631
WARNING:tensorflow:6 out of the last 8 calls to <function RouteNetGauss.call at 0x7b42c15dc670> triggered tf.function retracing. Tracing is expensive and the excessive number of tracings could be due to (1) creating @tf.function repeatedly in a loop, (2) passing tensors with different shapes, (3) passing Python objects instead of tensors. For (1), please define your @tf.function outside of the loop. For (2), @tf.function has reduce_retracing=True option that can avoid unnecessary retracing. For (3), please refer to https://www.tensorflow.org/guide/function#controlling_retracing and https://www.tensorflow.org/api_docs/python/tf/function for  more details.
[   7] idx= 1055 n=  4788 targets_identical=True max|Δ|=1.164e-10 scale-rel=1.564e-07 elem-rel=2.486e-07 MAPE tf=110.5067 torch=110.5068
[   8] idx= 1058 n=  1738 targets_identical=True max|Δ|=1.164e-10 scale-rel=2.112e-07 elem-rel=2.113e-07 MAPE tf=100.3330 torch=100.3331
[   9] idx= 1061 n=  3546 targets_identical=True max|Δ|=1.746e-10 scale-rel=2.739e-07 elem-rel=3.324e-07 MAPE tf=107.3870 torch=107.3870
[  10] idx= 1062 n=  1499 targets_identical=True max|Δ|=5.821e-11 scale-rel=1.073e-07 elem-rel=2.272e-07 MAPE tf=98.5241 torch=98.5241
[  11] idx= 1065 n=  4769 targets_identical=True max|Δ|=1.164e-10 scale-rel=1.569e-07 elem-rel=2.669e-07 MAPE tf=115.5720 torch=115.5720
[  12] idx= 1066 n=  3566 targets_identical=True max|Δ|=1.164e-10 scale-rel=1.615e-07 elem-rel=2.227e-07 MAPE tf=125.0231 torch=125.0231
[  13] idx= 1073 n=  1532 targets_identical=True max|Δ|=5.821e-11 scale-rel=1.101e-07 elem-rel=2.129e-07 MAPE tf=132.1556 torch=132.1556
[  14] idx= 1206 n=  4803 targets_identical=True max|Δ|=1.164e-10 scale-rel=1.583e-07 elem-rel=2.992e-07 MAPE tf=107.9027 torch=107.9027
[  15] idx= 1212 n=  3591 targets_identical=True max|Δ|=1.164e-10 scale-rel=2.328e-07 elem-rel=2.883e-07 MAPE tf=100.5213 torch=100.5213
[  16] idx= 1213 n=  4833 targets_identical=True max|Δ|=1.164e-10 scale-rel=1.632e-07 elem-rel=3.324e-07 MAPE tf=103.0424 torch=103.0425
[  17] idx= 1214 n=  1527 targets_identical=True max|Δ|=5.821e-11 scale-rel=1.096e-07 elem-rel=2.311e-07 MAPE tf=97.1453 torch=97.1454
[  18] idx= 1218 n=  2615 targets_identical=True max|Δ|=1.164e-10 scale-rel=1.594e-07 elem-rel=2.602e-07 MAPE tf=111.0689 torch=111.0689
[  19] idx= 1223 n=  3558 targets_identical=True max|Δ|=5.821e-11 scale-rel=8.551e-08 elem-rel=2.545e-07 MAPE tf=118.0801 torch=118.0802
[  20] idx= 1240 n=  3604 targets_identical=True max|Δ|=1.164e-10 scale-rel=1.835e-07 elem-rel=2.675e-07 MAPE tf=112.1952 torch=112.1952
[  21] idx= 1241 n=  2597 targets_identical=True max|Δ|=1.746e-10 scale-rel=3.215e-07 elem-rel=3.494e-07 MAPE tf=117.4462 torch=117.4462
[  22] idx= 1248 n=  3582 targets_identical=True max|Δ|=1.164e-10 scale-rel=1.725e-07 elem-rel=2.507e-07 MAPE tf=103.4200 torch=103.4200
[  23] idx=  143 n=  1724 targets_identical=True max|Δ|=5.821e-11 scale-rel=9.419e-08 elem-rel=2.546e-07 MAPE tf=119.7492 torch=119.7492
[  24] idx= 1284 n=  1486 targets_identical=True max|Δ|=5.821e-11 scale-rel=1.068e-07 elem-rel=1.920e-07 MAPE tf=116.7075 torch=116.7075
[  25] idx= 1285 n=  3569 targets_identical=True max|Δ|=1.164e-10 scale-rel=1.567e-07 elem-rel=3.463e-07 MAPE tf=122.8698 torch=122.8698
[  26] idx= 1287 n=  4837 targets_identical=True max|Δ|=1.164e-10 scale-rel=1.562e-07 elem-rel=2.527e-07 MAPE tf=110.5475 torch=110.5475
[  27] idx= 1290 n=  2530 targets_identical=True max|Δ|=1.164e-10 scale-rel=1.625e-07 elem-rel=2.168e-07 MAPE tf=106.3319 torch=106.3319
[  28] idx=  213 n=  1731 targets_identical=True max|Δ|=5.821e-11 scale-rel=1.091e-07 elem-rel=2.584e-07 MAPE tf=108.8008 torch=108.8008
[  29] idx=  215 n=  4806 targets_identical=True max|Δ|=1.164e-10 scale-rel=2.049e-07 elem-rel=2.349e-07 MAPE tf=102.2918 torch=102.2918
[  30] idx=  226 n=  4611 targets_identical=True max|Δ|=1.164e-10 scale-rel=1.613e-07 elem-rel=2.523e-07 MAPE tf=125.1260 torch=125.1261
[  31] idx=  228 n=  3583 targets_identical=True max|Δ|=1.164e-10 scale-rel=1.841e-07 elem-rel=3.085e-07 MAPE tf=115.4243 torch=115.4243
[  32] idx=  245 n=  4742 targets_identical=True max|Δ|=1.164e-10 scale-rel=1.915e-07 elem-rel=2.832e-07 MAPE tf=112.2608 torch=112.2609
[  33] idx=  246 n=  1690 targets_identical=True max|Δ|=5.821e-11 scale-rel=1.112e-07 elem-rel=1.929e-07 MAPE tf=123.5953 torch=123.5953
[  34] idx= 2629 n=  3572 targets_identical=True max|Δ|=1.164e-10 scale-rel=1.575e-07 elem-rel=2.548e-07 MAPE tf=133.9394 torch=133.9394
[  35] idx= 2635 n=  3474 targets_identical=True max|Δ|=1.164e-10 scale-rel=1.581e-07 elem-rel=2.558e-07 MAPE tf=96.8648 torch=96.8648
[  36] idx= 2638 n=  1619 targets_identical=True max|Δ|=5.821e-11 scale-rel=8.154e-08 elem-rel=2.001e-07 MAPE tf=121.0795 torch=121.0795
[  37] idx= 2640 n=  4755 targets_identical=True max|Δ|=1.164e-10 scale-rel=1.588e-07 elem-rel=2.500e-07 MAPE tf=110.7340 torch=110.7340
[  38] idx= 2889 n=  4757 targets_identical=True max|Δ|=8.731e-11 scale-rel=1.518e-07 elem-rel=2.519e-07 MAPE tf=100.8191 torch=100.8191
[  39] idx=  308 n=  3602 targets_identical=True max|Δ|=1.164e-10 scale-rel=1.619e-07 elem-rel=3.393e-07 MAPE tf=115.7575 torch=115.7575
[  40] idx=  324 n=  3606 targets_identical=True max|Δ|=5.821e-11 scale-rel=1.048e-07 elem-rel=2.381e-07 MAPE tf=103.5175 torch=103.5175
[  41] idx=  539 n=  1708 targets_identical=True max|Δ|=5.821e-11 scale-rel=1.360e-07 elem-rel=2.189e-07 MAPE tf=83.2586 torch=83.2586
[  42] idx=  540 n=  3499 targets_identical=True max|Δ|=1.164e-10 scale-rel=1.575e-07 elem-rel=2.652e-07 MAPE tf=122.9672 torch=122.9673
[  43] idx=  554 n=  1712 targets_identical=True max|Δ|=8.731e-11 scale-rel=1.638e-07 elem-rel=1.917e-07 MAPE tf=109.8402 torch=109.8402
[  44] idx=  567 n=  1715 targets_identical=True max|Δ|=1.164e-10 scale-rel=2.116e-07 elem-rel=2.304e-07 MAPE tf=115.6158 torch=115.6158
[  45] idx=  570 n=  4789 targets_identical=True max|Δ|=1.164e-10 scale-rel=1.580e-07 elem-rel=2.529e-07 MAPE tf=112.0846 torch=112.0846
[  46] idx=  574 n=  3596 targets_identical=True max|Δ|=1.164e-10 scale-rel=1.594e-07 elem-rel=2.608e-07 MAPE tf=107.8531 torch=107.8532
[  47] idx=  657 n=  3563 targets_identical=True max|Δ|=1.164e-10 scale-rel=1.673e-07 elem-rel=2.415e-07 MAPE tf=114.5290 torch=114.5290
[  48] idx=  662 n=  3630 targets_identical=True max|Δ|=1.164e-10 scale-rel=1.600e-07 elem-rel=2.690e-07 MAPE tf=107.9270 torch=107.9270
[  49] idx=  665 n=  4773 targets_identical=True max|Δ|=1.746e-10 scale-rel=2.369e-07 elem-rel=2.674e-07 MAPE tf=114.6411 torch=114.6411
[  50] idx=  669 n=  3671 targets_identical=True max|Δ|=1.164e-10 scale-rel=1.611e-07 elem-rel=2.832e-07 MAPE tf=103.5805 torch=103.5805

===== L0 forward parity =====
  n_scenarios                  51
  n_predictions                175028
  all_targets_identical        True
  max_abs_diff                 1.7462298274040222e-10
  worst_scale_rel_diff         3.2154640670282776e-07
  worst_elem_rel_diff          3.493976268447321e-07
  mape_tf                      111.46502494812012
  mape_torch                   111.46504878997803
  tf_seconds_per_scenario      5.810224294662476
  torch_seconds_per_scenario   1.8631883555767583
  passed                       True
  gt_predictions               {'path': 'tensorflow_version_gt/results/trex_multiburst/RouteNetGauss/delay/seed_2/predictions.npz', 'same_shape': True, 'tf_vs_gt_bit_identical': False, 'tf_vs_gt_max_abs_diff': 1.1641532182693481e-10, 'torch_vs_gt_max_abs_diff': 5.820766091346741e-11, 'targets_vs_gt_bit_identical': True}
  report -> pytorch_version_results/parity/l0_quick_trex_multiburst_delay_seed2.json
