[   0] idx=    0 n=  4688 targets_identical=True max|Δ|=6.821e-13 scale-rel=3.035e-07 elem-rel=3.044e-07 MAPE tf=90.0475 torch=90.0475
[   1] idx=    2 n=  4497 targets_identical=True max|Δ|=4.547e-13 scale-rel=2.023e-07 elem-rel=2.998e-07 MAPE tf=91.0522 torch=91.0522
[   2] idx=    6 n=  3514 targets_identical=True max|Δ|=4.547e-13 scale-rel=2.029e-07 elem-rel=3.016e-07 MAPE tf=90.6856 torch=90.6856
[   3] idx=    7 n=  3595 targets_identical=True max|Δ|=6.821e-13 scale-rel=2.443e-07 elem-rel=3.035e-07 MAPE tf=89.9879 torch=89.9879
[   4] idx=   17 n=  4749 targets_identical=True max|Δ|=4.547e-13 scale-rel=2.023e-07 elem-rel=2.934e-07 MAPE tf=90.8513 torch=90.8513
[   5] idx=   18 n=  3575 targets_identical=True max|Δ|=4.547e-13 scale-rel=1.629e-07 elem-rel=2.998e-07 MAPE tf=90.7983 torch=90.7983
WARNING:tensorflow:5 out of the last 7 calls to <function RouteNetGauss.call at 0x776ce8300700> triggered tf.function retracing. Tracing is expensive and the excessive number of tracings could be due to (1) creating @tf.function repeatedly in a loop, (2) passing tensors with different shapes, (3) passing Python objects instead of tensors. For (1), please define your @tf.function outside of the loop. For (2), @tf.function has reduce_retracing=True option that can avoid unnecessary retracing. For (3), please refer to https://www.tensorflow.org/guide/function#controlling_retracing and https://www.tensorflow.org/api_docs/python/tf/function for  more details.
[   6] idx=   22 n=  4682 targets_identical=True max|Δ|=6.821e-13 scale-rel=3.035e-07 elem-rel=3.254e-07 MAPE tf=91.0170 torch=91.0170
WARNING:tensorflow:6 out of the last 8 calls to <function RouteNetGauss.call at 0x776ce8300700> triggered tf.function retracing. Tracing is expensive and the excessive number of tracings could be due to (1) creating @tf.function repeatedly in a loop, (2) passing tensors with different shapes, (3) passing Python objects instead of tensors. For (1), please define your @tf.function outside of the loop. For (2), @tf.function has reduce_retracing=True option that can avoid unnecessary retracing. For (3), please refer to https://www.tensorflow.org/guide/function#controlling_retracing and https://www.tensorflow.org/api_docs/python/tf/function for  more details.
[   7] idx= 1055 n=  4783 targets_identical=True max|Δ|=4.547e-13 scale-rel=2.023e-07 elem-rel=2.812e-07 MAPE tf=90.3913 torch=90.3913
[   8] idx= 1058 n=  1737 targets_identical=True max|Δ|=4.547e-13 scale-rel=2.036e-07 elem-rel=2.209e-07 MAPE tf=90.1431 torch=90.1431
[   9] idx= 1061 n=  3544 targets_identical=True max|Δ|=4.547e-13 scale-rel=2.029e-07 elem-rel=2.681e-07 MAPE tf=90.9731 torch=90.9731
[  10] idx= 1062 n=  1498 targets_identical=True max|Δ|=4.547e-13 scale-rel=2.703e-07 elem-rel=2.934e-07 MAPE tf=90.6326 torch=90.6326
[  11] idx= 1065 n=  4735 targets_identical=True max|Δ|=6.821e-13 scale-rel=3.035e-07 elem-rel=3.035e-07 MAPE tf=91.0365 torch=91.0365
[  12] idx= 1066 n=  3565 targets_identical=True max|Δ|=4.547e-13 scale-rel=2.029e-07 elem-rel=3.016e-07 MAPE tf=90.7827 torch=90.7827
[  13] idx= 1073 n=  1532 targets_identical=True max|Δ|=3.411e-13 scale-rel=2.027e-07 elem-rel=2.867e-07 MAPE tf=92.3442 torch=92.3442
[  14] idx= 1206 n=  4799 targets_identical=True max|Δ|=4.547e-13 scale-rel=2.023e-07 elem-rel=2.922e-07 MAPE tf=90.6341 torch=90.6341
[  15] idx= 1212 n=  3576 targets_identical=True max|Δ|=4.547e-13 scale-rel=2.692e-07 elem-rel=3.274e-07 MAPE tf=91.3105 torch=91.3105
[  16] idx= 1213 n=  4832 targets_identical=True max|Δ|=4.547e-13 scale-rel=2.023e-07 elem-rel=2.998e-07 MAPE tf=91.4716 torch=91.4716
[  17] idx= 1214 n=  1527 targets_identical=True max|Δ|=3.411e-13 scale-rel=2.027e-07 elem-rel=2.867e-07 MAPE tf=91.4882 torch=91.4882
[  18] idx= 1218 n=  2613 targets_identical=True max|Δ|=4.547e-13 scale-rel=2.029e-07 elem-rel=3.016e-07 MAPE tf=92.1406 torch=92.1406
[  19] idx= 1223 n=  3556 targets_identical=True max|Δ|=4.547e-13 scale-rel=2.023e-07 elem-rel=2.717e-07 MAPE tf=90.2409 torch=90.2409
[  20] idx= 1240 n=  3599 targets_identical=True max|Δ|=4.547e-13 scale-rel=2.023e-07 elem-rel=3.656e-07 MAPE tf=90.8597 torch=90.8597
[  21] idx= 1241 n=  2586 targets_identical=True max|Δ|=4.547e-13 scale-rel=2.029e-07 elem-rel=2.844e-07 MAPE tf=90.1894 torch=90.1894
[  22] idx= 1248 n=  3546 targets_identical=True max|Δ|=4.547e-13 scale-rel=2.023e-07 elem-rel=2.870e-07 MAPE tf=89.9776 torch=89.9776
[  23] idx=  143 n=  1724 targets_identical=True max|Δ|=4.547e-13 scale-rel=2.036e-07 elem-rel=2.867e-07 MAPE tf=92.5821 torch=92.5821
[  24] idx= 1284 n=  1486 targets_identical=True max|Δ|=3.411e-13 scale-rel=2.027e-07 elem-rel=3.016e-07 MAPE tf=91.7023 torch=91.7023
[  25] idx= 1285 n=  3536 targets_identical=True max|Δ|=4.547e-13 scale-rel=2.029e-07 elem-rel=3.017e-07 MAPE tf=90.8736 torch=90.8736
[  26] idx= 1287 n=  4800 targets_identical=True max|Δ|=4.547e-13 scale-rel=2.023e-07 elem-rel=3.043e-07 MAPE tf=89.9443 torch=89.9443
[  27] idx= 1290 n=  2529 targets_identical=True max|Δ|=4.547e-13 scale-rel=2.029e-07 elem-rel=3.016e-07 MAPE tf=91.6299 torch=91.6299
[  28] idx=  213 n=  1730 targets_identical=True max|Δ|=3.411e-13 scale-rel=2.027e-07 elem-rel=2.717e-07 MAPE tf=93.1148 torch=93.1148
[  29] idx=  215 n=  4803 targets_identical=True max|Δ|=4.547e-13 scale-rel=2.023e-07 elem-rel=3.016e-07 MAPE tf=90.8283 torch=90.8283
[  30] idx=  226 n=  4608 targets_identical=True max|Δ|=6.821e-13 scale-rel=3.035e-07 elem-rel=3.044e-07 MAPE tf=90.8344 torch=90.8344
[  31] idx=  228 n=  3542 targets_identical=True max|Δ|=6.821e-13 scale-rel=3.035e-07 elem-rel=3.304e-07 MAPE tf=90.5529 torch=90.5529
[  32] idx=  245 n=  4707 targets_identical=True max|Δ|=4.547e-13 scale-rel=2.023e-07 elem-rel=2.692e-07 MAPE tf=90.6969 torch=90.6969
[  33] idx=  246 n=  1687 targets_identical=True max|Δ|=3.411e-13 scale-rel=2.027e-07 elem-rel=2.867e-07 MAPE tf=92.8997 torch=92.8997
[  34] idx= 2629 n=  3570 targets_identical=True max|Δ|=4.547e-13 scale-rel=2.029e-07 elem-rel=2.742e-07 MAPE tf=98.4158 torch=98.4158
[  35] idx= 2635 n=  3437 targets_identical=True max|Δ|=4.547e-13 scale-rel=1.629e-07 elem-rel=3.254e-07 MAPE tf=90.7003 torch=90.7003
[  36] idx= 2638 n=  1619 targets_identical=True max|Δ|=4.547e-13 scale-rel=2.036e-07 elem-rel=2.717e-07 MAPE tf=91.1541 torch=91.1541
[  37] idx= 2640 n=  4691 targets_identical=True max|Δ|=4.547e-13 scale-rel=2.023e-07 elem-rel=2.910e-07 MAPE tf=90.2403 torch=90.2403
[  38] idx= 2889 n=  4754 targets_identical=True max|Δ|=4.547e-13 scale-rel=2.023e-07 elem-rel=2.998e-07 MAPE tf=90.4817 torch=90.4817
[  39] idx=  308 n=  3559 targets_identical=True max|Δ|=4.547e-13 scale-rel=2.029e-07 elem-rel=3.016e-07 MAPE tf=91.0322 torch=91.0322
[  40] idx=  324 n=  3596 targets_identical=True max|Δ|=4.547e-13 scale-rel=2.681e-07 elem-rel=2.692e-07 MAPE tf=92.0142 torch=92.0142
[  41] idx=  539 n=  1708 targets_identical=True max|Δ|=4.547e-13 scale-rel=2.703e-07 elem-rel=3.016e-07 MAPE tf=91.8657 torch=91.8657
[  42] idx=  540 n=  3425 targets_identical=True max|Δ|=6.821e-13 scale-rel=3.044e-07 elem-rel=3.304e-07 MAPE tf=90.3930 torch=90.3930
[  43] idx=  554 n=  1710 targets_identical=True max|Δ|=3.411e-13 scale-rel=2.027e-07 elem-rel=2.867e-07 MAPE tf=92.3553 torch=92.3553
[  44] idx=  567 n=  1712 targets_identical=True max|Δ|=4.547e-13 scale-rel=2.703e-07 elem-rel=2.934e-07 MAPE tf=91.9190 torch=91.9190
[  45] idx=  570 n=  4769 targets_identical=True max|Δ|=4.547e-13 scale-rel=2.023e-07 elem-rel=2.934e-07 MAPE tf=90.7185 torch=90.7185
[  46] idx=  574 n=  3595 targets_identical=True max|Δ|=4.547e-13 scale-rel=2.029e-07 elem-rel=3.254e-07 MAPE tf=91.3766 torch=91.3766
[  47] idx=  657 n=  3562 targets_identical=True max|Δ|=4.547e-13 scale-rel=2.029e-07 elem-rel=2.910e-07 MAPE tf=90.8441 torch=90.8441
[  48] idx=  662 n=  3619 targets_identical=True max|Δ|=4.547e-13 scale-rel=2.029e-07 elem-rel=3.016e-07 MAPE tf=91.8504 torch=91.8504
[  49] idx=  665 n=  4766 targets_identical=True max|Δ|=5.684e-13 scale-rel=2.529e-07 elem-rel=3.365e-07 MAPE tf=89.5547 torch=89.5547
[  50] idx=  669 n=  3670 targets_identical=True max|Δ|=4.547e-13 scale-rel=2.029e-07 elem-rel=3.254e-07 MAPE tf=91.4627 torch=91.4627

===== L0 forward parity =====
  n_scenarios                  51
  n_predictions                174242
  all_targets_identical        True
  max_abs_diff                 6.821210263296962e-13
  worst_scale_rel_diff         3.0441653598741256e-07
  worst_elem_rel_diff          3.655698626398659e-07
  mape_tf                      91.04993343353271
  mape_torch                   91.04993343353271
  tf_seconds_per_scenario      5.979668902415855
  torch_seconds_per_scenario   2.120088909186569
  passed                       True
  gt_predictions               {'path': 'tensorflow_version_gt/results/trex_multiburst/RouteNetGauss/jitter/seed_2/predictions.npz', 'same_shape': True, 'tf_vs_gt_bit_identical': True, 'tf_vs_gt_max_abs_diff': 0.0, 'torch_vs_gt_max_abs_diff': 6.821210263296962e-13, 'targets_vs_gt_bit_identical': True}
  report -> pytorch_version_results/parity/l0_quick_trex_multiburst_jitter_seed2.json
